../Middlewares/Third_Party/wolfSSL_wolfSSL_wolfSSL/wolfssl/wolfcrypt/src/misc.c:323:26:ForceZero	0	static
../Middlewares/Third_Party/wolfSSL_wolfSSL_wolfSSL/wolfssl/wolfcrypt/src/misc.c:446:33:HexCharToByte	0	static
../Middlewares/Third_Party/wolfSSL_wolfSSL_wolfSSL/wolfssl/src/ssl.c:2902:12:isValidCurveGroup	0	static
../Middlewares/Third_Party/wolfSSL_wolfSSL_wolfSSL/wolfssl/src/ssl.c:4834:25:HashSigner	0	static
../Middlewares/Third_Party/wolfSSL_wolfSSL_wolfSSL/wolfssl/src/ssl.c:31835:14:OSSL_Malloc	0	static
../Middlewares/Third_Party/wolfSSL_wolfSSL_wolfSSL/wolfssl/src/ssl.c:31843:14:OSSL_Free	0	static
../Middlewares/Third_Party/wolfSSL_wolfSSL_wolfSSL/wolfssl/src/ssl.c:31849:14:OSSL_Realloc	4	static
../Middlewares/Third_Party/wolfSSL_wolfSSL_wolfSSL/wolfssl/src/ssl.c:33263:12:peek_ignore_err	0	static
../Middlewares/Third_Party/wolfSSL_wolfSSL_wolfSSL/wolfssl/src/conf.c:958:6:wolfSSL_X509V3_conf_free	16	static
../Middlewares/Third_Party/wolfSSL_wolfSSL_wolfSSL/wolfssl/wolfcrypt/src/evp.c:438:12:evpCipherBlock	8	static
../Middlewares/Third_Party/wolfSSL_wolfSSL_wolfSSL/wolfssl/src/ssl.c:10452:25:ModeToVerifyOptions	8	static
../Middlewares/Third_Party/wolfSSL_wolfSSL_wolfSSL/wolfssl/wolfcrypt/src/evp.c:8233:12:ECC_populate_EVP_PKEY	32	static
../Middlewares/Third_Party/wolfSSL_wolfSSL_wolfSSL/wolfssl/src/pk.c:649:12:wolfssl_der_length	24	static
../Middlewares/Third_Party/wolfSSL_wolfSSL_wolfSSL/wolfssl/src/ssl.c:30340:16:PushCertToDerBuffer	40	static
../Middlewares/Third_Party/wolfSSL_wolfSSL_wolfSSL/wolfssl/src/x509.c:2936:13:ExternalFreeX509	8	static
../Middlewares/Third_Party/wolfSSL_wolfSSL_wolfSSL/wolfssl/src/x509.c:2978:6:wolfSSL_X509_free	0	static
../Middlewares/Third_Party/wolfSSL_wolfSSL_wolfSSL/wolfssl/src/x509.c:12318:6:wolfSSL_X509_OBJECT_free	8	static
../Middlewares/Third_Party/wolfSSL_wolfSSL_wolfSSL/wolfssl/src/ssl.c:20343:7:wolfSSL_i2s_ASN1_STRING	32	static
../Middlewares/Third_Party/wolfSSL_wolfSSL_wolfSSL/wolfssl/src/ssl.c:27109:12:i2dProcessMembers	48	static
../Middlewares/Third_Party/wolfSSL_wolfSSL_wolfSSL/wolfssl/src/ssl.c:30147:16:wolfssl_obj2txt_numeric	32	static
../Middlewares/Third_Party/wolfSSL_wolfSSL_wolfSSL/wolfssl/src/ssl.c:34434:12:set_curves_list	64	static
../Middlewares/Third_Party/wolfSSL_wolfSSL_wolfSSL/wolfssl/src/ssl.c:36661:12:wolfSSL_BN_add_word_int	24	static
../Middlewares/Third_Party/wolfSSL_wolfSSL_wolfSSL/wolfssl/src/x509.c:9074:10:wolfSSL_X509_NAME_free	8	static
../Middlewares/Third_Party/wolfSSL_wolfSSL_wolfSSL/wolfssl/src/ssl.c:17548:12:Set_SSL_min_proto_version	0	static
../Middlewares/Third_Party/wolfSSL_wolfSSL_wolfSSL/wolfssl/wolfcrypt/src/evp.c:1171:21:cipherType	8	static
../Middlewares/Third_Party/wolfSSL_wolfSSL_wolfSSL/wolfssl/wolfcrypt/src/evp.c:3222:25:EvpMd2MacType	16	static
../Middlewares/Third_Party/wolfSSL_wolfSSL_wolfSSL/wolfssl/wolfcrypt/src/evp.c:5049:17:md_do_all_func	24	static
../Middlewares/Third_Party/wolfSSL_wolfSSL_wolfSSL/wolfssl/wolfcrypt/src/evp.c:422:12:fillBuff	16	static
../Middlewares/Third_Party/wolfSSL_wolfSSL_wolfSSL/wolfssl/src/ssl.c:23451:5:wolfSSL_PEM_def_callback	16	static
../Middlewares/Third_Party/wolfSSL_wolfSSL_wolfSSL/wolfssl/src/ssl.c:38784:12:wolfSSL_RAND_InitMutex	8	static
../Middlewares/Third_Party/wolfSSL_wolfSSL_wolfSSL/wolfssl/src/ssl.c:8875:12:check_cert_key.part.0	24	static
../Middlewares/Third_Party/wolfSSL_wolfSSL_wolfSSL/wolfssl/src/ssl.c:11859:12:wolfSSL_parse_cipher_list	120	static
../Middlewares/Third_Party/wolfSSL_wolfSSL_wolfSSL/wolfssl/src/x509.c:1076:12:asn1_string_copy_to_buffer.constprop	16	static
../Middlewares/Third_Party/wolfSSL_wolfSSL_wolfSSL/wolfssl/src/ssl.c:28499:12:populate_groups.part.0.constprop	32	static
../Middlewares/Third_Party/wolfSSL_wolfSSL_wolfSSL/wolfssl/wolfcrypt/src/evp.c:5843:18:AesSetKey_ex.constprop	32	static
../Middlewares/Third_Party/wolfSSL_wolfSSL_wolfSSL/wolfssl/src/conf.c:1477:28:wolfssl_conf_find_cmd.isra	32	static
../Middlewares/Third_Party/wolfSSL_wolfSSL_wolfSSL/wolfssl/src/conf.c:324:22:wolfSSL_CONF_VALUE_hash	0	static
../Middlewares/Third_Party/wolfSSL_wolfSSL_wolfSSL/wolfssl/src/ssl.c:17655:12:Set_SSL_max_proto_version	0	static
../Middlewares/Third_Party/wolfSSL_wolfSSL_wolfSSL/wolfssl/wolfcrypt/src/evp.c:193:5:wolfSSL_EVP_Cipher_key_length	8	static
../Middlewares/Third_Party/wolfSSL_wolfSSL_wolfSSL/wolfssl/wolfcrypt/src/evp.c:335:15:wolfSSL_EVP_CIPHER_CTX_mode	0	static
../Middlewares/Third_Party/wolfSSL_wolfSSL_wolfSSL/wolfssl/wolfcrypt/src/evp.c:341:15:wolfSSL_EVP_CIPHER_CTX_flags	0	static
../Middlewares/Third_Party/wolfSSL_wolfSSL_wolfSSL/wolfssl/wolfcrypt/src/evp.c:660:5:wolfSSL_EVP_CipherUpdate	40	static
../Middlewares/Third_Party/wolfSSL_wolfSSL_wolfSSL/wolfssl/wolfcrypt/src/evp.c:1112:5:wolfSSL_EVP_CIPHER_CTX_block_size	0	static
../Middlewares/Third_Party/wolfSSL_wolfSSL_wolfSSL/wolfssl/wolfcrypt/src/evp.c:1325:5:wolfSSL_EVP_CIPHER_block_size	8	static
../Middlewares/Third_Party/wolfSSL_wolfSSL_wolfSSL/wolfssl/wolfcrypt/src/evp.c:1406:15:WOLFSSL_CIPHER_mode	8	static
../Middlewares/Third_Party/wolfSSL_wolfSSL_wolfSSL/wolfssl/wolfcrypt/src/evp.c:1483:15:WOLFSSL_EVP_CIPHER_mode	8	static
../Middlewares/Third_Party/wolfSSL_wolfSSL_wolfSSL/wolfssl/wolfcrypt/src/evp.c:1489:6:wolfSSL_EVP_CIPHER_CTX_set_flags	0	static
../Middlewares/Third_Party/wolfSSL_wolfSSL_wolfSSL/wolfssl/wolfcrypt/src/evp.c:1496:6:wolfSSL_EVP_CIPHER_CTX_clear_flags	0	static
../Middlewares/Third_Party/wolfSSL_wolfSSL_wolfSSL/wolfssl/wolfcrypt/src/evp.c:1503:15:wolfSSL_EVP_CIPHER_flags	0	static
../Middlewares/Third_Party/wolfSSL_wolfSSL_wolfSSL/wolfssl/wolfcrypt/src/evp.c:1509:6:wolfSSL_EVP_CIPHER_CTX_set_padding	0	static
../Middlewares/Third_Party/wolfSSL_wolfSSL_wolfSSL/wolfssl/wolfcrypt/src/evp.c:1521:5:wolfSSL_EVP_add_digest	0	static
../Middlewares/Third_Party/wolfSSL_wolfSSL_wolfSSL/wolfssl/wolfcrypt/src/evp.c:1604:5:wolfSSL_EVP_PKEY_CTX_set_rsa_padding	0	static
../Middlewares/Third_Party/wolfSSL_wolfSSL_wolfSSL/wolfssl/wolfcrypt/src/evp.c:1619:5:wolfSSL_EVP_PKEY_CTX_set_signature_md	0	static
../Middlewares/Third_Party/wolfSSL_wolfSSL_wolfSSL/wolfssl/wolfcrypt/src/evp.c:1655:5:wolfSSL_EVP_PKEY_CTX_set_rsa_keygen_bits	0	static
../Middlewares/Third_Party/wolfSSL_wolfSSL_wolfSSL/wolfssl/wolfcrypt/src/evp.c:1695:5:wolfSSL_EVP_PKEY_CTX_ctrl_str	0	static
../Middlewares/Third_Party/wolfSSL_wolfSSL_wolfSSL/wolfssl/wolfcrypt/src/evp.c:1884:5:wolfSSL_EVP_PKEY_CTX_set_hkdf_md	0	static
../Middlewares/Third_Party/wolfSSL_wolfSSL_wolfSSL/wolfssl/wolfcrypt/src/evp.c:1905:5:wolfSSL_EVP_PKEY_CTX_set1_hkdf_salt	24	static
../Middlewares/Third_Party/wolfSSL_wolfSSL_wolfSSL/wolfssl/wolfcrypt/src/evp.c:1941:5:wolfSSL_EVP_PKEY_CTX_set1_hkdf_key	24	static
../Middlewares/Third_Party/wolfSSL_wolfSSL_wolfSSL/wolfssl/wolfcrypt/src/evp.c:1977:5:wolfSSL_EVP_PKEY_CTX_add1_hkdf_info	24	static
../Middlewares/Third_Party/wolfSSL_wolfSSL_wolfSSL/wolfssl/wolfcrypt/src/evp.c:2013:5:wolfSSL_EVP_PKEY_CTX_hkdf_mode	0	static
../Middlewares/Third_Party/wolfSSL_wolfSSL_wolfSSL/wolfssl/wolfcrypt/src/evp.c:2121:5:wolfSSL_EVP_PKEY_decrypt_init	0	static
../Middlewares/Third_Party/wolfSSL_wolfSSL_wolfSSL/wolfssl/wolfcrypt/src/evp.c:2225:5:wolfSSL_EVP_PKEY_encrypt_init	0	static
../Middlewares/Third_Party/wolfSSL_wolfSSL_wolfSSL/wolfssl/wolfcrypt/src/evp.c:2249:5:wolfSSL_EVP_PKEY_sign_init	0	static
../Middlewares/Third_Party/wolfSSL_wolfSSL_wolfSSL/wolfssl/wolfcrypt/src/evp.c:2412:5:wolfSSL_EVP_PKEY_verify_init	0	static
../Middlewares/Third_Party/wolfSSL_wolfSSL_wolfSSL/wolfssl/wolfcrypt/src/evp.c:2515:5:wolfSSL_EVP_PKEY_paramgen_init	0	static
../Middlewares/Third_Party/wolfSSL_wolfSSL_wolfSSL/wolfssl/wolfcrypt/src/evp.c:2521:5:wolfSSL_EVP_PKEY_CTX_set_ec_paramgen_curve_nid	0	static
../Middlewares/Third_Party/wolfSSL_wolfSSL_wolfSSL/wolfssl/wolfcrypt/src/evp.c:2613:5:wolfSSL_EVP_PKEY_CTX_set_ec_param_enc	0	static
../Middlewares/Third_Party/wolfSSL_wolfSSL_wolfSSL/wolfssl/wolfcrypt/src/evp.c:2621:5:wolfSSL_EVP_PKEY_keygen_init	0	static
../Middlewares/Third_Party/wolfSSL_wolfSSL_wolfSSL/wolfssl/wolfcrypt/src/evp.c:2897:5:wolfSSL_EVP_PKEY_missing_parameters	0	static
../Middlewares/Third_Party/wolfSSL_wolfSSL_wolfSSL/wolfssl/wolfcrypt/src/evp.c:3063:5:wolfSSL_EVP_PKEY_param_check	0	static
../Middlewares/Third_Party/wolfSSL_wolfSSL_wolfSSL/wolfssl/wolfcrypt/src/evp.c:3393:5:wolfSSL_EVP_add_cipher	0	static
../Middlewares/Third_Party/wolfSSL_wolfSSL_wolfSSL/wolfssl/wolfcrypt/src/evp.c:3485:22:wolfSSL_EVP_PKEY_get0_hmac	0	static
../Middlewares/Third_Party/wolfSSL_wolfSSL_wolfSSL/wolfssl/wolfcrypt/src/evp.c:4290:5:wolfSSL_EVP_CIPHER_nid	16	static
../Middlewares/Third_Party/wolfSSL_wolfSSL_wolfSSL/wolfssl/wolfcrypt/src/evp.c:4307:27:wolfSSL_EVP_get_cipherbyname	88	static
../Middlewares/Third_Party/wolfSSL_wolfSSL_wolfSSL/wolfssl/wolfcrypt/src/evp.c:4272:27:wolfSSL_EVP_CIPHER_CTX_cipher	0	static
../Middlewares/Third_Party/wolfSSL_wolfSSL_wolfSSL/wolfssl/wolfcrypt/src/evp.c:4404:27:wolfSSL_EVP_get_cipherbynid	0	static
../Middlewares/Third_Party/wolfSSL_wolfSSL_wolfSSL/wolfssl/wolfcrypt/src/evp.c:4501:6:wolfSSL_EVP_init	0	static
../Middlewares/Third_Party/wolfSSL_wolfSSL_wolfSSL/wolfssl/wolfcrypt/src/evp.c:4548:23:wolfSSL_EVP_get_digestbyname	32	static
../Middlewares/Third_Party/wolfSSL_wolfSSL_wolfSSL/wolfssl/wolfcrypt/src/evp.c:4584:5:wolfSSL_EVP_MD_type	16	static
../Middlewares/Third_Party/wolfSSL_wolfSSL_wolfSSL/wolfssl/wolfcrypt/src/evp.c:4652:10:wolfSSL_EVP_set_pw_prompt	0	static
../Middlewares/Third_Party/wolfSSL_wolfSSL_wolfSSL/wolfssl/wolfcrypt/src/evp.c:4660:27:wolfSSL_EVP_mdc2	0	static
../Middlewares/Third_Party/wolfSSL_wolfSSL_wolfSSL/wolfssl/wolfcrypt/src/evp.c:4686:27:wolfSSL_EVP_sha256	0	static
../Middlewares/Third_Party/wolfSSL_wolfSSL_wolfSSL/wolfssl/wolfcrypt/src/evp.c:4807:9:wolfSSL_EVP_MD_CTX_type	0	static
../Middlewares/Third_Party/wolfSSL_wolfSSL_wolfSSL/wolfssl/wolfcrypt/src/evp.c:4995:10:wolfSSL_EVP_MD_CTX_init	0	static
../Middlewares/Third_Party/wolfSSL_wolfSSL_wolfSSL/wolfssl/wolfcrypt/src/evp.c:4785:25:wolfSSL_EVP_MD_CTX_new	8	static
../Middlewares/Third_Party/wolfSSL_wolfSSL_wolfSSL/wolfssl/wolfcrypt/src/evp.c:5001:27:wolfSSL_EVP_MD_CTX_md	8	static
../Middlewares/Third_Party/wolfSSL_wolfSSL_wolfSSL/wolfssl/wolfcrypt/src/evp.c:5095:10:wolfSSL_OBJ_NAME_do_all	16	static
../Middlewares/Third_Party/wolfSSL_wolfSSL_wolfSSL/wolfssl/wolfcrypt/src/evp.c:5077:10:wolfSSL_EVP_MD_do_all	16	static
../Middlewares/Third_Party/wolfSSL_wolfSSL_wolfSSL/wolfssl/wolfcrypt/src/evp.c:5126:31:wolfSSL_EVP_aes_128_cbc	0	static
../Middlewares/Third_Party/wolfSSL_wolfSSL_wolfSSL/wolfssl/wolfcrypt/src/evp.c:5135:31:wolfSSL_EVP_aes_192_cbc	0	static
../Middlewares/Third_Party/wolfSSL_wolfSSL_wolfSSL/wolfssl/wolfcrypt/src/evp.c:5144:31:wolfSSL_EVP_aes_256_cbc	0	static
../Middlewares/Third_Party/wolfSSL_wolfSSL_wolfSSL/wolfssl/wolfcrypt/src/evp.c:5391:31:wolfSSL_EVP_chacha20_poly1305	0	static
../Middlewares/Third_Party/wolfSSL_wolfSSL_wolfSSL/wolfssl/wolfcrypt/src/evp.c:5399:31:wolfSSL_EVP_chacha20	0	static
../Middlewares/Third_Party/wolfSSL_wolfSSL_wolfSSL/wolfssl/wolfcrypt/src/evp.c:5406:31:wolfSSL_EVP_enc_null	0	static
../Middlewares/Third_Party/wolfSSL_wolfSSL_wolfSSL/wolfssl/wolfcrypt/src/evp.c:5515:10:wolfSSL_EVP_CIPHER_CTX_init	8	static
../Middlewares/Third_Party/wolfSSL_wolfSSL_wolfSSL/wolfssl/wolfcrypt/src/evp.c:302:25:wolfSSL_EVP_CIPHER_CTX_new	8	static
../Middlewares/Third_Party/wolfSSL_wolfSSL_wolfSSL/wolfssl/wolfcrypt/src/evp.c:5722:9:wolfSSL_EVP_CIPHER_CTX_cleanup	8	static
../Middlewares/Third_Party/wolfSSL_wolfSSL_wolfSSL/wolfssl/wolfcrypt/src/evp.c:313:6:wolfSSL_EVP_CIPHER_CTX_free	8	static
../Middlewares/Third_Party/wolfSSL_wolfSSL_wolfSSL/wolfssl/wolfcrypt/src/evp.c:322:5:wolfSSL_EVP_CIPHER_CTX_reset	8	static
../Middlewares/Third_Party/wolfSSL_wolfSSL_wolfSSL/wolfssl/wolfcrypt/src/evp.c:6912:9:wolfSSL_EVP_CIPHER_CTX_nid	8	static
../Middlewares/Third_Party/wolfSSL_wolfSSL_wolfSSL/wolfssl/wolfcrypt/src/evp.c:6993:9:wolfSSL_EVP_CIPHER_CTX_key_length	0	static
../Middlewares/Third_Party/wolfSSL_wolfSSL_wolfSSL/wolfssl/wolfcrypt/src/evp.c:7003:9:wolfSSL_EVP_CIPHER_CTX_set_key_length	0	static
../Middlewares/Third_Party/wolfSSL_wolfSSL_wolfSSL/wolfssl/wolfcrypt/src/evp.c:7017:9:wolfSSL_EVP_CIPHER_CTX_set_iv_length	0	static
../Middlewares/Third_Party/wolfSSL_wolfSSL_wolfSSL/wolfssl/wolfcrypt/src/evp.c:7630:10:wolfSSL_EVP_cleanup	0	static
../Middlewares/Third_Party/wolfSSL_wolfSSL_wolfSSL/wolfssl/wolfcrypt/src/evp.c:7635:23:wolfSSL_EVP_get_digestbynid	0	static
../Middlewares/Third_Party/wolfSSL_wolfSSL_wolfSSL/wolfssl/wolfcrypt/src/evp.c:7813:14:wolfSSL_EVP_PKEY_get0_RSA	0	static
../Middlewares/Third_Party/wolfSSL_wolfSSL_wolfSSL/wolfssl/wolfcrypt/src/evp.c:7998:17:wolfSSL_EVP_PKEY_get0_EC_KEY	0	static
../Middlewares/Third_Party/wolfSSL_wolfSSL_wolfSSL/wolfssl/wolfcrypt/src/evp.c:8339:7:wolfSSL_EVP_X_STATE	0	static
../Middlewares/Third_Party/wolfSSL_wolfSSL_wolfSSL/wolfssl/wolfcrypt/src/evp.c:8378:23:wolfSSL_EVP_ripemd160	0	static
../Middlewares/Third_Party/wolfSSL_wolfSSL_wolfSSL/wolfssl/wolfcrypt/src/evp.c:8387:5:wolfSSL_EVP_MD_block_size	8	static
../Middlewares/Third_Party/wolfSSL_wolfSSL_wolfSSL/wolfssl/wolfcrypt/src/evp.c:4841:9:wolfSSL_EVP_MD_CTX_block_size	8	static
../Middlewares/Third_Party/wolfSSL_wolfSSL_wolfSSL/wolfssl/wolfcrypt/src/evp.c:8457:5:wolfSSL_EVP_MD_size	8	static
../Middlewares/Third_Party/wolfSSL_wolfSSL_wolfSSL/wolfssl/wolfcrypt/src/evp.c:4837:9:wolfSSL_EVP_MD_CTX_size	8	static
../Middlewares/Third_Party/wolfSSL_wolfSSL_wolfSSL/wolfssl/wolfcrypt/src/evp.c:8537:5:wolfSSL_EVP_MD_pkey_type	8	static
../Middlewares/Third_Party/wolfSSL_wolfSSL_wolfSSL/wolfssl/wolfcrypt/src/evp.c:8571:5:wolfSSL_EVP_CIPHER_CTX_iv_length	0	static
../Middlewares/Third_Party/wolfSSL_wolfSSL_wolfSSL/wolfssl/wolfcrypt/src/evp.c:7055:9:wolfSSL_EVP_CIPHER_CTX_get_iv	16	static
../Middlewares/Third_Party/wolfSSL_wolfSSL_wolfSSL/wolfssl/wolfcrypt/src/evp.c:8672:5:wolfSSL_EVP_CIPHER_iv_length	8	static
../Middlewares/Third_Party/wolfSSL_wolfSSL_wolfSSL/wolfssl/wolfcrypt/src/evp.c:8760:5:wolfSSL_EVP_X_STATE_LEN	0	static
../Middlewares/Third_Party/wolfSSL_wolfSSL_wolfSSL/wolfssl/wolfcrypt/src/evp.c:8786:5:wolfSSL_EVP_PKEY_type	0	static
../Middlewares/Third_Party/wolfSSL_wolfSSL_wolfSSL/wolfssl/wolfcrypt/src/evp.c:8805:5:wolfSSL_EVP_PKEY_id	0	static
../Middlewares/Third_Party/wolfSSL_wolfSSL_wolfSSL/wolfssl/wolfcrypt/src/evp.c:8813:5:wolfSSL_EVP_PKEY_base_id	0	static
../Middlewares/Third_Party/wolfSSL_wolfSSL_wolfSSL/wolfssl/wolfcrypt/src/evp.c:8820:5:wolfSSL_EVP_PKEY_get_default_digest_nid	0	static
../Middlewares/Third_Party/wolfSSL_wolfSSL_wolfSSL/wolfssl/wolfcrypt/src/evp.c:8860:30:wolfSSL_EVP_PKEY2PKCS8	0	static
../Middlewares/Third_Party/wolfSSL_wolfSSL_wolfSSL/wolfssl/wolfcrypt/src/evp.c:8867:5:wolfSSL_EVP_PKEY_up_ref	0	static
../Middlewares/Third_Party/wolfSSL_wolfSSL_wolfSSL/wolfssl/wolfcrypt/src/evp.c:1564:23:wolfSSL_EVP_PKEY_CTX_new	16	static
../Middlewares/Third_Party/wolfSSL_wolfSSL_wolfSSL/wolfssl/wolfcrypt/src/evp.c:10138:5:wolfSSL_EVP_get_hashinfo	16	static
../Middlewares/Third_Party/wolfSSL_wolfSSL_wolfSSL/wolfssl/wolfcrypt/src/evp.c:4507:5:wolfSSL_EVP_Digest	40	static
../Middlewares/Third_Party/wolfSSL_wolfSSL_wolfSSL/wolfssl/wolfcrypt/src/evp.c:10248:32:wolfSSL_EVP_ENCODE_CTX_new	8	static
../Middlewares/Third_Party/wolfSSL_wolfSSL_wolfSSL/wolfssl/wolfcrypt/src/evp.c:10275:5:wolfSSL_EVP_EncodeBlock	16	static
../Middlewares/Third_Party/wolfSSL_wolfSSL_wolfSSL/wolfssl/wolfcrypt/src/evp.c:10291:5:wolfSSL_EVP_DecodeBlock	16	static
../Middlewares/Third_Party/wolfSSL_wolfSSL_wolfSSL/wolfssl/wolfcrypt/src/evp.c:10310:6:wolfSSL_EVP_EncodeInit	0	static
../Middlewares/Third_Party/wolfSSL_wolfSSL_wolfSSL/wolfssl/wolfcrypt/src/evp.c:10326:6:wolfSSL_EVP_EncodeUpdate	48	static
../Middlewares/Third_Party/wolfSSL_wolfSSL_wolfSSL/wolfssl/wolfcrypt/src/evp.c:10399:6:wolfSSL_EVP_EncodeFinal	24	static
../Middlewares/Third_Party/wolfSSL_wolfSSL_wolfSSL/wolfssl/wolfcrypt/src/evp.c:10437:6:wolfSSL_EVP_DecodeInit	0	static
../Middlewares/Third_Party/wolfSSL_wolfSSL_wolfSSL/wolfssl/wolfcrypt/src/evp.c:10453:6:wolfSSL_EVP_DecodeUpdate	48	static
../Middlewares/Third_Party/wolfSSL_wolfSSL_wolfSSL/wolfssl/wolfcrypt/src/evp.c:10653:6:wolfSSL_EVP_DecodeFinal	40	static
../Middlewares/Third_Party/wolfSSL_wolfSSL_wolfSSL/wolfssl/src/pk.c:683:9:wolfssl_make_rng	16	static
../Middlewares/Third_Party/wolfSSL_wolfSSL_wolfSSL/wolfssl/src/pk.c:746:21:wolfSSL_RSA_meth_new	24	static
../Middlewares/Third_Party/wolfSSL_wolfSSL_wolfSSL/wolfssl/src/pk.c:785:27:wolfSSL_RSA_get_default_method	0	static
../Middlewares/Third_Party/wolfSSL_wolfSSL_wolfSSL/wolfssl/src/pk.c:799:6:wolfSSL_RSA_meth_free	8	static
../Middlewares/Third_Party/wolfSSL_wolfSSL_wolfSSL/wolfssl/src/pk.c:819:5:wolfSSL_RSA_meth_set	0	static
../Middlewares/Third_Party/wolfSSL_wolfSSL_wolfSSL/wolfssl/src/pk.c:1046:5:wolfSSL_RSA_up_ref	0	static
../Middlewares/Third_Party/wolfSSL_wolfSSL_wolfSSL/wolfssl/wolfcrypt/src/evp.c:7823:14:wolfSSL_EVP_PKEY_get1_RSA	8	static
../Middlewares/Third_Party/wolfSSL_wolfSSL_wolfSSL/wolfssl/src/pk.c:2624:5:wolfSSL_RSA_set_method	0	static
../Middlewares/Third_Party/wolfSSL_wolfSSL_wolfSSL/wolfssl/src/pk.c:2642:27:wolfSSL_RSA_get_method	0	static
../Middlewares/Third_Party/wolfSSL_wolfSSL_wolfSSL/wolfssl/src/pk.c:2705:6:wolfSSL_RSA_get0_crt_params	8	static
../Middlewares/Third_Party/wolfSSL_wolfSSL_wolfSSL/wolfssl/src/pk.c:2780:6:wolfSSL_RSA_get0_factors	0	static
../Middlewares/Third_Party/wolfSSL_wolfSSL_wolfSSL/wolfssl/src/pk.c:2846:6:wolfSSL_RSA_get0_key	8	static
../Middlewares/Third_Party/wolfSSL_wolfSSL_wolfSSL/wolfssl/src/pk.c:2921:5:wolfSSL_RSA_flags	0	static
../Middlewares/Third_Party/wolfSSL_wolfSSL_wolfSSL/wolfssl/src/pk.c:2938:6:wolfSSL_RSA_set_flags	0	static
../Middlewares/Third_Party/wolfSSL_wolfSSL_wolfSSL/wolfssl/src/pk.c:2951:6:wolfSSL_RSA_clear_flags	0	static
../Middlewares/Third_Party/wolfSSL_wolfSSL_wolfSSL/wolfssl/src/pk.c:2965:5:wolfSSL_RSA_test_flags	0	static
../Middlewares/Third_Party/wolfSSL_wolfSSL_wolfSSL/wolfssl/src/pk.c:2978:7:wolfSSL_RSA_get_ex_data	0	static
../Middlewares/Third_Party/wolfSSL_wolfSSL_wolfSSL/wolfssl/src/pk.c:3001:5:wolfSSL_RSA_set_ex_data	0	static
../Middlewares/Third_Party/wolfSSL_wolfSSL_wolfSSL/wolfssl/src/pk.c:3094:9:WOLFSSL_RSA_GetRNG	16	static
../Middlewares/Third_Party/wolfSSL_wolfSSL_wolfSSL/wolfssl/src/pk.c:3292:5:wolfSSL_RSA_generate_key_ex	8	static
../Middlewares/Third_Party/wolfSSL_wolfSSL_wolfSSL/wolfssl/src/pk.c:4479:5:wolfSSL_RSA_GenAdd	16	static
../Middlewares/Third_Party/wolfSSL_wolfSSL_wolfSSL/wolfssl/src/pk.c:4569:5:wolfSSL_RSA_blinding_on	0	static
../Middlewares/Third_Party/wolfSSL_wolfSSL_wolfSSL/wolfssl/src/pk.c:9077:19:wolfSSL_EC_KEY_get0_public_key	0	static
../Middlewares/Third_Party/wolfSSL_wolfSSL_wolfSSL/wolfssl/src/pk.c:9089:25:wolfSSL_EC_KEY_get0_group	0	static
../Middlewares/Third_Party/wolfSSL_wolfSSL_wolfSSL/wolfssl/src/pk.c:9189:13:wolfSSL_EC_curve_nid2nist	0	static
../Middlewares/Third_Party/wolfSSL_wolfSSL_wolfSSL/wolfssl/src/pk.c:9205:5:wolfSSL_EC_curve_nist2nid	16	static
../Middlewares/Third_Party/wolfSSL_wolfSSL_wolfSSL/wolfssl/src/pk.c:9349:5:wolfSSL_EC_KEY_up_ref	0	static
../Middlewares/Third_Party/wolfSSL_wolfSSL_wolfSSL/wolfssl/src/pk.c:9471:6:wolfSSL_EC_KEY_set_asn1_flag	0	static
../Middlewares/Third_Party/wolfSSL_wolfSSL_wolfSSL/wolfssl/src/pk.c:9656:5:wolfSSL_ECDSA_verify	24	static
../Middlewares/Third_Party/wolfSSL_wolfSSL_wolfSSL/wolfssl/src/pk.c:9685:7:wolfSSL_EC_POINT_point2hex	32	static
../Middlewares/Third_Party/wolfSSL_wolfSSL_wolfSSL/wolfssl/src/pk.c:9745:6:wolfSSL_EC_POINT_dump	0	static
../Middlewares/Third_Party/wolfSSL_wolfSSL_wolfSSL/wolfssl/src/pk.c:9782:5:wolfSSL_EC_GROUP_cmp	0	static
../Middlewares/Third_Party/wolfSSL_wolfSSL_wolfSSL/wolfssl/src/pk.c:9812:26:wolfSSL_EC_GROUP_method_of	0	static
../Middlewares/Third_Party/wolfSSL_wolfSSL_wolfSSL/wolfssl/src/pk.c:9818:5:wolfSSL_EC_METHOD_get_field_type	0	static
../Middlewares/Third_Party/wolfSSL_wolfSSL_wolfSSL/wolfssl/src/pk.c:9837:6:wolfSSL_EC_GROUP_set_asn1_flag	0	static
../Middlewares/Third_Party/wolfSSL_wolfSSL_wolfSSL/wolfssl/src/pk.c:9850:5:wolfSSL_EC_GROUP_get_curve_name	8	static
../Middlewares/Third_Party/wolfSSL_wolfSSL_wolfSSL/wolfssl/src/pk.c:9870:5:wolfSSL_EC_GROUP_get_degree	8	static
../Middlewares/Third_Party/wolfSSL_wolfSSL_wolfSSL/wolfssl/src/pk.c:9970:5:NIDToEccEnum	0	static
../Middlewares/Third_Party/wolfSSL_wolfSSL_wolfSSL/wolfssl/src/pk.c:9932:19:wolfSSL_EC_GROUP_new_by_curve_name	16	static
../Middlewares/Third_Party/wolfSSL_wolfSSL_wolfSSL/wolfssl/src/pk.c:9802:19:wolfSSL_EC_GROUP_dup	0	static
../Middlewares/Third_Party/wolfSSL_wolfSSL_wolfSSL/wolfssl/src/pk.c:10035:5:wolfSSL_EC_GROUP_order_bits	16	static
../Middlewares/Third_Party/wolfSSL_wolfSSL_wolfSSL/wolfssl/src/pk.c:9578:5:wolfSSL_ECDSA_size	8	static
../Middlewares/Third_Party/wolfSSL_wolfSSL_wolfSSL/wolfssl/src/pk.c:10078:5:wolfSSL_EC_GROUP_get_order	16	static
../Middlewares/Third_Party/wolfSSL_wolfSSL_wolfSSL/wolfssl/src/pk.c:10433:6:wolfSSL_EC_KEY_set_conv_form	0	static
../Middlewares/Third_Party/wolfSSL_wolfSSL_wolfSSL/wolfssl/src/pk.c:10446:25:wolfSSL_EC_KEY_get_conv_form	0	static
../Middlewares/Third_Party/wolfSSL_wolfSSL_wolfSSL/wolfssl/src/pk.c:10514:19:wolfSSL_EC_POINT_new	16	static
../Middlewares/Third_Party/wolfSSL_wolfSSL_wolfSSL/wolfssl/src/pk.c:11076:5:wolfSSL_EC_POINT_cmp	8	static
../Middlewares/Third_Party/wolfSSL_wolfSSL_wolfSSL/wolfssl/src/pk.c:11255:6:wolfSSL_ECDSA_SIG_get0	0	static
../Middlewares/Third_Party/wolfSSL_wolfSSL_wolfSSL/wolfssl/src/pk.c:11511:5:wolfSSL_i2d_ECDSA_SIG	32	static
../Middlewares/Third_Party/wolfSSL_wolfSSL_wolfSSL/wolfssl/src/ssl.c:567:5:wolfSSL_CTX_up_ref	8	static
../Middlewares/Third_Party/wolfSSL_wolfSSL_wolfSSL/wolfssl/src/ssl.c:574:6:wolfSSL_CTX_free	0	static
../Middlewares/Third_Party/wolfSSL_wolfSSL_wolfSSL/wolfssl/src/ssl.c:606:5:wolfSSL_CTX_AllowEncryptThenMac	0	static
../Middlewares/Third_Party/wolfSSL_wolfSSL_wolfSSL/wolfssl/src/ssl.c:620:5:wolfSSL_AllowEncryptThenMac	0	static
../Middlewares/Third_Party/wolfSSL_wolfSSL_wolfSSL/wolfssl/src/ssl.c:630:5:wolfSSL_CTX_new_rng	16	static
../Middlewares/Third_Party/wolfSSL_wolfSSL_wolfSSL/wolfssl/src/ssl.c:661:10:wolfSSL_new	16	static
../Middlewares/Third_Party/wolfSSL_wolfSSL_wolfSSL/wolfssl/src/ssl.c:686:6:wolfSSL_free	0	static
../Middlewares/Third_Party/wolfSSL_wolfSSL_wolfSSL/wolfssl/src/ssl.c:695:5:wolfSSL_is_server	0	static
../Middlewares/Third_Party/wolfSSL_wolfSSL_wolfSSL/wolfssl/src/ssl.c:873:5:wolfSSL_use_old_poly	0	static
../Middlewares/Third_Party/wolfSSL_wolfSSL_wolfSSL/wolfssl/src/ssl.c:891:5:wolfSSL_set_fd	0	static
../Middlewares/Third_Party/wolfSSL_wolfSSL_wolfSSL/wolfssl/src/ssl.c:929:5:wolfSSL_set_read_fd	0	static
../Middlewares/Third_Party/wolfSSL_wolfSSL_wolfSSL/wolfssl/src/ssl.c:953:5:wolfSSL_set_write_fd	0	static
../Middlewares/Third_Party/wolfSSL_wolfSSL_wolfSSL/wolfssl/src/ssl.c:980:7:wolfSSL_get_cipher_list	16	static
../Middlewares/Third_Party/wolfSSL_wolfSSL_wolfSSL/wolfssl/src/ssl.c:995:7:wolfSSL_get_cipher_list_ex	8	static
../Middlewares/Third_Party/wolfSSL_wolfSSL_wolfSSL/wolfssl/src/ssl.c:1019:5:wolfSSL_get_ciphers	56	static
../Middlewares/Third_Party/wolfSSL_wolfSSL_wolfSSL/wolfssl/src/ssl.c:1052:5:wolfSSL_get_ciphers_iana	56	static
../Middlewares/Third_Party/wolfSSL_wolfSSL_wolfSSL/wolfssl/src/ssl.c:1087:13:wolfSSL_get_shared_ciphers	24	static
../Middlewares/Third_Party/wolfSSL_wolfSSL_wolfSSL/wolfssl/src/ssl.c:1100:5:wolfSSL_get_fd	0	static
../Middlewares/Third_Party/wolfSSL_wolfSSL_wolfSSL/wolfssl/src/ssl.c:1112:5:wolfSSL_dtls	0	static
../Middlewares/Third_Party/wolfSSL_wolfSSL_wolfSSL/wolfssl/src/ssl.c:1129:5:wolfSSL_CTX_mutual_auth	0	static
../Middlewares/Third_Party/wolfSSL_wolfSSL_wolfSSL/wolfssl/src/ssl.c:1149:5:wolfSSL_mutual_auth	0	static
../Middlewares/Third_Party/wolfSSL_wolfSSL_wolfSSL/wolfssl/src/ssl.c:1243:5:wolfSSL_dtls_set_peer	0	static
../Middlewares/Third_Party/wolfSSL_wolfSSL_wolfSSL/wolfssl/src/ssl.c:1283:5:wolfSSL_dtls_get_peer	0	static
../Middlewares/Third_Party/wolfSSL_wolfSSL_wolfSSL/wolfssl/src/ssl.c:1852:9:wolfSSL_GetRNG	0	static
../Middlewares/Third_Party/wolfSSL_wolfSSL_wolfSSL/wolfssl/src/ssl.c:1864:5:wolfSSL_GetObjectSize	0	static
../Middlewares/Third_Party/wolfSSL_wolfSSL_wolfSSL/wolfssl/src/ssl.c:1918:5:wolfSSL_CTX_GetObjectSize	0	static
../Middlewares/Third_Party/wolfSSL_wolfSSL_wolfSSL/wolfssl/src/ssl.c:1923:5:wolfSSL_METHOD_GetObjectSize	0	static
../Middlewares/Third_Party/wolfSSL_wolfSSL_wolfSSL/wolfssl/src/ssl.c:2050:5:wolfSSL_GetMaxOutputSize	0	static
../Middlewares/Third_Party/wolfSSL_wolfSSL_wolfSSL/wolfssl/src/ssl.c:2067:5:wolfSSL_GetOutputSize	40	static
../Middlewares/Third_Party/wolfSSL_wolfSSL_wolfSSL/wolfssl/src/ssl.c:2087:5:wolfSSL_CTX_SetMinEccKey_Sz	0	static
../Middlewares/Third_Party/wolfSSL_wolfSSL_wolfSSL/wolfssl/src/ssl.c:2102:5:wolfSSL_SetMinEccKey_Sz	0	static
../Middlewares/Third_Party/wolfSSL_wolfSSL_wolfSSL/wolfssl/src/ssl.c:2116:5:wolfSSL_CTX_SetMinRsaKey_Sz	0	static
../Middlewares/Third_Party/wolfSSL_wolfSSL_wolfSSL/wolfssl/src/ssl.c:2129:5:wolfSSL_SetMinRsaKey_Sz	0	static
../Middlewares/Third_Party/wolfSSL_wolfSSL_wolfSSL/wolfssl/src/ssl.c:2419:5:wolfSSL_write	16	static
../Middlewares/Third_Party/wolfSSL_wolfSSL_wolfSSL/wolfssl/src/ssl.c:2587:5:wolfSSL_peek	8	static
../Middlewares/Third_Party/wolfSSL_wolfSSL_wolfSSL/wolfssl/src/ssl.c:2596:5:wolfSSL_read	16	static
../Middlewares/Third_Party/wolfSSL_wolfSSL_wolfSSL/wolfssl/src/ssl.c:2635:5:wolfSSL_SetDevId	0	static
../Middlewares/Third_Party/wolfSSL_wolfSSL_wolfSSL/wolfssl/src/ssl.c:2646:5:wolfSSL_CTX_SetDevId	0	static
../Middlewares/Third_Party/wolfSSL_wolfSSL_wolfSSL/wolfssl/src/ssl.c:2658:5:wolfSSL_CTX_GetDevId	0	static
../Middlewares/Third_Party/wolfSSL_wolfSSL_wolfSSL/wolfssl/src/ssl.c:2667:7:wolfSSL_CTX_GetHeap	0	static
../Middlewares/Third_Party/wolfSSL_wolfSSL_wolfSSL/wolfssl/src/ssl.c:2681:5:wolfSSL_UseSNI	16	static
../Middlewares/Third_Party/wolfSSL_wolfSSL_wolfSSL/wolfssl/src/ssl.c:2691:5:wolfSSL_CTX_UseSNI	16	static
../Middlewares/Third_Party/wolfSSL_wolfSSL_wolfSSL/wolfssl/src/ssl.c:2702:6:wolfSSL_SNI_SetOptions	0	static
../Middlewares/Third_Party/wolfSSL_wolfSSL_wolfSSL/wolfssl/src/ssl.c:2709:6:wolfSSL_CTX_SNI_SetOptions	0	static
../Middlewares/Third_Party/wolfSSL_wolfSSL_wolfSSL/wolfssl/src/ssl.c:2716:6:wolfSSL_SNI_Status	0	static
../Middlewares/Third_Party/wolfSSL_wolfSSL_wolfSSL/wolfssl/src/ssl.c:2722:8:wolfSSL_SNI_GetRequest	0	static
../Middlewares/Third_Party/wolfSSL_wolfSSL_wolfSSL/wolfssl/src/ssl.c:2734:5:wolfSSL_SNI_GetFromBuffer	12	static
../Middlewares/Third_Party/wolfSSL_wolfSSL_wolfSSL/wolfssl/src/ssl.c:2945:5:wolfSSL_UseSupportedCurve	8	static
../Middlewares/Third_Party/wolfSSL_wolfSSL_wolfSSL/wolfssl/src/ssl.c:2959:5:wolfSSL_CTX_UseSupportedCurve	8	static
../Middlewares/Third_Party/wolfSSL_wolfSSL_wolfSSL/wolfssl/src/ssl.c:3565:5:wolfSSL_CTX_DisableExtendedMasterSecret	0	static
../Middlewares/Third_Party/wolfSSL_wolfSSL_wolfSSL/wolfssl/src/ssl.c:3576:5:wolfSSL_DisableExtendedMasterSecret	0	static
../Middlewares/Third_Party/wolfSSL_wolfSSL_wolfSSL/wolfssl/src/ssl.c:3592:5:wolfSSL_send	16	static
../Middlewares/Third_Party/wolfSSL_wolfSSL_wolfSSL/wolfssl/src/ssl.c:3614:5:wolfSSL_recv	16	static
../Middlewares/Third_Party/wolfSSL_wolfSSL_wolfSSL/wolfssl/src/ssl.c:3711:5:wolfSSL_state	0	static
../Middlewares/Third_Party/wolfSSL_wolfSSL_wolfSSL/wolfssl/src/ssl.c:3722:5:wolfSSL_get_error	0	static
../Middlewares/Third_Party/wolfSSL_wolfSSL_wolfSSL/wolfssl/src/ssl.c:3745:5:wolfSSL_get_alert_history	8	static
../Middlewares/Third_Party/wolfSSL_wolfSSL_wolfSSL/wolfssl/src/ssl.c:3755:5:wolfSSL_want	0	static
../Middlewares/Third_Party/wolfSSL_wolfSSL_wolfSSL/wolfssl/src/ssl.c:3769:5:wolfSSL_want_read	0	static
../Middlewares/Third_Party/wolfSSL_wolfSSL_wolfSSL/wolfssl/src/ssl.c:3780:5:wolfSSL_want_write	0	static
../Middlewares/Third_Party/wolfSSL_wolfSSL_wolfSSL/wolfssl/src/ssl.c:3790:7:wolfSSL_ERR_error_string	8	static
../Middlewares/Third_Party/wolfSSL_wolfSSL_wolfSSL/wolfssl/src/ssl.c:3806:6:wolfSSL_ERR_error_string_n	96	static
../Middlewares/Third_Party/wolfSSL_wolfSSL_wolfSSL/wolfssl/src/ssl.c:3825:6:wolfSSL_KeepArrays	0	static
../Middlewares/Third_Party/wolfSSL_wolfSSL_wolfSSL/wolfssl/src/ssl.c:3833:6:wolfSSL_FreeArrays	0	static
../Middlewares/Third_Party/wolfSSL_wolfSSL_wolfSSL/wolfssl/src/ssl.c:3847:5:wolfSSL_KeepHandshakeResources	0	static
../Middlewares/Third_Party/wolfSSL_wolfSSL_wolfSSL/wolfssl/src/ssl.c:3862:5:wolfSSL_FreeHandshakeResources	8	static
../Middlewares/Third_Party/wolfSSL_wolfSSL_wolfSSL/wolfssl/src/ssl.c:3877:5:wolfSSL_CTX_UseClientSuites	0	static
../Middlewares/Third_Party/wolfSSL_wolfSSL_wolfSSL/wolfssl/src/ssl.c:3892:5:wolfSSL_UseClientSuites	0	static
../Middlewares/Third_Party/wolfSSL_wolfSSL_wolfSSL/wolfssl/src/ssl.c:3953:13:wolfSSL_GetMacSecret	0	static
../Middlewares/Third_Party/wolfSSL_wolfSSL_wolfSSL/wolfssl/src/ssl.c:3972:5:wolfSSL_GetSide	0	static
../Middlewares/Third_Party/wolfSSL_wolfSSL_wolfSSL/wolfssl/src/ssl.c:4254:23:wolfSSL_CTX_GetCertManager	0	static
../Middlewares/Third_Party/wolfSSL_wolfSSL_wolfSSL/wolfssl/src/ssl.c:4324:6:wolfSSL_CertManagerFree	8	static
../Middlewares/Third_Party/wolfSSL_wolfSSL_wolfSSL/wolfssl/src/ssl.c:4262:23:wolfSSL_CertManagerNew_ex	16	static
../Middlewares/Third_Party/wolfSSL_wolfSSL_wolfSSL/wolfssl/src/ssl.c:4318:23:wolfSSL_CertManagerNew	0	static
../Middlewares/Third_Party/wolfSSL_wolfSSL_wolfSSL/wolfssl/src/ssl.c:4375:5:wolfSSL_CertManager_up_ref	0	static
../Middlewares/Third_Party/wolfSSL_wolfSSL_wolfSSL/wolfssl/src/ssl.c:4511:5:wolfSSL_CertManagerUnloadCAs	16	static
../Middlewares/Third_Party/wolfSSL_wolfSSL_wolfSSL/wolfssl/src/ssl.c:4583:5:wolfSSL_pending	0	static
../Middlewares/Third_Party/wolfSSL_wolfSSL_wolfSSL/wolfssl/src/ssl.c:4592:5:wolfSSL_has_pending	0	static
../Middlewares/Third_Party/wolfSSL_wolfSSL_wolfSSL/wolfssl/src/ssl.c:4603:5:wolfSSL_CTX_set_group_messages	0	static
../Middlewares/Third_Party/wolfSSL_wolfSSL_wolfSSL/wolfssl/src/ssl.c:4635:5:wolfSSL_set_group_messages	0	static
../Middlewares/Third_Party/wolfSSL_wolfSSL_wolfSSL/wolfssl/src/ssl.c:4709:5:wolfSSL_CTX_SetMinVersion	0	static
../Middlewares/Third_Party/wolfSSL_wolfSSL_wolfSSL/wolfssl/src/ssl.c:4723:5:wolfSSL_SetMinVersion	0	static
../Middlewares/Third_Party/wolfSSL_wolfSSL_wolfSSL/wolfssl/src/ssl.c:4737:5:wolfSSL_GetVersion	0	static
../Middlewares/Third_Party/wolfSSL_wolfSSL_wolfSSL/wolfssl/src/ssl.c:4762:5:wolfSSL_SetVersion	64	static
../Middlewares/Third_Party/wolfSSL_wolfSSL_wolfSSL/wolfssl/src/ssl.c:4841:5:AlreadySigner	24	static
../Middlewares/Third_Party/wolfSSL_wolfSSL_wolfSSL/wolfssl/src/ssl.c:4982:9:GetCA	24	static
../Middlewares/Third_Party/wolfSSL_wolfSSL_wolfSSL/wolfssl/src/ssl.c:5019:9:GetCAByName	32	static
../Middlewares/Third_Party/wolfSSL_wolfSSL_wolfSSL/wolfssl/src/ssl.c:5167:5:AddCA	48	static
../Middlewares/Third_Party/wolfSSL_wolfSSL_wolfSSL/wolfssl/src/ssl.c:5579:13:wolfssl_get_global_rng	0	static
../Middlewares/Third_Party/wolfSSL_wolfSSL_wolfSSL/wolfssl/src/pk.c:929:14:wolfSSL_RSA_new_ex	24	static
../Middlewares/Third_Party/wolfSSL_wolfSSL_wolfSSL/wolfssl/src/pk.c:1034:14:wolfSSL_RSA_new	0	static
../Middlewares/Third_Party/wolfSSL_wolfSSL_wolfSSL/wolfssl/src/pk.c:9602:5:wolfSSL_ECDSA_sign	40	static
../Middlewares/Third_Party/wolfSSL_wolfSSL_wolfSSL/wolfssl/src/ssl.c:7272:5:wolfSSL_CertManagerEnableCRL	0	static
../Middlewares/Third_Party/wolfSSL_wolfSSL_wolfSSL/wolfssl/src/ssl.c:7312:5:wolfSSL_CertManagerDisableCRL	0	static
../Middlewares/Third_Party/wolfSSL_wolfSSL_wolfSSL/wolfssl/src/ssl.c:7324:6:wolfSSL_CertManagerSetVerify	0	static
../Middlewares/Third_Party/wolfSSL_wolfSSL_wolfSSL/wolfssl/src/ssl.c:7336:5:CM_VerifyBuffer_ex	64	static
../Middlewares/Third_Party/wolfSSL_wolfSSL_wolfSSL/wolfssl/src/ssl.c:7430:5:wolfSSL_CertManagerVerifyBuffer	16	static
../Middlewares/Third_Party/wolfSSL_wolfSSL_wolfSSL/wolfssl/src/ssl.c:7438:5:wolfSSL_CertManagerEnableOCSP	0	static
../Middlewares/Third_Party/wolfSSL_wolfSSL_wolfSSL/wolfssl/src/ssl.c:7484:5:wolfSSL_CertManagerDisableOCSP	0	static
../Middlewares/Third_Party/wolfSSL_wolfSSL_wolfSSL/wolfssl/src/ssl.c:7496:5:wolfSSL_CertManagerEnableOCSPStapling	0	static
../Middlewares/Third_Party/wolfSSL_wolfSSL_wolfSSL/wolfssl/src/ssl.c:7536:5:wolfSSL_CertManagerDisableOCSPStapling	0	static
../Middlewares/Third_Party/wolfSSL_wolfSSL_wolfSSL/wolfssl/src/ssl.c:7555:5:wolfSSL_CertManagerEnableOCSPMustStaple	0	static
../Middlewares/Third_Party/wolfSSL_wolfSSL_wolfSSL/wolfssl/src/ssl.c:7577:5:wolfSSL_CertManagerDisableOCSPMustStaple	0	static
../Middlewares/Third_Party/wolfSSL_wolfSSL_wolfSSL/wolfssl/src/ssl.c:8716:6:wolfSSL_CTX_set_verify_depth	0	static
../Middlewares/Third_Party/wolfSSL_wolfSSL_wolfSSL/wolfssl/src/ssl.c:8729:6:wolfSSL_get_verify_depth	0	static
../Middlewares/Third_Party/wolfSSL_wolfSSL_wolfSSL/wolfssl/src/ssl.c:8743:6:wolfSSL_CTX_get_verify_depth	0	static
../Middlewares/Third_Party/wolfSSL_wolfSSL_wolfSSL/wolfssl/src/ssl.c:9008:5:wolfSSL_CTX_check_private_key	0	static
../Middlewares/Third_Party/wolfSSL_wolfSSL_wolfSSL/wolfssl/src/ssl.c:9798:5:wolfSSL_i2d_PUBKEY	24	static
../Middlewares/Third_Party/wolfSSL_wolfSSL_wolfSSL/wolfssl/src/ssl.c:10074:5:wolfSSL_check_private_key	0	static
../Middlewares/Third_Party/wolfSSL_wolfSSL_wolfSSL/wolfssl/src/ssl.c:10086:5:wolfSSL_ASN1_BIT_STRING_set_bit	32	static
../Middlewares/Third_Party/wolfSSL_wolfSSL_wolfSSL/wolfssl/src/ssl.c:10121:26:wolfSSL_ASN1_BIT_STRING_new	8	static
../Middlewares/Third_Party/wolfSSL_wolfSSL_wolfSSL/wolfssl/src/ssl.c:10133:6:wolfSSL_ASN1_BIT_STRING_free	8	static
../Middlewares/Third_Party/wolfSSL_wolfSSL_wolfSSL/wolfssl/src/ssl.c:10144:5:wolfSSL_ASN1_BIT_STRING_get_bit	8	static
../Middlewares/Third_Party/wolfSSL_wolfSSL_wolfSSL/wolfssl/src/ssl.c:10325:5:wolfSSL_CTX_SetTmpEC_DHE_Sz	0	static
../Middlewares/Third_Party/wolfSSL_wolfSSL_wolfSSL/wolfssl/src/ssl.c:10355:5:wolfSSL_SetTmpEC_DHE_Sz	0	static
../Middlewares/Third_Party/wolfSSL_wolfSSL_wolfSSL/wolfssl/src/ssl.c:10402:5:wolfSSL_SESSION_get_master_key	8	static
../Middlewares/Third_Party/wolfSSL_wolfSSL_wolfSSL/wolfssl/src/ssl.c:10429:5:wolfSSL_SESSION_get_master_key_length	0	static
../Middlewares/Third_Party/wolfSSL_wolfSSL_wolfSSL/wolfssl/src/ssl.c:10477:6:wolfSSL_CTX_set_verify	16	static
../Middlewares/Third_Party/wolfSSL_wolfSSL_wolfSSL/wolfssl/src/ssl.c:10499:6:wolfSSL_CTX_set_cert_verify_callback	0	static
../Middlewares/Third_Party/wolfSSL_wolfSSL_wolfSSL/wolfssl/src/ssl.c:10512:6:wolfSSL_set_verify	16	static
../Middlewares/Third_Party/wolfSSL_wolfSSL_wolfSSL/wolfssl/src/ssl.c:10533:6:wolfSSL_set_verify_result	0	static
../Middlewares/Third_Party/wolfSSL_wolfSSL_wolfSSL/wolfssl/src/ssl.c:10587:6:wolfSSL_SetCertCbCtx	0	static
../Middlewares/Third_Party/wolfSSL_wolfSSL_wolfSSL/wolfssl/src/ssl.c:10596:6:wolfSSL_CTX_SetCertCbCtx	0	static
../Middlewares/Third_Party/wolfSSL_wolfSSL_wolfSSL/wolfssl/src/ssl.c:10605:6:wolfSSL_CTX_SetCACb	0	static
../Middlewares/Third_Party/wolfSSL_wolfSSL_wolfSSL/wolfssl/src/ssl.c:11156:6:wolfSSL_load_error_strings	0	static
../Middlewares/Third_Party/wolfSSL_wolfSSL_wolfSSL/wolfssl/src/ssl.c:11911:5:wolfSSL_CTX_set_cipher_list	16	static
../Middlewares/Third_Party/wolfSSL_wolfSSL_wolfSSL/wolfssl/src/ssl.c:11938:5:wolfSSL_CTX_set_cipher_list_bytes	24	static
../Middlewares/Third_Party/wolfSSL_wolfSSL_wolfSSL/wolfssl/src/ssl.c:11962:5:wolfSSL_set_cipher_list	16	static
../Middlewares/Third_Party/wolfSSL_wolfSSL_wolfSSL/wolfssl/src/conf.c:1200:12:cmdfunc_cipherstring	16	static
../Middlewares/Third_Party/wolfSSL_wolfSSL_wolfSSL/wolfssl/src/ssl.c:11993:5:wolfSSL_set_cipher_list_bytes	24	static
../Middlewares/Third_Party/wolfSSL_wolfSSL_wolfSSL/wolfssl/src/ssl.c:12140:5:wolfSSL_dtls_get_using_nonblock	0	static
../Middlewares/Third_Party/wolfSSL_wolfSSL_wolfSSL/wolfssl/src/ssl.c:12163:6:wolfSSL_dtls_set_using_nonblock	0	static
../Middlewares/Third_Party/wolfSSL_wolfSSL_wolfSSL/wolfssl/src/ssl.c:12498:21:wolfSSLv23_client_method_ex	16	static
../Middlewares/Third_Party/wolfSSL_wolfSSL_wolfSSL/wolfssl/src/ssl.c:12423:21:wolfSSLv23_method_ex	8	static
../Middlewares/Third_Party/wolfSSL_wolfSSL_wolfSSL/wolfssl/src/ssl.c:12419:21:wolfSSLv23_method	0	static
../Middlewares/Third_Party/wolfSSL_wolfSSL_wolfSSL/wolfssl/src/ssl.c:12494:21:wolfSSLv23_client_method	0	static
../Middlewares/Third_Party/wolfSSL_wolfSSL_wolfSSL/wolfssl/src/ssl.c:12528:9:wolfSSL_connect	16	static
../Middlewares/Third_Party/wolfSSL_wolfSSL_wolfSSL/wolfssl/src/ssl.c:4617:5:wolfSSL_connect_cert	8	static
../Middlewares/Third_Party/wolfSSL_wolfSSL_wolfSSL/wolfssl/src/ssl.c:12986:21:wolfSSLv23_server_method_ex	16	static
../Middlewares/Third_Party/wolfSSL_wolfSSL_wolfSSL/wolfssl/src/ssl.c:12981:21:wolfSSLv23_server_method	0	static
../Middlewares/Third_Party/wolfSSL_wolfSSL_wolfSSL/wolfssl/src/ssl.c:13019:9:wolfSSL_accept	16	static
../Middlewares/Third_Party/wolfSSL_wolfSSL_wolfSSL/wolfssl/src/ssl.c:1812:5:wolfSSL_negotiate	8	static
../Middlewares/Third_Party/wolfSSL_wolfSSL_wolfSSL/wolfssl/src/ssl.c:13484:5:wolfSSL_SetHsDoneCb	0	static
../Middlewares/Third_Party/wolfSSL_wolfSSL_wolfSSL/wolfssl/src/ssl.c:15138:18:ClientSessionToSession	0	static
../Middlewares/Third_Party/wolfSSL_wolfSSL_wolfSSL/wolfssl/src/ssl.c:15144:18:wolfSSL_GetSession	0	static
../Middlewares/Third_Party/wolfSSL_wolfSSL_wolfSSL/wolfssl/src/ssl.c:15160:5:wolfSSL_check_domain_name	16	static
../Middlewares/Third_Party/wolfSSL_wolfSSL_wolfSSL/wolfssl/src/ssl.c:15192:5:wolfSSL_set_compression	0	static
../Middlewares/Third_Party/wolfSSL_wolfSSL_wolfSSL/wolfssl/src/ssl.c:16012:9:wolfSSL_UnloadCertsKeys	16	static
../Middlewares/Third_Party/wolfSSL_wolfSSL_wolfSSL/wolfssl/src/ssl.c:16046:9:wolfSSL_CTX_UnloadCAs	0	static
../Middlewares/Third_Party/wolfSSL_wolfSSL_wolfSSL/wolfssl/src/ssl.c:16120:10:wolfSSL_CTX_sess_set_cache_size	0	static
../Middlewares/Third_Party/wolfSSL_wolfSSL_wolfSSL/wolfssl/src/ssl.c:16137:10:wolfSSL_CTX_set_quiet_shutdown	0	static
../Middlewares/Third_Party/wolfSSL_wolfSSL_wolfSSL/wolfssl/src/ssl.c:16145:10:wolfSSL_set_quiet_shutdown	0	static
../Middlewares/Third_Party/wolfSSL_wolfSSL_wolfSSL/wolfssl/src/ssl.c:16232:10:wolfSSL_CTX_set_client_cert_cb	0	static
../Middlewares/Third_Party/wolfSSL_wolfSSL_wolfSSL/wolfssl/src/ssl.c:16241:10:wolfSSL_CTX_set_cert_cb	0	static
../Middlewares/Third_Party/wolfSSL_wolfSSL_wolfSSL/wolfssl/src/ssl.c:16257:9:CertSetupCbWrapper	8	static
../Middlewares/Third_Party/wolfSSL_wolfSSL_wolfSSL/wolfssl/src/ssl.c:16286:39:wolfSSL_CTX_get_client_CA_list	0	static
../Middlewares/Third_Party/wolfSSL_wolfSSL_wolfSSL/wolfssl/src/ssl.c:16301:39:wolfSSL_get_client_CA_list	0	static
../Middlewares/Third_Party/wolfSSL_wolfSSL_wolfSSL/wolfssl/src/ssl.c:16352:43:wolfSSL_load_client_CA_file	0	static
../Middlewares/Third_Party/wolfSSL_wolfSSL_wolfSSL/wolfssl/src/ssl.c:16638:9:wolfSSL_get_keyblock_size	0	static
../Middlewares/Third_Party/wolfSSL_wolfSSL_wolfSSL/wolfssl/src/ssl.c:16652:9:wolfSSL_get_keys	8	static
../Middlewares/Third_Party/wolfSSL_wolfSSL_wolfSSL/wolfssl/src/ssl.c:16670:10:wolfSSL_set_accept_state	24	static
../Middlewares/Third_Party/wolfSSL_wolfSSL_wolfSSL/wolfssl/src/ssl.c:16726:9:wolfSSL_is_init_finished	0	static
../Middlewares/Third_Party/wolfSSL_wolfSSL_wolfSSL/wolfssl/src/ssl.c:16738:10:wolfSSL_CTX_set_tmp_rsa_callback	0	static
../Middlewares/Third_Party/wolfSSL_wolfSSL_wolfSSL/wolfssl/src/ssl.c:16747:10:wolfSSL_set_shutdown	0	static
../Middlewares/Third_Party/wolfSSL_wolfSSL_wolfSSL/wolfssl/src/ssl.c:16760:10:wolfSSL_CTX_get_options	0	static
../Middlewares/Third_Party/wolfSSL_wolfSSL_wolfSSL/wolfssl/src/ssl.c:16770:10:wolfSSL_CTX_set_options	0	static
../Middlewares/Third_Party/wolfSSL_wolfSSL_wolfSSL/wolfssl/src/ssl.c:17304:12:Set_CTX_min_proto_version	8	static
../Middlewares/Third_Party/wolfSSL_wolfSSL_wolfSSL/wolfssl/src/ssl.c:17464:12:Set_CTX_max_proto_version	8	static
../Middlewares/Third_Party/wolfSSL_wolfSSL_wolfSSL/wolfssl/src/ssl.c:16788:10:wolfSSL_CTX_clear_options	0	static
../Middlewares/Third_Party/wolfSSL_wolfSSL_wolfSSL/wolfssl/src/ssl.c:16799:9:wolfSSL_set_rfd	0	static
../Middlewares/Third_Party/wolfSSL_wolfSSL_wolfSSL/wolfssl/src/ssl.c:16817:9:wolfSSL_set_wfd	0	static
../Middlewares/Third_Party/wolfSSL_wolfSSL_wolfSSL/wolfssl/src/ssl.c:16887:25:wolfSSL_CTX_get_cert_store	0	static
../Middlewares/Third_Party/wolfSSL_wolfSSL_wolfSSL/wolfssl/src/ssl.c:16983:10:wolfSSL_CTX_set_default_passwd_cb_userdata	0	static
../Middlewares/Third_Party/wolfSSL_wolfSSL_wolfSSL/wolfssl/src/ssl.c:16992:10:wolfSSL_CTX_set_default_passwd_cb	0	static
../Middlewares/Third_Party/wolfSSL_wolfSSL_wolfSSL/wolfssl/src/ssl.c:17000:25:wolfSSL_CTX_get_default_passwd_cb	0	static
../Middlewares/Third_Party/wolfSSL_wolfSSL_wolfSSL/wolfssl/src/ssl.c:17010:11:wolfSSL_CTX_get_default_passwd_cb_userdata	0	static
../Middlewares/Third_Party/wolfSSL_wolfSSL_wolfSSL/wolfssl/src/ssl.c:17023:9:wolfSSL_num_locks	0	static
../Middlewares/Third_Party/wolfSSL_wolfSSL_wolfSSL/wolfssl/src/ssl.c:17028:10:wolfSSL_set_locking_callback	0	static
../Middlewares/Third_Party/wolfSSL_wolfSSL_wolfSSL/wolfssl/src/ssl.c:17041:19:wolfSSL_thread_id	0	static
../Middlewares/Third_Party/wolfSSL_wolfSSL_wolfSSL/wolfssl/src/ssl.c:17052:10:wolfSSL_set_id_callback	0	static
../Middlewares/Third_Party/wolfSSL_wolfSSL_wolfSSL/wolfssl/src/ssl.c:17057:19:wolfSSL_ERR_get_error	0	static
../Middlewares/Third_Party/wolfSSL_wolfSSL_wolfSSL/wolfssl/src/ssl.c:17117:8:wolfSSL_get_server_random	8	static
../Middlewares/Third_Party/wolfSSL_wolfSSL_wolfSSL/wolfssl/src/ssl.c:17631:5:wolfSSL_set_min_proto_version	16	static
../Middlewares/Third_Party/wolfSSL_wolfSSL_wolfSSL/wolfssl/src/ssl.c:17699:5:wolfSSL_set_max_proto_version	16	static
../Middlewares/Third_Party/wolfSSL_wolfSSL_wolfSSL/wolfssl/src/ssl.c:17763:17:wolfSSL_CTX_get_min_proto_version	0	static
../Middlewares/Third_Party/wolfSSL_wolfSSL_wolfSSL/wolfssl/src/ssl.c:17820:5:wolfSSL_CTX_get_max_proto_version	0	static
../Middlewares/Third_Party/wolfSSL_wolfSSL_wolfSSL/wolfssl/src/ssl.c:17389:5:wolfSSL_CTX_set_min_proto_version	24	static
../Middlewares/Third_Party/wolfSSL_wolfSSL_wolfSSL/wolfssl/src/ssl.c:17510:5:wolfSSL_CTX_set_max_proto_version	16	static
../Middlewares/Third_Party/wolfSSL_wolfSSL_wolfSSL/wolfssl/src/ssl.c:17856:8:wolfSSL_get_client_random	8	static
../Middlewares/Third_Party/wolfSSL_wolfSSL_wolfSSL/wolfssl/src/ssl.c:17889:19:wolfSSLeay	0	static
../Middlewares/Third_Party/wolfSSL_wolfSSL_wolfSSL/wolfssl/src/ssl.c:17894:19:wolfSSL_OpenSSL_version_num	0	static
../Middlewares/Third_Party/wolfSSL_wolfSSL_wolfSSL/wolfssl/src/ssl.c:17899:17:wolfSSLeay_version	0	static
../Middlewares/Third_Party/wolfSSL_wolfSSL_wolfSSL/wolfssl/src/ssl.c:18182:9:wolfSSL_SHA256_Init	8	static
../Middlewares/Third_Party/wolfSSL_wolfSSL_wolfSSL/wolfssl/wolfcrypt/src/evp.c:7291:9:wolfSSL_EVP_DigestInit	16	static
../Middlewares/Third_Party/wolfSSL_wolfSSL_wolfSSL/wolfssl/wolfcrypt/src/evp.c:406:5:wolfSSL_EVP_DigestInit_ex	0	static
../Middlewares/Third_Party/wolfSSL_wolfSSL_wolfSSL/wolfssl/wolfcrypt/src/evp.c:3129:5:wolfSSL_EVP_SignInit_ex	0	static
../Middlewares/Third_Party/wolfSSL_wolfSSL_wolfSSL/wolfssl/wolfcrypt/src/evp.c:3122:5:wolfSSL_EVP_SignInit	0	static
../Middlewares/Third_Party/wolfSSL_wolfSSL_wolfSSL/wolfssl/wolfcrypt/src/evp.c:3322:5:wolfSSL_EVP_VerifyInit	0	static
../Middlewares/Third_Party/wolfSSL_wolfSSL_wolfSSL/wolfssl/wolfcrypt/src/evp.c:3499:12:wolfSSL_evp_digest_pk_init	40	static
../Middlewares/Third_Party/wolfSSL_wolfSSL_wolfSSL/wolfssl/wolfcrypt/src/evp.c:3727:5:wolfSSL_EVP_DigestSignInit	4	static
../Middlewares/Third_Party/wolfSSL_wolfSSL_wolfSSL/wolfssl/wolfcrypt/src/evp.c:3851:5:wolfSSL_EVP_DigestVerifyInit	8	static
../Middlewares/Third_Party/wolfSSL_wolfSSL_wolfSSL/wolfssl/src/ssl.c:18200:9:wolfSSL_SHA256_Update	8	static
../Middlewares/Third_Party/wolfSSL_wolfSSL_wolfSSL/wolfssl/wolfcrypt/src/evp.c:7393:9:wolfSSL_EVP_DigestUpdate	16	static
../Middlewares/Third_Party/wolfSSL_wolfSSL_wolfSSL/wolfssl/wolfcrypt/src/evp.c:3147:5:wolfSSL_EVP_SignUpdate	0	static
../Middlewares/Third_Party/wolfSSL_wolfSSL_wolfSSL/wolfssl/wolfcrypt/src/evp.c:3338:5:wolfSSL_EVP_VerifyUpdate	0	static
../Middlewares/Third_Party/wolfSSL_wolfSSL_wolfSSL/wolfssl/wolfcrypt/src/evp.c:3742:5:wolfSSL_EVP_DigestSignUpdate	8	static
../Middlewares/Third_Party/wolfSSL_wolfSSL_wolfSSL/wolfssl/wolfcrypt/src/evp.c:3866:5:wolfSSL_EVP_DigestVerifyUpdate	0	static
../Middlewares/Third_Party/wolfSSL_wolfSSL_wolfSSL/wolfssl/src/ssl.c:18216:9:wolfSSL_SHA256_Final	16	static
../Middlewares/Third_Party/wolfSSL_wolfSSL_wolfSSL/wolfssl/wolfcrypt/src/evp.c:7510:9:wolfSSL_EVP_DigestFinal	16	static
../Middlewares/Third_Party/wolfSSL_wolfSSL_wolfSSL/wolfssl/wolfcrypt/src/evp.c:7623:9:wolfSSL_EVP_DigestFinal_ex	0	static
../Middlewares/Third_Party/wolfSSL_wolfSSL_wolfSSL/wolfssl/src/ssl.c:18240:9:wolfSSL_SHA256_Transform	8	static
../Middlewares/Third_Party/wolfSSL_wolfSSL_wolfSSL/wolfssl/src/ssl.c:18777:20:wolfSSL_HMAC	32	static
../Middlewares/Third_Party/wolfSSL_wolfSSL_wolfSSL/wolfssl/src/ssl.c:19131:10:wolfSSL_ERR_free_strings	0	static
../Middlewares/Third_Party/wolfSSL_wolfSSL_wolfSSL/wolfssl/src/ssl.c:19136:10:wolfSSL_cleanup_all_ex_data	0	static
../Middlewares/Third_Party/wolfSSL_wolfSSL_wolfSSL/wolfssl/src/ssl.c:19144:10:wolfSSL_ERR_clear_error	0	static
../Middlewares/Third_Party/wolfSSL_wolfSSL_wolfSSL/wolfssl/src/ssl.c:19230:10:wolfSSL_CTX_set_mode	0	static
../Middlewares/Third_Party/wolfSSL_wolfSSL_wolfSSL/wolfssl/src/ssl.c:19257:10:wolfSSL_CTX_clear_mode	0	static
../Middlewares/Third_Party/wolfSSL_wolfSSL_wolfSSL/wolfssl/src/ssl.c:19288:10:wolfSSL_SSL_get_mode	0	static
../Middlewares/Third_Party/wolfSSL_wolfSSL_wolfSSL/wolfssl/src/ssl.c:19298:10:wolfSSL_CTX_get_mode	0	static
../Middlewares/Third_Party/wolfSSL_wolfSSL_wolfSSL/wolfssl/src/ssl.c:19308:10:wolfSSL_CTX_set_default_read_ahead	0	static
../Middlewares/Third_Party/wolfSSL_wolfSSL_wolfSSL/wolfssl/src/ssl.c:19328:9:wolfSSL_CTX_set_session_id_context	16	static
../Middlewares/Third_Party/wolfSSL_wolfSSL_wolfSSL/wolfssl/src/ssl.c:19355:9:wolfSSL_set_session_id_context	16	static
../Middlewares/Third_Party/wolfSSL_wolfSSL_wolfSSL/wolfssl/src/ssl.c:19370:10:wolfSSL_CTX_sess_get_cache_size	0	static
../Middlewares/Third_Party/wolfSSL_wolfSSL_wolfSSL/wolfssl/src/ssl.c:19387:19:wolfSSL_ERR_get_error_line	8	static
../Middlewares/Third_Party/wolfSSL_wolfSSL_wolfSSL/wolfssl/src/ssl.c:19456:10:wolfSSL_ERR_put_error	4	static
../Middlewares/Third_Party/wolfSSL_wolfSSL_wolfSSL/wolfssl/src/ssl.c:19491:19:wolfSSL_ERR_get_error_line_data	8	static
../Middlewares/Third_Party/wolfSSL_wolfSSL_wolfSSL/wolfssl/src/ssl.c:19729:16:wolfSSL_sk_new_node	16	static
../Middlewares/Third_Party/wolfSSL_wolfSSL_wolfSSL/wolfssl/src/ssl.c:19745:6:wolfSSL_sk_free_node	0	static
../Middlewares/Third_Party/wolfSSL_wolfSSL_wolfSSL/wolfssl/src/pk.c:9368:5:wolfSSL_EC_KEY_set_group	16	static
../Middlewares/Third_Party/wolfSSL_wolfSSL_wolfSSL/wolfssl/src/pk.c:9826:6:wolfSSL_EC_GROUP_free	0	static
../Middlewares/Third_Party/wolfSSL_wolfSSL_wolfSSL/wolfssl/wolfcrypt/src/evp.c:10264:6:wolfSSL_EVP_ENCODE_CTX_free	0	static
../Middlewares/Third_Party/wolfSSL_wolfSSL_wolfSSL/wolfssl/src/ssl.c:34279:6:wolfSSL_WOLFSSL_STRING_free	0	static
../Middlewares/Third_Party/wolfSSL_wolfSSL_wolfSSL/wolfssl/src/ssl.c:19756:5:wolfSSL_sk_push_node	0	static
../Middlewares/Third_Party/wolfSSL_wolfSSL_wolfSSL/wolfssl/src/ssl.c:19794:5:wolfSSL_sk_push	304	static
../Middlewares/Third_Party/wolfSSL_wolfSSL_wolfSSL/wolfssl/src/ssl.c:19921:16:wolfSSL_sk_get_node	0	static
../Middlewares/Third_Party/wolfSSL_wolfSSL_wolfSSL/wolfssl/src/ssl.c:19945:7:wolfSSL_lh_retrieve	16	static
../Middlewares/Third_Party/wolfSSL_wolfSSL_wolfSSL/wolfssl/src/ssl.c:20125:22:wolfSSL_ASN1_OBJECT_new	8	static
../Middlewares/Third_Party/wolfSSL_wolfSSL_wolfSSL/wolfssl/src/ssl.c:20210:22:wolfSSL_sk_ASN1_OBJECT_pop	16	static
../Middlewares/Third_Party/wolfSSL_wolfSSL_wolfSSL/wolfssl/src/ssl.c:20269:5:wolfSSL_ASN1_STRING_to_UTF8	32	static
../Middlewares/Third_Party/wolfSSL_wolfSSL_wolfSSL/wolfssl/src/ssl.c:20304:5:wolfSSL_ASN1_UNIVERSALSTRING_to_string	12	static
../Middlewares/Third_Party/wolfSSL_wolfSSL_wolfSSL/wolfssl/src/ssl.c:20402:6:wolfSSL_set_connect_state	0	static
../Middlewares/Third_Party/wolfSSL_wolfSSL_wolfSSL/wolfssl/src/ssl.c:20431:5:wolfSSL_get_shutdown	0	static
../Middlewares/Third_Party/wolfSSL_wolfSSL_wolfSSL/wolfssl/src/ssl.c:20461:5:wolfSSL_session_reused	0	static
../Middlewares/Third_Party/wolfSSL_wolfSSL_wolfSSL/wolfssl/src/ssl.c:20472:18:wolfSSL_NewSession	16	static
../Middlewares/Third_Party/wolfSSL_wolfSSL_wolfSSL/wolfssl/src/ssl.c:20523:18:wolfSSL_SESSION_new_ex	0	static
../Middlewares/Third_Party/wolfSSL_wolfSSL_wolfSSL/wolfssl/src/ssl.c:20528:18:wolfSSL_SESSION_new	0	static
../Middlewares/Third_Party/wolfSSL_wolfSSL_wolfSSL/wolfssl/src/ssl.c:20535:5:wolfSSL_SESSION_up_ref	0	static
../Middlewares/Third_Party/wolfSSL_wolfSSL_wolfSSL/wolfssl/src/ssl.c:20798:5:wolfSSL_DupSession	8	static
../Middlewares/Third_Party/wolfSSL_wolfSSL_wolfSSL/wolfssl/src/ssl.c:20804:18:wolfSSL_SESSION_dup	0	static
../Middlewares/Third_Party/wolfSSL_wolfSSL_wolfSSL/wolfssl/src/ssl.c:20836:6:wolfSSL_FreeSession	8	static
../Middlewares/Third_Party/wolfSSL_wolfSSL_wolfSSL/wolfssl/src/ssl.c:20916:6:wolfSSL_SESSION_free	0	static
../Middlewares/Third_Party/wolfSSL_wolfSSL_wolfSSL/wolfssl/src/ssl.c:19152:9:wolfSSL_clear	24	static
../Middlewares/Third_Party/wolfSSL_wolfSSL_wolfSSL/wolfssl/src/ssl.c:3639:5:wolfSSL_shutdown	24	static
../Middlewares/Third_Party/wolfSSL_wolfSSL_wolfSSL/wolfssl/src/ssl.c:20966:5:wolfSSL_SESSION_set_cipher	0	static
../Middlewares/Third_Party/wolfSSL_wolfSSL_wolfSSL/wolfssl/src/ssl.c:21029:13:wolfSSL_get_version	0	static
../Middlewares/Third_Party/wolfSSL_wolfSSL_wolfSSL/wolfssl/src/ssl.c:21041:13:wolfSSL_lib_version	0	static
../Middlewares/Third_Party/wolfSSL_wolfSSL_wolfSSL/wolfssl/src/ssl.c:21054:13:wolfSSL_OpenSSL_version	0	static
../Middlewares/Third_Party/wolfSSL_wolfSSL_wolfSSL/wolfssl/src/ssl.c:21063:8:wolfSSL_lib_version_hex	0	static
../Middlewares/Third_Party/wolfSSL_wolfSSL_wolfSSL/wolfssl/src/ssl.c:21069:5:wolfSSL_get_current_cipher_suite	0	static
../Middlewares/Third_Party/wolfSSL_wolfSSL_wolfSSL/wolfssl/src/ssl.c:21077:17:wolfSSL_get_current_cipher	0	static
../Middlewares/Third_Party/wolfSSL_wolfSSL_wolfSSL/wolfssl/src/ssl.c:21093:13:wolfSSL_CIPHER_get_name	0	static
../Middlewares/Third_Party/wolfSSL_wolfSSL_wolfSSL/wolfssl/src/ssl.c:21110:14:wolfSSL_CIPHER_get_version	0	static
../Middlewares/Third_Party/wolfSSL_wolfSSL_wolfSSL/wolfssl/src/ssl.c:21121:13:wolfSSL_SESSION_CIPHER_get_name	0	static
../Middlewares/Third_Party/wolfSSL_wolfSSL_wolfSSL/wolfssl/src/ssl.c:21140:13:wolfSSL_get_cipher	8	static
../Middlewares/Third_Party/wolfSSL_wolfSSL_wolfSSL/wolfssl/src/ssl.c:21147:13:wolfSSL_get_cipher_name	0	static
../Middlewares/Third_Party/wolfSSL_wolfSSL_wolfSSL/wolfssl/src/ssl.c:21153:13:wolfSSL_get_cipher_name_from_suite	0	static
../Middlewares/Third_Party/wolfSSL_wolfSSL_wolfSSL/wolfssl/src/ssl.c:21159:13:wolfSSL_get_cipher_name_iana_from_suite	0	static
../Middlewares/Third_Party/wolfSSL_wolfSSL_wolfSSL/wolfssl/src/ssl.c:21165:5:wolfSSL_get_cipher_suite_from_name	12	static
../Middlewares/Third_Party/wolfSSL_wolfSSL_wolfSSL/wolfssl/src/ssl.c:21192:5:wolfSSL_sk_CIPHER_push	0	static
../Middlewares/Third_Party/wolfSSL_wolfSSL_wolfSSL/wolfssl/src/ssl.c:21199:17:wolfSSL_sk_CIPHER_pop	0	static
../Middlewares/Third_Party/wolfSSL_wolfSSL_wolfSSL/wolfssl/src/ssl.c:21208:8:wolfSSL_CIPHER_get_id	0	static
../Middlewares/Third_Party/wolfSSL_wolfSSL_wolfSSL/wolfssl/src/ssl.c:21222:23:wolfSSL_get_cipher_by_value	0	static
../Middlewares/Third_Party/wolfSSL_wolfSSL_wolfSSL/wolfssl/src/ssl.c:21286:13:wolfSSL_get_curve_name	8	static
../Middlewares/Third_Party/wolfSSL_wolfSSL_wolfSSL/wolfssl/src/ssl.c:21368:26:wolfSSL_ASN1_STRING_new	8	static
../Middlewares/Third_Party/wolfSSL_wolfSSL_wolfSSL/wolfssl/src/ssl.c:21421:10:wolfSSL_ASN1_STRING_free	8	static
../Middlewares/Third_Party/wolfSSL_wolfSSL_wolfSSL/wolfssl/src/ssl.c:21435:9:wolfSSL_ASN1_STRING_cmp	16	static
../Middlewares/Third_Party/wolfSSL_wolfSSL_wolfSSL/wolfssl/src/ssl.c:21480:26:wolfSSL_ASN1_STRING_type_new	8	static
../Middlewares/Third_Party/wolfSSL_wolfSSL_wolfSSL/wolfssl/src/ssl.c:21504:9:wolfSSL_ASN1_STRING_type	0	static
../Middlewares/Third_Party/wolfSSL_wolfSSL_wolfSSL/wolfssl/src/ssl.c:21525:9:wolfSSL_ASN1_STRING_set	16	static
../Middlewares/Third_Party/wolfSSL_wolfSSL_wolfSSL/wolfssl/src/ssl.c:21390:26:wolfSSL_ASN1_STRING_dup	16	static
../Middlewares/Third_Party/wolfSSL_wolfSSL_wolfSSL/wolfssl/src/ssl.c:21459:9:wolfSSL_ASN1_STRING_copy	16	static
../Middlewares/Third_Party/wolfSSL_wolfSSL_wolfSSL/wolfssl/src/ssl.c:21580:26:wolfSSL_ASN1_STRING_get0_data	0	static
../Middlewares/Third_Party/wolfSSL_wolfSSL_wolfSSL/wolfssl/src/ssl.c:21591:20:wolfSSL_ASN1_STRING_data	0	static
../Middlewares/Third_Party/wolfSSL_wolfSSL_wolfSSL/wolfssl/src/ssl.c:21606:9:wolfSSL_ASN1_STRING_length	0	static
../Middlewares/Third_Party/wolfSSL_wolfSSL_wolfSSL/wolfssl/src/ssl.c:21623:26:wolfSSL_d2i_DISPLAYTEXT	0	static
../Middlewares/Third_Party/wolfSSL_wolfSSL_wolfSSL/wolfssl/src/ssl.c:21644:5:wolfSSL_CIPHER_get_auth_nid	120	static
../Middlewares/Third_Party/wolfSSL_wolfSSL_wolfSSL/wolfssl/src/ssl.c:21683:5:wolfSSL_CIPHER_get_cipher_nid	120	static
../Middlewares/Third_Party/wolfSSL_wolfSSL_wolfSSL/wolfssl/src/ssl.c:21730:5:wolfSSL_CIPHER_get_digest_nid	120	static
../Middlewares/Third_Party/wolfSSL_wolfSSL_wolfSSL/wolfssl/src/ssl.c:21776:5:wolfSSL_CIPHER_get_kx_nid	120	static
../Middlewares/Third_Party/wolfSSL_wolfSSL_wolfSSL/wolfssl/src/ssl.c:21825:5:wolfSSL_CIPHER_is_aead	112	static
../Middlewares/Third_Party/wolfSSL_wolfSSL_wolfSSL/wolfssl/src/ssl.c:21844:5:wolfSSL_sk_CIPHER_description	152	static
../Middlewares/Third_Party/wolfSSL_wolfSSL_wolfSSL/wolfssl/src/ssl.c:22151:7:wolfSSL_CIPHER_description	48	static
../Middlewares/Third_Party/wolfSSL_wolfSSL_wolfSSL/wolfssl/src/ssl.c:22214:5:wolfSSL_OCSP_parse_url	0	static
../Middlewares/Third_Party/wolfSSL_wolfSSL_wolfSSL/wolfssl/src/ssl.c:22257:6:wolfSSL_RAND_screen	0	static
../Middlewares/Third_Party/wolfSSL_wolfSSL_wolfSSL/wolfssl/src/ssl.c:22265:5:wolfSSL_RAND_load_file	0	static
../Middlewares/Third_Party/wolfSSL_wolfSSL_wolfSSL/wolfssl/src/ssl.c:22277:22:wolfSSL_COMP_zlib	0	static
../Middlewares/Third_Party/wolfSSL_wolfSSL_wolfSSL/wolfssl/src/ssl.c:22285:22:wolfSSL_COMP_rle	0	static
../Middlewares/Third_Party/wolfSSL_wolfSSL_wolfSSL/wolfssl/src/ssl.c:22293:5:wolfSSL_COMP_add_compression_method	0	static
../Middlewares/Third_Party/wolfSSL_wolfSSL_wolfSSL/wolfssl/src/ssl.c:22307:6:wolfSSL_set_dynlock_create_callback	0	static
../Middlewares/Third_Party/wolfSSL_wolfSSL_wolfSSL/wolfssl/src/ssl.c:22318:6:wolfSSL_set_dynlock_lock_callback	0	static
../Middlewares/Third_Party/wolfSSL_wolfSSL_wolfSSL/wolfssl/src/ssl.c:22329:6:wolfSSL_set_dynlock_destroy_callback	0	static
../Middlewares/Third_Party/wolfSSL_wolfSSL_wolfSSL/wolfssl/src/ssl.c:22399:28:wolfSSL_CTX_get0_param	0	static
../Middlewares/Third_Party/wolfSSL_wolfSSL_wolfSSL/wolfssl/src/ssl.c:22408:28:wolfSSL_get0_param	0	static
../Middlewares/Third_Party/wolfSSL_wolfSSL_wolfSSL/wolfssl/src/ssl.c:22419:5:wolfSSL_i2d_ASN1_INTEGER	24	static
../Middlewares/Third_Party/wolfSSL_wolfSSL_wolfSSL/wolfssl/src/ssl.c:22557:23:wolfSSL_ASN1_INTEGER_new	8	static
../Middlewares/Third_Party/wolfSSL_wolfSSL_wolfSSL/wolfssl/src/ssl.c:22577:6:wolfSSL_ASN1_INTEGER_free	8	static
../Middlewares/Third_Party/wolfSSL_wolfSSL_wolfSSL/wolfssl/src/ssl.c:20099:6:wolfSSL_ASN1_OBJECT_free	8	static
../Middlewares/Third_Party/wolfSSL_wolfSSL_wolfSSL/wolfssl/src/ssl.c:20144:22:wolfSSL_ASN1_OBJECT_dup	16	static
../Middlewares/Third_Party/wolfSSL_wolfSSL_wolfSSL/wolfssl/src/x509.c:4367:13:wolfSSL_GENERAL_NAME_type_free	8	static
../Middlewares/Third_Party/wolfSSL_wolfSSL_wolfSSL/wolfssl/src/x509.c:4431:6:wolfSSL_GENERAL_NAME_free	8	static
../Middlewares/Third_Party/wolfSSL_wolfSSL_wolfSSL/wolfssl/src/x509.c:3975:6:wolfSSL_ACCESS_DESCRIPTION_free	8	static
../Middlewares/Third_Party/wolfSSL_wolfSSL_wolfSSL/wolfssl/src/x509.c:11074:10:wolfSSL_X509_NAME_ENTRY_free	8	static
../Middlewares/Third_Party/wolfSSL_wolfSSL_wolfSSL/wolfssl/src/ssl.c:22478:23:wolfSSL_d2i_ASN1_INTEGER	32	static
../Middlewares/Third_Party/wolfSSL_wolfSSL_wolfSSL/wolfssl/src/ssl.c:22592:23:wolfSSL_ASN1_INTEGER_dup	16	static
../Middlewares/Third_Party/wolfSSL_wolfSSL_wolfSSL/wolfssl/src/ssl.c:22626:5:wolfSSL_ASN1_INTEGER_set	24	static
../Middlewares/Third_Party/wolfSSL_wolfSSL_wolfSSL/wolfssl/src/ssl.c:22892:5:wolfSSL_ASN1_INTEGER_cmp	4	static
../Middlewares/Third_Party/wolfSSL_wolfSSL_wolfSSL/wolfssl/src/ssl.c:22965:5:wolfSSL_get_ex_data_X509_STORE_CTX_idx	0	static
../Middlewares/Third_Party/wolfSSL_wolfSSL_wolfSSL/wolfssl/src/ssl.c:22982:6:wolfSSL_CTX_set_info_callback	0	static
../Middlewares/Third_Party/wolfSSL_wolfSSL_wolfSSL/wolfssl/src/ssl.c:23002:5:wolfSSL_ERR_GET_LIB	0	static
../Middlewares/Third_Party/wolfSSL_wolfSSL_wolfSSL/wolfssl/src/ssl.c:23035:5:wolfSSL_ERR_GET_REASON	0	static
../Middlewares/Third_Party/wolfSSL_wolfSSL_wolfSSL/wolfssl/src/ssl.c:23074:13:wolfSSL_alert_type_string_long	0	static
../Middlewares/Third_Party/wolfSSL_wolfSSL_wolfSSL/wolfssl/src/ssl.c:23082:13:wolfSSL_alert_desc_string_long	0	static
../Middlewares/Third_Party/wolfSSL_wolfSSL_wolfSSL/wolfssl/src/ssl.c:23151:13:wolfSSL_state_string_long	8	static
../Middlewares/Third_Party/wolfSSL_wolfSSL_wolfSSL/wolfssl/src/ssl.c:23525:6:wolfSSL_set_options	56	static
../Middlewares/Third_Party/wolfSSL_wolfSSL_wolfSSL/wolfssl/src/ssl.c:23596:6:wolfSSL_get_options	0	static
../Middlewares/Third_Party/wolfSSL_wolfSSL_wolfSSL/wolfssl/src/ssl.c:23651:6:wolfSSL_clear_options	0	static
../Middlewares/Third_Party/wolfSSL_wolfSSL_wolfSSL/wolfssl/src/ssl.c:23682:17:wolfSSL_sk_SSL_COMP_zero	0	static
../Middlewares/Third_Party/wolfSSL_wolfSSL_wolfSSL/wolfssl/src/ssl.c:23724:18:wolfSSL_get_tlsext_status_exts	0	static
../Middlewares/Third_Party/wolfSSL_wolfSSL_wolfSSL/wolfssl/src/ssl.c:23735:18:wolfSSL_set_tlsext_status_exts	0	static
../Middlewares/Third_Party/wolfSSL_wolfSSL_wolfSSL/wolfssl/src/ssl.c:23746:18:wolfSSL_get_tlsext_status_ids	0	static
../Middlewares/Third_Party/wolfSSL_wolfSSL_wolfSSL/wolfssl/src/ssl.c:23757:18:wolfSSL_set_tlsext_status_ids	0	static
../Middlewares/Third_Party/wolfSSL_wolfSSL_wolfSSL/wolfssl/src/ssl.c:23768:17:SSL_SESSION_set1_id	0	static
../Middlewares/Third_Party/wolfSSL_wolfSSL_wolfSSL/wolfssl/src/ssl.c:23780:17:SSL_SESSION_set1_id_context	0	static
../Middlewares/Third_Party/wolfSSL_wolfSSL_wolfSSL/wolfssl/src/ssl.c:23799:6:wolfSSL_ASN1_TYPE_set	0	static
../Middlewares/Third_Party/wolfSSL_wolfSSL_wolfSSL/wolfssl/src/ssl.c:23837:20:wolfSSL_ASN1_TYPE_new	8	static
../Middlewares/Third_Party/wolfSSL_wolfSSL_wolfSSL/wolfssl/src/ssl.c:23852:6:wolfSSL_ASN1_TYPE_free	8	static
../Middlewares/Third_Party/wolfSSL_wolfSSL_wolfSSL/wolfssl/src/ssl.c:23891:31:wolfSSL_get_privatekey	0	static
../Middlewares/Third_Party/wolfSSL_wolfSSL_wolfSSL/wolfssl/src/ssl.c:23964:5:wolfSSL_ASN1_get_object	48	static
../Middlewares/Third_Party/wolfSSL_wolfSSL_wolfSSL/wolfssl/src/ssl.c:24003:22:wolfSSL_c2i_ASN1_OBJECT	24	static
../Middlewares/Third_Party/wolfSSL_wolfSSL_wolfSSL/wolfssl/src/ssl.c:23917:22:wolfSSL_d2i_ASN1_OBJECT	40	static
../Middlewares/Third_Party/wolfSSL_wolfSSL_wolfSSL/wolfssl/src/ssl.c:24087:5:wolfSSL_i2d_ASN1_OBJECT	16	static
../Middlewares/Third_Party/wolfSSL_wolfSSL_wolfSSL/wolfssl/src/ssl.c:24118:18:SSL_CTX_set_tmp_dh_callback	0	static
../Middlewares/Third_Party/wolfSSL_wolfSSL_wolfSSL/wolfssl/src/ssl.c:24128:38:SSL_COMP_get_compression_methods	0	static
../Middlewares/Third_Party/wolfSSL_wolfSSL_wolfSSL/wolfssl/src/ssl.c:24136:5:wolfSSL_sk_SSL_CIPHER_num	0	static
../Middlewares/Third_Party/wolfSSL_wolfSSL_wolfSSL/wolfssl/src/ssl.c:24152:18:ERR_load_SSL_strings	0	static
../Middlewares/Third_Party/wolfSSL_wolfSSL_wolfSSL/wolfssl/src/ssl.c:24216:20:wolfSSL_get_finished	8	static
../Middlewares/Third_Party/wolfSSL_wolfSSL_wolfSSL/wolfssl/src/ssl.c:24238:20:wolfSSL_get_peer_finished	8	static
../Middlewares/Third_Party/wolfSSL_wolfSSL_wolfSSL/wolfssl/src/ssl.c:24262:6:wolfSSL_get_verify_result	0	static
../Middlewares/Third_Party/wolfSSL_wolfSSL_wolfSSL/wolfssl/src/ssl.c:24276:6:wolfSSL_CTX_sess_accept	0	static
../Middlewares/Third_Party/wolfSSL_wolfSSL_wolfSSL/wolfssl/src/ssl.c:24286:6:wolfSSL_CTX_sess_connect	0	static
../Middlewares/Third_Party/wolfSSL_wolfSSL_wolfSSL/wolfssl/src/ssl.c:24297:6:wolfSSL_CTX_sess_accept_good	0	static
../Middlewares/Third_Party/wolfSSL_wolfSSL_wolfSSL/wolfssl/src/ssl.c:24308:6:wolfSSL_CTX_sess_connect_good	0	static
../Middlewares/Third_Party/wolfSSL_wolfSSL_wolfSSL/wolfssl/src/ssl.c:24319:6:wolfSSL_CTX_sess_accept_renegotiate	0	static
../Middlewares/Third_Party/wolfSSL_wolfSSL_wolfSSL/wolfssl/src/ssl.c:24330:6:wolfSSL_CTX_sess_connect_renegotiate	0	static
../Middlewares/Third_Party/wolfSSL_wolfSSL_wolfSSL/wolfssl/src/ssl.c:24340:6:wolfSSL_CTX_sess_hits	0	static
../Middlewares/Third_Party/wolfSSL_wolfSSL_wolfSSL/wolfssl/src/ssl.c:24350:6:wolfSSL_CTX_sess_cb_hits	0	static
../Middlewares/Third_Party/wolfSSL_wolfSSL_wolfSSL/wolfssl/src/ssl.c:24360:6:wolfSSL_CTX_sess_cache_full	0	static
../Middlewares/Third_Party/wolfSSL_wolfSSL_wolfSSL/wolfssl/src/ssl.c:24370:6:wolfSSL_CTX_sess_misses	0	static
../Middlewares/Third_Party/wolfSSL_wolfSSL_wolfSSL/wolfssl/src/ssl.c:24380:6:wolfSSL_CTX_sess_timeouts	0	static
../Middlewares/Third_Party/wolfSSL_wolfSSL_wolfSSL/wolfssl/src/ssl.c:24390:6:wolfSSL_CTX_sess_number	0	static
../Middlewares/Third_Party/wolfSSL_wolfSSL_wolfSSL/wolfssl/src/ssl.c:24499:6:wolfSSL_CTX_set_tlsext_status_arg	0	static
../Middlewares/Third_Party/wolfSSL_wolfSSL_wolfSSL/wolfssl/src/ssl.c:24517:18:wolfSSL_CTX_get_session_cache_mode	0	static
../Middlewares/Third_Party/wolfSSL_wolfSSL_wolfSSL/wolfssl/src/ssl.c:24548:5:wolfSSL_get_read_ahead	0	static
../Middlewares/Third_Party/wolfSSL_wolfSSL_wolfSSL/wolfssl/src/ssl.c:24558:5:wolfSSL_set_read_ahead	0	static
../Middlewares/Third_Party/wolfSSL_wolfSSL_wolfSSL/wolfssl/src/ssl.c:24570:5:wolfSSL_CTX_get_read_ahead	0	static
../Middlewares/Third_Party/wolfSSL_wolfSSL_wolfSSL/wolfssl/src/ssl.c:24580:5:wolfSSL_CTX_set_read_ahead	0	static
../Middlewares/Third_Party/wolfSSL_wolfSSL_wolfSSL/wolfssl/src/ssl.c:24592:6:wolfSSL_CTX_set_tlsext_opaque_prf_input_callback_arg	0	static
../Middlewares/Third_Party/wolfSSL_wolfSSL_wolfSSL/wolfssl/src/ssl.c:24951:5:wolfSSL_AES_set_encrypt_key	24	static
../Middlewares/Third_Party/wolfSSL_wolfSSL_wolfSSL/wolfssl/src/ssl.c:24979:5:wolfSSL_AES_set_decrypt_key	24	static
../Middlewares/Third_Party/wolfSSL_wolfSSL_wolfSSL/wolfssl/src/ssl.c:25050:6:wolfSSL_AES_cbc_encrypt	24	static
../Middlewares/Third_Party/wolfSSL_wolfSSL_wolfSSL/wolfssl/src/ssl.c:25098:6:wolfSSL_AES_cfb128_encrypt	0	static
../Middlewares/Third_Party/wolfSSL_wolfSSL_wolfSSL/wolfssl/src/ssl.c:25451:20:wolfSSL_ASN1_TIME_set	0	static
../Middlewares/Third_Party/wolfSSL_wolfSSL_wolfSSL/wolfssl/src/ssl.c:25460:5:wolfSSL_ASN1_TIME_set_string	24	static
../Middlewares/Third_Party/wolfSSL_wolfSSL_wolfSSL/wolfssl/src/ssl.c:25548:6:wolfSSL_ASN1_GENERALIZEDTIME_free	0	static
../Middlewares/Third_Party/wolfSSL_wolfSSL_wolfSSL/wolfssl/src/ssl.c:25559:5:wolfSSL_sk_num	0	static
../Middlewares/Third_Party/wolfSSL_wolfSSL_wolfSSL/wolfssl/src/ssl.c:25567:7:wolfSSL_sk_value	0	static
../Middlewares/Third_Party/wolfSSL_wolfSSL_wolfSSL/wolfssl/src/ssl.c:24145:29:wolfSSL_sk_SSL_CIPHER_value	0	static
../Middlewares/Third_Party/wolfSSL_wolfSSL_wolfSSL/wolfssl/src/ssl.c:25728:6:wolfSSL_sk_free	8	static
../Middlewares/Third_Party/wolfSSL_wolfSSL_wolfSSL/wolfssl/src/ssl.c:20244:6:wolfSSL_sk_ASN1_OBJECT_free	0	static
../Middlewares/Third_Party/wolfSSL_wolfSSL_wolfSSL/wolfssl/src/ssl.c:21245:6:wolfSSL_sk_CIPHER_free	0	static
../Middlewares/Third_Party/wolfSSL_wolfSSL_wolfSSL/wolfssl/src/ssl.c:25749:5:wolfSSL_sk_GENERIC_push	0	static
../Middlewares/Third_Party/wolfSSL_wolfSSL_wolfSSL/wolfssl/src/ssl.c:25755:6:wolfSSL_sk_GENERIC_free	0	static
../Middlewares/Third_Party/wolfSSL_wolfSSL_wolfSSL/wolfssl/src/ssl.c:25761:6:wolfSSL_sk_pop_free	16	static
../Middlewares/Third_Party/wolfSSL_wolfSSL_wolfSSL/wolfssl/src/x509.c:226:6:wolfSSL_X509_EXTENSION_free	96	static
../Middlewares/Third_Party/wolfSSL_wolfSSL_wolfSSL/wolfssl/src/x509.c:4253:6:wolfSSL_DIST_POINT_free	16	static
../Middlewares/Third_Party/wolfSSL_wolfSSL_wolfSSL/wolfssl/src/ssl.c:16208:10:wolfSSL_CTX_set_client_CA_list	16	static
../Middlewares/Third_Party/wolfSSL_wolfSSL_wolfSSL/wolfssl/src/ssl.c:16218:10:wolfSSL_set_client_CA_list	16	static
../Middlewares/Third_Party/wolfSSL_wolfSSL_wolfSSL/wolfssl/src/ssl.c:20256:6:wolfSSL_sk_ASN1_OBJECT_pop_free	0	static
../Middlewares/Third_Party/wolfSSL_wolfSSL_wolfSSL/wolfssl/src/ssl.c:25741:6:wolfSSL_sk_GENERIC_pop_free	0	static
../Middlewares/Third_Party/wolfSSL_wolfSSL_wolfSSL/wolfssl/src/ssl.c:25885:16:wolfSSL_sk_new_null	8	static
../Middlewares/Third_Party/wolfSSL_wolfSSL_wolfSSL/wolfssl/src/ssl.c:20183:16:wolfSSL_sk_new_asn1_obj	8	static
../Middlewares/Third_Party/wolfSSL_wolfSSL_wolfSSL/wolfssl/src/ssl.c:21178:16:wolfSSL_sk_new_cipher	8	static
../Middlewares/Third_Party/wolfSSL_wolfSSL_wolfSSL/wolfssl/src/ssl.c:25903:5:wolfSSL_sk_SSL_COMP_num	0	static
../Middlewares/Third_Party/wolfSSL_wolfSSL_wolfSSL/wolfssl/src/ssl.c:27196:5:wolfSSL_ASN1_item_i2d	32	static
../Middlewares/Third_Party/wolfSSL_wolfSSL_wolfSSL/wolfssl/src/ssl.c:27249:19:wolfSSL_HMAC_CTX_new	8	static
../Middlewares/Third_Party/wolfSSL_wolfSSL_wolfSSL/wolfssl/src/ssl.c:27259:5:wolfSSL_HMAC_CTX_Init	8	static
../Middlewares/Third_Party/wolfSSL_wolfSSL_wolfSSL/wolfssl/src/ssl.c:27285:5:wolfSSL_HmacCopy	16	static
../Middlewares/Third_Party/wolfSSL_wolfSSL_wolfSSL/wolfssl/src/ssl.c:27398:5:wolfSSL_HMAC_CTX_copy	8	static
../Middlewares/Third_Party/wolfSSL_wolfSSL_wolfSSL/wolfssl/src/ssl.c:27489:5:wolfSSL_HMAC_Init	32	static
../Middlewares/Third_Party/wolfSSL_wolfSSL_wolfSSL/wolfssl/src/ssl.c:27272:5:wolfSSL_HMAC_Init_ex	0	static
../Middlewares/Third_Party/wolfSSL_wolfSSL_wolfSSL/wolfssl/src/ssl.c:27641:5:wolfSSL_HMAC_Update	8	static
../Middlewares/Third_Party/wolfSSL_wolfSSL_wolfSSL/wolfssl/src/ssl.c:27666:5:wolfSSL_HMAC_Final	16	static
../Middlewares/Third_Party/wolfSSL_wolfSSL_wolfSSL/wolfssl/src/ssl.c:27758:5:wolfSSL_HMAC_cleanup	8	static
../Middlewares/Third_Party/wolfSSL_wolfSSL_wolfSSL/wolfssl/src/ssl.c:27769:6:wolfSSL_HMAC_CTX_cleanup	0	static
../Middlewares/Third_Party/wolfSSL_wolfSSL_wolfSSL/wolfssl/src/ssl.c:27776:6:wolfSSL_HMAC_CTX_free	8	static
../Middlewares/Third_Party/wolfSSL_wolfSSL_wolfSSL/wolfssl/src/ssl.c:27784:8:wolfSSL_HMAC_size	0	static
../Middlewares/Third_Party/wolfSSL_wolfSSL_wolfSSL/wolfssl/src/ssl.c:27793:23:wolfSSL_HMAC_CTX_get_md	0	static
../Middlewares/Third_Party/wolfSSL_wolfSSL_wolfSSL/wolfssl/src/ssl.c:27964:6:wolfSSL_OPENSSL_free	0	static
../Middlewares/Third_Party/wolfSSL_wolfSSL_wolfSSL/wolfssl/src/ssl.c:27974:7:wolfSSL_OPENSSL_malloc	0	static
../Middlewares/Third_Party/wolfSSL_wolfSSL_wolfSSL/wolfssl/src/ssl.c:27979:5:wolfSSL_OPENSSL_hexchar2int	8	static
../Middlewares/Third_Party/wolfSSL_wolfSSL_wolfSSL/wolfssl/src/ssl.c:27985:16:wolfSSL_OPENSSL_hexstr2buf	32	static
../Middlewares/Third_Party/wolfSSL_wolfSSL_wolfSSL/wolfssl/src/ssl.c:28334:5:wolfSSL_CTX_set1_sigalgs_list	16	static
../Middlewares/Third_Party/wolfSSL_wolfSSL_wolfSSL/wolfssl/src/ssl.c:28360:5:wolfSSL_set1_sigalgs_list	16	static
../Middlewares/Third_Party/wolfSSL_wolfSSL_wolfSSL/wolfssl/src/ssl.c:28472:5:wolfSSL_get_signature_nid	20	static
../Middlewares/Third_Party/wolfSSL_wolfSSL_wolfSSL/wolfssl/src/ssl.c:29527:5:wolfSSL_ASN1_STRING_canon	24	static
../Middlewares/Third_Party/wolfSSL_wolfSSL_wolfSSL/wolfssl/src/ssl.c:29942:9:wolfSSL_PEM_get_EVP_CIPHER_INFO	24	static
../Middlewares/Third_Party/wolfSSL_wolfSSL_wolfSSL/wolfssl/src/ssl.c:29956:9:wolfSSL_PEM_do_header	192	static
../Middlewares/Third_Party/wolfSSL_wolfSSL_wolfSSL/wolfssl/src/ssl.c:30023:40:wolfSSL_OBJ_nid2obj_ex	72	static
../Middlewares/Third_Party/wolfSSL_wolfSSL_wolfSSL/wolfssl/src/ssl.c:30017:26:wolfSSL_OBJ_nid2obj	0	static
../Middlewares/Third_Party/wolfSSL_wolfSSL_wolfSSL/wolfssl/src/ssl.c:30254:17:wolfSSL_OBJ_nid2ln	0	static
../Middlewares/Third_Party/wolfSSL_wolfSSL_wolfSSL/wolfssl/src/ssl.c:30494:18:wolfSSL_OBJ_nid2sn	0	static
../Middlewares/Third_Party/wolfSSL_wolfSSL_wolfSSL/wolfssl/src/pk.c:11188:8:wolfSSL_EC_get_builtin_curves	24	static
../Middlewares/Third_Party/wolfSSL_wolfSSL_wolfSSL/wolfssl/src/ssl.c:30517:9:wolfSSL_OBJ_sn2nid	0	static
../Middlewares/Third_Party/wolfSSL_wolfSSL_wolfSSL/wolfssl/src/ssl.c:30525:12:wolfSSL_OBJ_length	16	static
../Middlewares/Third_Party/wolfSSL_wolfSSL_wolfSSL/wolfssl/src/ssl.c:30552:26:wolfSSL_OBJ_get0_data	16	static
../Middlewares/Third_Party/wolfSSL_wolfSSL_wolfSSL/wolfssl/src/ssl.c:30639:9:wolfSSL_OBJ_ln2nid	32	static
../Middlewares/Third_Party/wolfSSL_wolfSSL_wolfSSL/wolfssl/src/ssl.c:30666:9:wolfSSL_OBJ_cmp	24	static
../Middlewares/Third_Party/wolfSSL_wolfSSL_wolfSSL/wolfssl/src/ssl.c:30716:9:wolfSSL_OBJ_txt2nid	32	static
../Middlewares/Third_Party/wolfSSL_wolfSSL_wolfSSL/wolfssl/src/ssl.c:30844:10:wolfSSL_OBJ_cleanup	0	static
../Middlewares/Third_Party/wolfSSL_wolfSSL_wolfSSL/wolfssl/src/ssl.c:30850:9:wolfSSL_OBJ_create	0	static
../Middlewares/Third_Party/wolfSSL_wolfSSL_wolfSSL/wolfssl/src/ssl.c:30860:10:wolfSSL_set_verify_depth	0	static
../Middlewares/Third_Party/wolfSSL_wolfSSL_wolfSSL/wolfssl/src/ssl.c:30874:27:wolfSSL_X509_NAME_ENTRY_get_object	8	static
../Middlewares/Third_Party/wolfSSL_wolfSSL_wolfSSL/wolfssl/src/ssl.c:30897:15:wolfSSL_ERR_peek_last_error_line	8	static
../Middlewares/Third_Party/wolfSSL_wolfSSL_wolfSSL/wolfssl/src/ssl.c:31119:7:wolfSSL_get_app_data	0	static
../Middlewares/Third_Party/wolfSSL_wolfSSL_wolfSSL/wolfssl/src/ssl.c:31135:5:wolfSSL_set_app_data	0	static
../Middlewares/Third_Party/wolfSSL_wolfSSL_wolfSSL/wolfssl/src/ssl.c:31146:5:wolfSSL_set_ex_data	0	static
../Middlewares/Third_Party/wolfSSL_wolfSSL_wolfSSL/wolfssl/src/ssl.c:31180:7:wolfSSL_get_ex_data	0	static
../Middlewares/Third_Party/wolfSSL_wolfSSL_wolfSSL/wolfssl/src/ssl.c:31248:5:wolfSSL_get_state	0	static
../Middlewares/Third_Party/wolfSSL_wolfSSL_wolfSSL/wolfssl/src/ssl.c:31262:6:wolfSSL_certs_clear	16	static
../Middlewares/Third_Party/wolfSSL_wolfSSL_wolfSSL/wolfssl/src/ssl.c:31463:6:wolfSSL_CTX_callback_ctrl	0	static
../Middlewares/Third_Party/wolfSSL_wolfSSL_wolfSSL/wolfssl/src/ssl.c:31475:6:wolfSSL_CTX_clear_extra_chain_certs	0	static
../Middlewares/Third_Party/wolfSSL_wolfSSL_wolfSSL/wolfssl/src/ssl.c:31483:16:wolfSSL_get_verify_callback	0	static
../Middlewares/Third_Party/wolfSSL_wolfSSL_wolfSSL/wolfssl/src/ssl.c:31656:6:wolfSSL_ERR_remove_thread_state	0	static
../Middlewares/Third_Party/wolfSSL_wolfSSL_wolfSSL/wolfssl/src/ssl.c:31744:5:wolfSSL_SESSION_set_ex_data	0	static
../Middlewares/Third_Party/wolfSSL_wolfSSL_wolfSSL/wolfssl/src/ssl.c:31787:7:wolfSSL_SESSION_get_ex_data	0	static
../Middlewares/Third_Party/wolfSSL_wolfSSL_wolfSSL/wolfssl/src/ssl.c:31858:5:wolfSSL_CRYPTO_set_mem_functions	16	static
../Middlewares/Third_Party/wolfSSL_wolfSSL_wolfSSL/wolfssl/src/ssl.c:31893:5:wolfSSL_ERR_load_ERR_strings	0	static
../Middlewares/Third_Party/wolfSSL_wolfSSL_wolfSSL/wolfssl/src/ssl.c:31898:6:wolfSSL_ERR_load_crypto_strings	0	static
../Middlewares/Third_Party/wolfSSL_wolfSSL_wolfSSL/wolfssl/src/ssl.c:31905:5:wolfSSL_FIPS_mode	0	static
../Middlewares/Third_Party/wolfSSL_wolfSSL_wolfSSL/wolfssl/src/ssl.c:31914:5:wolfSSL_FIPS_mode_set	0	static
../Middlewares/Third_Party/wolfSSL_wolfSSL_wolfSSL/wolfssl/src/ssl.c:31931:5:wolfSSL_CIPHER_get_bits	0	static
../Middlewares/Third_Party/wolfSSL_wolfSSL_wolfSSL/wolfssl/src/ssl.c:31954:5:wolfSSL_sk_SSL_CIPHER_find	12	static
../Middlewares/Third_Party/wolfSSL_wolfSSL_wolfSSL/wolfssl/src/ssl.c:31977:6:wolfSSL_sk_SSL_CIPHER_free	0	static
../Middlewares/Third_Party/wolfSSL_wolfSSL_wolfSSL/wolfssl/src/ssl.c:31984:5:wolfSSL_set_tlsext_host_name	16	static
../Middlewares/Third_Party/wolfSSL_wolfSSL_wolfSSL/wolfssl/src/ssl.c:31293:6:wolfSSL_ctrl	0	static
../Middlewares/Third_Party/wolfSSL_wolfSSL_wolfSSL/wolfssl/src/ssl.c:31996:14:wolfSSL_get_servername	16	static
../Middlewares/Third_Party/wolfSSL_wolfSSL_wolfSSL/wolfssl/src/ssl.c:32007:14:wolfSSL_set_SSL_CTX	16	static
../Middlewares/Third_Party/wolfSSL_wolfSSL_wolfSSL/wolfssl/src/ssl.c:32074:16:wolfSSL_CTX_get_verify_callback	0	static
../Middlewares/Third_Party/wolfSSL_wolfSSL_wolfSSL/wolfssl/src/ssl.c:32085:6:wolfSSL_CTX_set_servername_callback	0	static
../Middlewares/Third_Party/wolfSSL_wolfSSL_wolfSSL/wolfssl/src/ssl.c:32092:5:wolfSSL_CTX_set_tlsext_servername_callback	0	static
../Middlewares/Third_Party/wolfSSL_wolfSSL_wolfSSL/wolfssl/src/ssl.c:32103:5:wolfSSL_CTX_set_servername_arg	0	static
../Middlewares/Third_Party/wolfSSL_wolfSSL_wolfSSL/wolfssl/src/ssl.c:32117:6:wolfSSL_ERR_load_BIO_strings	0	static
../Middlewares/Third_Party/wolfSSL_wolfSSL_wolfSSL/wolfssl/src/ssl.c:32125:5:wolfSSL_THREADID_set_callback	0	static
../Middlewares/Third_Party/wolfSSL_wolfSSL_wolfSSL/wolfssl/src/ssl.c:32136:6:wolfSSL_THREADID_set_numeric	0	static
../Middlewares/Third_Party/wolfSSL_wolfSSL_wolfSSL/wolfssl/src/ssl.c:32153:5:wolfSSL_CRYPTO_memcmp	16	static
../Middlewares/Third_Party/wolfSSL_wolfSSL_wolfSSL/wolfssl/src/ssl.c:32160:15:wolfSSL_ERR_peek_last_error	8	static
../Middlewares/Third_Party/wolfSSL_wolfSSL_wolfSSL/wolfssl/src/ssl.c:6388:5:ProcessBuffer	168	static
../Middlewares/Third_Party/wolfSSL_wolfSSL_wolfSSL/wolfssl/src/ssl.c:10230:5:wolfSSL_use_certificate_ASN1	40	static
../Middlewares/Third_Party/wolfSSL_wolfSSL_wolfSSL/wolfssl/src/ssl.c:15704:9:wolfSSL_CTX_use_certificate_buffer	32	static
../Middlewares/Third_Party/wolfSSL_wolfSSL_wolfSSL/wolfssl/src/ssl.c:31494:5:wolfSSL_CTX_use_certificate_ASN1	8	static
../Middlewares/Third_Party/wolfSSL_wolfSSL_wolfSSL/wolfssl/src/ssl.c:15717:9:wolfSSL_CTX_use_PrivateKey_buffer	32	static
../Middlewares/Third_Party/wolfSSL_wolfSSL_wolfSSL/wolfssl/src/ssl.c:10186:5:wolfSSL_CTX_use_PrivateKey_ASN1	4	static
../Middlewares/Third_Party/wolfSSL_wolfSSL_wolfSSL/wolfssl/src/ssl.c:30930:5:wolfSSL_CTX_use_PrivateKey	16	static
../Middlewares/Third_Party/wolfSSL_wolfSSL_wolfSSL/wolfssl/src/ssl.c:15785:9:wolfSSL_CTX_use_certificate_chain_buffer_format	32	static
../Middlewares/Third_Party/wolfSSL_wolfSSL_wolfSSL/wolfssl/src/ssl.c:15793:9:wolfSSL_CTX_use_certificate_chain_buffer	0	static
../Middlewares/Third_Party/wolfSSL_wolfSSL_wolfSSL/wolfssl/src/ssl.c:15909:9:wolfSSL_use_certificate_buffer	32	static
../Middlewares/Third_Party/wolfSSL_wolfSSL_wolfSSL/wolfssl/src/ssl.c:15921:9:wolfSSL_use_PrivateKey_buffer	32	static
../Middlewares/Third_Party/wolfSSL_wolfSSL_wolfSSL/wolfssl/src/ssl.c:10156:5:wolfSSL_use_PrivateKey	0	static
../Middlewares/Third_Party/wolfSSL_wolfSSL_wolfSSL/wolfssl/src/ssl.c:10168:5:wolfSSL_use_PrivateKey_ASN1	4	static
../Middlewares/Third_Party/wolfSSL_wolfSSL_wolfSSL/wolfssl/src/ssl.c:10200:5:wolfSSL_use_RSAPrivateKey_ASN1	0	static
../Middlewares/Third_Party/wolfSSL_wolfSSL_wolfSSL/wolfssl/src/ssl.c:15991:9:wolfSSL_use_certificate_chain_buffer_format	32	static
../Middlewares/Third_Party/wolfSSL_wolfSSL_wolfSSL/wolfssl/src/ssl.c:16002:9:wolfSSL_use_certificate_chain_buffer	0	static
../Middlewares/Third_Party/wolfSSL_wolfSSL_wolfSSL/wolfssl/src/ssl.c:15635:9:wolfSSL_CTX_load_verify_buffer_ex	72	static
../Middlewares/Third_Party/wolfSSL_wolfSSL_wolfSSL/wolfssl/src/ssl.c:15665:9:wolfSSL_CTX_load_verify_buffer	16	static
../Middlewares/Third_Party/wolfSSL_wolfSSL_wolfSSL/wolfssl/src/ssl.c:15673:9:wolfSSL_CTX_load_verify_chain_buffer_format	16	static
../Middlewares/Third_Party/wolfSSL_wolfSSL_wolfSSL/wolfssl/src/ssl.c:10211:5:wolfSSL_use_certificate	40	static
../Middlewares/Third_Party/wolfSSL_wolfSSL_wolfSSL/wolfssl/src/ssl.c:32187:5:wolfSSL_version	0	static
../Middlewares/Third_Party/wolfSSL_wolfSSL_wolfSSL/wolfssl/src/ssl.c:32219:14:wolfSSL_get_SSL_CTX	0	static
../Middlewares/Third_Party/wolfSSL_wolfSSL_wolfSSL/wolfssl/src/ssl.c:32229:13:wolfSSL_SESSION_get_id	0	static
../Middlewares/Third_Party/wolfSSL_wolfSSL_wolfSSL/wolfssl/src/ssl.c:23673:22:SSL_SESSION_get0_id_context	0	static
../Middlewares/Third_Party/wolfSSL_wolfSSL_wolfSSL/wolfssl/src/ssl.c:32436:5:wolfSSL_get_verify_mode	0	static
../Middlewares/Third_Party/wolfSSL_wolfSSL_wolfSSL/wolfssl/src/ssl.c:32468:5:wolfSSL_CTX_get_verify_mode	0	static
../Middlewares/Third_Party/wolfSSL_wolfSSL_wolfSSL/wolfssl/src/ssl.c:33278:15:wolfSSL_ERR_peek_error_line_data	16	static
../Middlewares/Third_Party/wolfSSL_wolfSSL_wolfSSL/wolfssl/src/ssl.c:22995:15:wolfSSL_ERR_peek_error	0	static
../Middlewares/Third_Party/wolfSSL_wolfSSL_wolfSSL/wolfssl/src/ssl.c:33395:32:wolfSSL_get_ciphers_compat	56	static
../Middlewares/Third_Party/wolfSSL_wolfSSL_wolfSSL/wolfssl/src/ssl.c:33482:6:wolfSSL_SSL_CTX_get_timeout	0	static
../Middlewares/Third_Party/wolfSSL_wolfSSL_wolfSSL/wolfssl/src/ssl.c:33494:6:wolfSSL_get_timeout	0	static
../Middlewares/Third_Party/wolfSSL_wolfSSL_wolfSSL/wolfssl/src/ssl.c:33508:5:wolfSSL_SSL_CTX_set_tmp_ecdh	0	static
../Middlewares/Third_Party/wolfSSL_wolfSSL_wolfSSL/wolfssl/src/ssl.c:33522:5:wolfSSL_SSL_CTX_remove_session	0	static
../Middlewares/Third_Party/wolfSSL_wolfSSL_wolfSSL/wolfssl/src/ssl.c:33596:6:wolfSSL_SSL_get_rbio	0	static
../Middlewares/Third_Party/wolfSSL_wolfSSL_wolfSSL/wolfssl/src/ssl.c:33607:6:wolfSSL_SSL_get_wbio	0	static
../Middlewares/Third_Party/wolfSSL_wolfSSL_wolfSSL/wolfssl/src/ssl.c:33621:5:wolfSSL_SSL_do_handshake_internal	0	static
../Middlewares/Third_Party/wolfSSL_wolfSSL_wolfSSL/wolfssl/src/ssl.c:33644:5:wolfSSL_SSL_do_handshake	0	static
../Middlewares/Third_Party/wolfSSL_wolfSSL_wolfSSL/wolfssl/src/ssl.c:33658:5:wolfSSL_SSL_in_init	0	static
../Middlewares/Third_Party/wolfSSL_wolfSSL_wolfSSL/wolfssl/src/ssl.c:33672:5:wolfSSL_SSL_in_connect_init	0	static
../Middlewares/Third_Party/wolfSSL_wolfSSL_wolfSSL/wolfssl/src/ssl.c:34201:5:wolfSSL_CTX_get_tlsext_status_cb	0	static
../Middlewares/Third_Party/wolfSSL_wolfSSL_wolfSSL/wolfssl/src/ssl.c:34221:5:wolfSSL_CTX_set_tlsext_status_cb	0	static
../Middlewares/Third_Party/wolfSSL_wolfSSL_wolfSSL/wolfssl/src/ssl.c:34242:5:wolfSSL_CTX_get0_chain_certs	0	static
../Middlewares/Third_Party/wolfSSL_wolfSSL_wolfSSL/wolfssl/src/ssl.c:34255:5:wolfSSL_get0_chain_certs	0	static
../Middlewares/Third_Party/wolfSSL_wolfSSL_wolfSSL/wolfssl/src/ssl.c:34268:32:wolfSSL_sk_WOLFSSL_STRING_new	8	static
../Middlewares/Third_Party/wolfSSL_wolfSSL_wolfSSL/wolfssl/src/ssl.c:34287:6:wolfSSL_sk_WOLFSSL_STRING_free	16	static
../Middlewares/Third_Party/wolfSSL_wolfSSL_wolfSSL/wolfssl/src/ssl.c:34304:16:wolfSSL_sk_WOLFSSL_STRING_value	0	static
../Middlewares/Third_Party/wolfSSL_wolfSSL_wolfSSL/wolfssl/src/ssl.c:34314:5:wolfSSL_sk_WOLFSSL_STRING_num	0	static
../Middlewares/Third_Party/wolfSSL_wolfSSL_wolfSSL/wolfssl/src/ssl.c:34424:5:wolfSSL_curve_is_disabled	0	static
../Middlewares/Third_Party/wolfSSL_wolfSSL_wolfSSL/wolfssl/src/ssl.c:34592:5:wolfSSL_CTX_set1_curves_list	0	static
../Middlewares/Third_Party/wolfSSL_wolfSSL_wolfSSL/wolfssl/src/ssl.c:34601:5:wolfSSL_set1_curves_list	0	static
../Middlewares/Third_Party/wolfSSL_wolfSSL_wolfSSL/wolfssl/src/conf.c:1239:12:cmdfunc_curves	16	static
../Middlewares/Third_Party/wolfSSL_wolfSSL_wolfSSL/wolfssl/src/ssl.c:34620:5:wolfSSL_CTX_set_msg_callback	0	static
../Middlewares/Third_Party/wolfSSL_wolfSSL_wolfSSL/wolfssl/src/ssl.c:34640:5:wolfSSL_set_msg_callback	0	static
../Middlewares/Third_Party/wolfSSL_wolfSSL_wolfSSL/wolfssl/src/ssl.c:34659:5:wolfSSL_CTX_set_msg_callback_arg	0	static
../Middlewares/Third_Party/wolfSSL_wolfSSL_wolfSSL/wolfssl/src/ssl.c:34672:5:wolfSSL_set_msg_callback_arg	0	static
../Middlewares/Third_Party/wolfSSL_wolfSSL_wolfSSL/wolfssl/src/ssl.c:34682:7:wolfSSL_OPENSSL_memdup	16	static
../Middlewares/Third_Party/wolfSSL_wolfSSL_wolfSSL/wolfssl/src/ssl.c:34698:6:wolfSSL_OPENSSL_cleanse	0	static
[...]
../Middlewares/Third_Party/wolfSSL_wolfSSL_wolfSSL/wolfssl/src/x509.c:12168:5:wolfSSL_X509_NAME_print_ex	400	static
../Middlewares/Third_Party/wolfSSL_wolfSSL_wolfSSL/wolfssl/src/x509.c:4475:5:wolfSSL_GENERAL_NAME_print	32	static
../Middlewares/Third_Party/wolfSSL_wolfSSL_wolfSSL/wolfssl/src/x509.c:6149:12:X509PrintName.constprop	104	static
../Middlewares/Third_Party/wolfSSL_wolfSSL_wolfSSL/wolfssl/wolfcrypt/src/evp.c:10041:5:wolfSSL_EVP_PKEY_print_public	128	static
../Middlewares/Third_Party/wolfSSL_wolfSSL_wolfSSL/wolfssl/src/x509.c:6338:5:wolfSSL_X509_print_ex	328	static
../Middlewares/Third_Party/wolfSSL_wolfSSL_wolfSSL/wolfssl/src/x509.c:6474:5:wolfSSL_X509_print	0	static
../Middlewares/Third_Party/wolfSSL_wolfSSL_wolfSSL/wolfssl/src/ssl.c:38719:5:wolfSSL_BUF_MEM_grow	0	static
../Middlewares/Third_Party/wolfSSL_wolfSSL_wolfSSL/wolfssl/src/ssl.c:38725:5:wolfSSL_BUF_MEM_resize	16	static
../Middlewares/Third_Party/wolfSSL_wolfSSL_wolfSSL/wolfssl/src/bio.c:97:12:wolfSSL_BIO_MEMORY_read	24	static
../Middlewares/Third_Party/wolfSSL_wolfSSL_wolfSSL/wolfssl/src/bio.c:240:5:wolfSSL_BIO_read	56	static
../Middlewares/Third_Party/wolfSSL_wolfSSL_wolfSSL/wolfssl/src/ssl.c:9709:19:wolfSSL_d2i_PUBKEY_bio	24	static
../Middlewares/Third_Party/wolfSSL_wolfSSL_wolfSSL/wolfssl/src/ssl.c:31555:19:wolfSSL_d2i_PrivateKey_bio	48	static
../Middlewares/Third_Party/wolfSSL_wolfSSL_wolfSSL/wolfssl/src/x509.c:7085:15:wolfSSL_d2i_X509_bio	32	static
../Middlewares/Third_Party/wolfSSL_wolfSSL_wolfSSL/wolfssl/src/x509.c:10467:19:wolfSSL_PEM_read_bio_X509	64	static
../Middlewares/Third_Party/wolfSSL_wolfSSL_wolfSSL/wolfssl/src/ssl.c:29992:19:wolfSSL_PEM_read_bio_X509_AUX	0	static
../Middlewares/Third_Party/wolfSSL_wolfSSL_wolfSSL/wolfssl/src/pk.c:134:12:pem_read_bio_key.constprop	72	static
../Middlewares/Third_Party/wolfSSL_wolfSSL_wolfSSL/wolfssl/src/ssl.c:28633:19:wolfSSL_PEM_read_bio_PUBKEY	40	static
../Middlewares/Third_Party/wolfSSL_wolfSSL_wolfSSL/wolfssl/src/ssl.c:28578:19:wolfSSL_PEM_read_bio_PrivateKey	40	static
../Middlewares/Third_Party/wolfSSL_wolfSSL_wolfSSL/wolfssl/src/pk.c:12007:19:wolfSSL_PEM_read_bio_ECPKParameters	8	static
../Middlewares/Third_Party/wolfSSL_wolfSSL_wolfSSL/wolfssl/src/pk.c:2168:14:wolfSSL_PEM_read_bio_RSAPrivateKey	32	static
../Middlewares/Third_Party/wolfSSL_wolfSSL_wolfSSL/wolfssl/src/pk.c:1852:14:wolfSSL_PEM_read_bio_RSA_PUBKEY	32	static
../Middlewares/Third_Party/wolfSSL_wolfSSL_wolfSSL/wolfssl/src/bio.c:815:5:wolfSSL_BIO_gets	40	static
../Middlewares/Third_Party/wolfSSL_wolfSSL_wolfSSL/wolfssl/src/ssl.c:29664:9:wolfSSL_PEM_read_bio	336	static
../Middlewares/Third_Party/wolfSSL_wolfSSL_wolfSSL/wolfssl/src/ssl.c:33700:5:wolfSSL_a2i_ASN1_INTEGER	56	static
../Middlewares/Third_Party/wolfSSL_wolfSSL_wolfSSL/wolfssl/src/ssl.c:38756:6:wolfSSL_BUF_MEM_free	8	static
../Middlewares/Third_Party/wolfSSL_wolfSSL_wolfSSL/wolfssl/src/bio.c:2550:9:wolfSSL_BIO_free	24	static
../Middlewares/Third_Party/wolfSSL_wolfSSL_wolfSSL/wolfssl/src/ssl.c:16156:10:wolfSSL_set_bio	16	static
../Middlewares/Third_Party/wolfSSL_wolfSSL_wolfSSL/wolfssl/src/bio.c:2279:10:wolfSSL_BIO_set_ssl	8	static
../Middlewares/Third_Party/wolfSSL_wolfSSL_wolfSSL/wolfssl/src/bio.c:2684:18:wolfSSL_BIO_push	8	static
../Middlewares/Third_Party/wolfSSL_wolfSSL_wolfSSL/wolfssl/src/bio.c:2667:10:wolfSSL_BIO_vfree	0	static
../Middlewares/Third_Party/wolfSSL_wolfSSL_wolfSSL/wolfssl/src/bio.c:2673:10:wolfSSL_BIO_free_all	8	static
../Middlewares/Third_Party/wolfSSL_wolfSSL_wolfSSL/wolfssl/src/conf.c:47:17:wolfSSL_TXT_DB_read	48	static
../Middlewares/Third_Party/wolfSSL_wolfSSL_wolfSSL/wolfssl/src/conf.c:155:6:wolfSSL_TXT_DB_write	560	static
../Middlewares/Third_Party/wolfSSL_wolfSSL_wolfSSL/wolfssl/src/conf.c:222:5:wolfSSL_TXT_DB_insert	8	static
../Middlewares/Third_Party/wolfSSL_wolfSSL_wolfSSL/wolfssl/src/conf.c:239:6:wolfSSL_TXT_DB_free	8	static
../Middlewares/Third_Party/wolfSSL_wolfSSL_wolfSSL/wolfssl/src/conf.c:250:5:wolfSSL_TXT_DB_create_index	0	static
../Middlewares/Third_Party/wolfSSL_wolfSSL_wolfSSL/wolfssl/src/conf.c:267:17:wolfSSL_TXT_DB_get_by_index	8	static
../Middlewares/Third_Party/wolfSSL_wolfSSL_wolfSSL/wolfssl/src/conf.c:311:6:wolfSSL_OPENSSL_config	0	static
../Middlewares/Third_Party/wolfSSL_wolfSSL_wolfSSL/wolfssl/src/conf.c:338:15:wolfSSL_LH_strhash	0	static
../Middlewares/Third_Party/wolfSSL_wolfSSL_wolfSSL/wolfssl/src/conf.c:383:21:wolfSSL_lh_WOLFSSL_CONF_VALUE_retrieve	0	static
../Middlewares/Third_Party/wolfSSL_wolfSSL_wolfSSL/wolfssl/src/conf.c:396:5:wolfSSL_CONF_modules_load	0	static
../Middlewares/Third_Party/wolfSSL_wolfSSL_wolfSSL/wolfssl/src/conf.c:408:21:wolfSSL_CONF_VALUE_new	8	static
../Middlewares/Third_Party/wolfSSL_wolfSSL_wolfSSL/wolfssl/src/bio.c:2447:18:wolfSSL_BIO_new	16	static
../Middlewares/Third_Party/wolfSSL_wolfSSL_wolfSSL/wolfssl/src/bio.c:2023:18:wolfSSL_BIO_new_socket	16	static
../Middlewares/Third_Party/wolfSSL_wolfSSL_wolfSSL/wolfssl/src/bio.c:2042:18:wolfSSL_BIO_new_connect	16	static
../Middlewares/Third_Party/wolfSSL_wolfSSL_wolfSSL/wolfssl/src/bio.c:2071:18:wolfSSL_BIO_new_accept	16	static
../Middlewares/Third_Party/wolfSSL_wolfSSL_wolfSSL/wolfssl/src/bio.c:2319:18:wolfSSL_BIO_new_ssl_connect	16	static
../Middlewares/Third_Party/wolfSSL_wolfSSL_wolfSSL/wolfssl/src/bio.c:2512:18:wolfSSL_BIO_new_mem_buf	24	static
../Middlewares/Third_Party/wolfSSL_wolfSSL_wolfSSL/wolfssl/src/bio.c:3106:5:wolfSSL_BIO_new_bio_pair	32	static
../Middlewares/Third_Party/wolfSSL_wolfSSL_wolfSSL/wolfssl/src/x509.c:10959:39:wolfSSL_PEM_X509_INFO_read_bio	80	static
../Middlewares/Third_Party/wolfSSL_wolfSSL_wolfSSL/wolfssl/src/ssl.c:38659:18:wolfSSL_BUF_MEM_new	0	static
../Middlewares/Third_Party/wolfSSL_wolfSSL_wolfSSL/wolfssl/src/conf.c:421:5:wolfSSL_CONF_add_string	16	static
../Middlewares/Third_Party/wolfSSL_wolfSSL_wolfSSL/wolfssl/src/conf.c:498:21:wolfSSL_CONF_get_section	16	static
../Middlewares/Third_Party/wolfSSL_wolfSSL_wolfSSL/wolfssl/src/conf.c:546:7:wolfSSL_NCONF_get_string	32	static
../Middlewares/Third_Party/wolfSSL_wolfSSL_wolfSSL/wolfssl/src/conf.c:586:5:wolfSSL_NCONF_get_number	16	static
../Middlewares/Third_Party/wolfSSL_wolfSSL_wolfSSL/wolfssl/src/conf.c:614:16:wolfSSL_NCONF_get_section	24	static
../Middlewares/Third_Party/wolfSSL_wolfSSL_wolfSSL/wolfssl/src/conf.c:782:5:wolfSSL_NCONF_load	0	static
../Middlewares/Third_Party/wolfSSL_wolfSSL_wolfSSL/wolfssl/src/conf.c:986:16:wolfSSL_sk_CONF_VALUE_new	8	static
../Middlewares/Third_Party/wolfSSL_wolfSSL_wolfSSL/wolfssl/src/conf.c:1004:6:wolfSSL_sk_CONF_VALUE_free	16	static
../Middlewares/Third_Party/wolfSSL_wolfSSL_wolfSSL/wolfssl/src/conf.c:949:6:wolfSSL_NCONF_free	8	static
../Middlewares/Third_Party/wolfSSL_wolfSSL_wolfSSL/wolfssl/src/conf.c:525:15:wolfSSL_NCONF_new	16	static
../Middlewares/Third_Party/wolfSSL_wolfSSL_wolfSSL/wolfssl/src/conf.c:446:21:wolfSSL_CONF_new_section	32	static
../Middlewares/Third_Party/wolfSSL_wolfSSL_wolfSSL/wolfssl/src/conf.c:1021:5:wolfSSL_sk_CONF_VALUE_num	0	static
../Middlewares/Third_Party/wolfSSL_wolfSSL_wolfSSL/wolfssl/src/conf.c:1029:21:wolfSSL_sk_CONF_VALUE_value	0	static
../Middlewares/Third_Party/wolfSSL_wolfSSL_wolfSSL/wolfssl/src/conf.c:1038:5:wolfSSL_sk_CONF_VALUE_push	0	static
../Middlewares/Third_Party/wolfSSL_wolfSSL_wolfSSL/wolfssl/src/conf.c:1056:7:wolfSSL_CONF_get1_default_config_file	0	static
../Middlewares/Third_Party/wolfSSL_wolfSSL_wolfSSL/wolfssl/src/conf.c:1068:19:wolfSSL_CONF_CTX_new	8	static
../Middlewares/Third_Party/wolfSSL_wolfSSL_wolfSSL/wolfssl/src/x509.c:1890:7:wolfSSL_X509_get_ext_d2i	32	static
../Middlewares/Third_Party/wolfSSL_wolfSSL_wolfSSL/wolfssl/src/x509.c:8996:26:wolfSSL_AUTHORITY_KEYID_new	0	static
../Middlewares/Third_Party/wolfSSL_wolfSSL_wolfSSL/wolfssl/src/conf.c:1088:6:wolfSSL_CONF_CTX_free	0	static
../Middlewares/Third_Party/wolfSSL_wolfSSL_wolfSSL/wolfssl/src/conf.c:1103:6:wolfSSL_CONF_CTX_set_ssl_ctx	0	static
../Middlewares/Third_Party/wolfSSL_wolfSSL_wolfSSL/wolfssl/src/conf.c:1122:14:wolfSSL_CONF_CTX_set_flags	0	static
../Middlewares/Third_Party/wolfSSL_wolfSSL_wolfSSL/wolfssl/src/conf.c:1138:5:wolfSSL_CONF_CTX_finish	0	static
../Middlewares/Third_Party/wolfSSL_wolfSSL_wolfSSL/wolfssl/src/conf.c:1525:5:wolfSSL_CONF_cmd	16	static
../Middlewares/Third_Party/wolfSSL_wolfSSL_wolfSSL/wolfssl/src/conf.c:1563:5:wolfSSL_CONF_cmd_value_type	8	static
../Middlewares/Third_Party/wolfSSL_wolfSSL_wolfSSL/wolfssl/src/ssl.c:38803:5:wolfSSL_RAND_Init	16	static
../Middlewares/Third_Party/wolfSSL_wolfSSL_wolfSSL/wolfssl/src/pk.c:11548:5:wolfSSL_ECDH_compute_key	32	static
../Middlewares/Third_Party/wolfSSL_wolfSSL_wolfSSL/wolfssl/src/ssl.c:36132:5:wolfSSL_BN_rand	32	static
../Middlewares/Third_Party/wolfSSL_wolfSSL_wolfSSL/wolfssl/src/ssl.c:38823:5:wolfSSL_RAND_seed	16	static
../Middlewares/Third_Party/wolfSSL_wolfSSL_wolfSSL/wolfssl/src/ssl.c:38854:13:wolfSSL_RAND_file_name	0	static
../Middlewares/Third_Party/wolfSSL_wolfSSL_wolfSSL/wolfssl/src/ssl.c:38916:5:wolfSSL_RAND_write_file	0	static
../Middlewares/Third_Party/wolfSSL_wolfSSL_wolfSSL/wolfssl/src/ssl.c:38997:5:wolfSSL_RAND_egd	0	static
../Middlewares/Third_Party/wolfSSL_wolfSSL_wolfSSL/wolfssl/src/ssl.c:39149:6:wolfSSL_RAND_Cleanup	16	static
../Middlewares/Third_Party/wolfSSL_wolfSSL_wolfSSL/wolfssl/src/ssl.c:39223:5:wolfSSL_RAND_bytes	40	static
../Middlewares/Third_Party/wolfSSL_wolfSSL_wolfSSL/wolfssl/src/ssl.c:39173:5:wolfSSL_RAND_pseudo_bytes	16	static
../Middlewares/Third_Party/wolfSSL_wolfSSL_wolfSSL/wolfssl/src/ssl.c:39316:5:wolfSSL_RAND_poll	24	static
../Middlewares/Third_Party/wolfSSL_wolfSSL_wolfSSL/wolfssl/src/ssl.c:39342:9:wolfSSL_RAND_set_rand_method	8	static
../Middlewares/Third_Party/wolfSSL_wolfSSL_wolfSSL/wolfssl/src/ssl.c:39357:9:wolfSSL_RAND_status	8	static
../Middlewares/Third_Party/wolfSSL_wolfSSL_wolfSSL/wolfssl/src/ssl.c:39375:10:wolfSSL_RAND_add	24	static
../Middlewares/Third_Party/wolfSSL_wolfSSL_wolfSSL/wolfssl/src/ssl.c:39407:10:wolfSSL_StoreExternalIV	0	static
../Middlewares/Third_Party/wolfSSL_wolfSSL_wolfSSL/wolfssl/wolfcrypt/src/evp.c:6068:9:wolfSSL_EVP_CipherInit	40	static
../Middlewares/Third_Party/wolfSSL_wolfSSL_wolfSSL/wolfssl/wolfcrypt/src/evp.c:263:6:wolfSSL_EVP_EncryptInit	16	static
../Middlewares/Third_Party/wolfSSL_wolfSSL_wolfSSL/wolfssl/wolfcrypt/src/evp.c:271:6:wolfSSL_EVP_EncryptInit_ex	4	static
../Middlewares/Third_Party/wolfSSL_wolfSSL_wolfSSL/wolfssl/wolfcrypt/src/evp.c:281:6:wolfSSL_EVP_DecryptInit	16	static
../Middlewares/Third_Party/wolfSSL_wolfSSL_wolfSSL/wolfssl/wolfcrypt/src/evp.c:290:6:wolfSSL_EVP_DecryptInit_ex	4	static
../Middlewares/Third_Party/wolfSSL_wolfSSL_wolfSSL/wolfssl/wolfcrypt/src/evp.c:359:6:wolfSSL_EVP_CipherInit_ex	4	static
../Middlewares/Third_Party/wolfSSL_wolfSSL_wolfSSL/wolfssl/wolfcrypt/src/evp.c:858:5:wolfSSL_EVP_CipherFinal	32	static
../Middlewares/Third_Party/wolfSSL_wolfSSL_wolfSSL/wolfssl/wolfcrypt/src/evp.c:347:6:wolfSSL_EVP_EncryptFinal	0	static
../Middlewares/Third_Party/wolfSSL_wolfSSL_wolfSSL/wolfssl/wolfcrypt/src/evp.c:370:6:wolfSSL_EVP_EncryptFinal_ex	0	static
../Middlewares/Third_Party/wolfSSL_wolfSSL_wolfSSL/wolfssl/wolfcrypt/src/evp.c:381:6:wolfSSL_EVP_DecryptFinal	0	static
../Middlewares/Third_Party/wolfSSL_wolfSSL_wolfSSL/wolfssl/wolfcrypt/src/evp.c:393:6:wolfSSL_EVP_DecryptFinal_ex	0	static
../Middlewares/Third_Party/wolfSSL_wolfSSL_wolfSSL/wolfssl/wolfcrypt/src/evp.c:7032:9:wolfSSL_EVP_CIPHER_CTX_set_iv	24	static
../Middlewares/Third_Party/wolfSSL_wolfSSL_wolfSSL/wolfssl/wolfcrypt/src/evp.c:5528:9:wolfSSL_EVP_CIPHER_CTX_ctrl	32	static
../Middlewares/Third_Party/wolfSSL_wolfSSL_wolfSSL/wolfssl/wolfcrypt/src/evp.c:7080:9:wolfSSL_EVP_Cipher	16	static
../Middlewares/Third_Party/wolfSSL_wolfSSL_wolfSSL/wolfssl/src/ssl.c:39529:10:wolfSSL_SetInternalIV	0	static
../Middlewares/Third_Party/wolfSSL_wolfSSL_wolfSSL/wolfssl/src/ssl.c:39647:6:wolfSSL_aes_ctr_iv	0	static
../Middlewares/Third_Party/wolfSSL_wolfSSL_wolfSSL/wolfssl/src/x509_str.c:123:6:wolfSSL_X509_STORE_CTX_free	8	static
../Middlewares/Third_Party/wolfSSL_wolfSSL_wolfSSL/wolfssl/src/x509_str.c:155:6:wolfSSL_X509_STORE_CTX_trusted_stack	0	static
../Middlewares/Third_Party/wolfSSL_wolfSSL_wolfSSL/wolfssl/src/x509_str.c:164:5:GetX509Error	0	static
../Middlewares/Third_Party/wolfSSL_wolfSSL_wolfSSL/wolfssl/src/x509_str.c:196:5:wolfSSL_X509_verify_cert	16	static
../Middlewares/Third_Party/wolfSSL_wolfSSL_wolfSSL/wolfssl/src/x509_str.c:270:19:wolfSSL_X509_STORE_CTX_get_current_cert	0	static
../Middlewares/Third_Party/wolfSSL_wolfSSL_wolfSSL/wolfssl/src/x509_str.c:280:9:wolfSSL_X509_STORE_CTX_get_error	0	static
../Middlewares/Third_Party/wolfSSL_wolfSSL_wolfSSL/wolfssl/src/x509_str.c:289:9:wolfSSL_X509_STORE_CTX_get_error_depth	0	static
../Middlewares/Third_Party/wolfSSL_wolfSSL_wolfSSL/wolfssl/src/x509_str.c:298:7:wolfSSL_X509_STORE_CTX_get_ex_data	0	static
../Middlewares/Third_Party/wolfSSL_wolfSSL_wolfSSL/wolfssl/src/x509_str.c:314:10:wolfSSL_X509_STORE_CTX_set_verify_cb	0	static
../Middlewares/Third_Party/wolfSSL_wolfSSL_wolfSSL/wolfssl/src/x509_str.c:327:21:wolfSSL_X509_STORE_CTX_get0_store	0	static
../Middlewares/Third_Party/wolfSSL_wolfSSL_wolfSSL/wolfssl/src/x509_str.c:338:15:wolfSSL_X509_STORE_CTX_get0_cert	0	static
../Middlewares/Third_Party/wolfSSL_wolfSSL_wolfSSL/wolfssl/src/x509_str.c:346:6:wolfSSL_X509_STORE_CTX_set_time	0	static
../Middlewares/Third_Party/wolfSSL_wolfSSL_wolfSSL/wolfssl/src/x509_str.c:361:5:wolfSSL_X509_STORE_CTX_set_purpose	0	static
../Middlewares/Third_Party/wolfSSL_wolfSSL_wolfSSL/wolfssl/src/x509_str.c:370:6:wolfSSL_X509_STORE_CTX_set_flags	0	static
../Middlewares/Third_Party/wolfSSL_wolfSSL_wolfSSL/wolfssl/src/x509_str.c:386:5:wolfSSL_X509_STORE_CTX_set_ex_data	0	static
../Middlewares/Third_Party/wolfSSL_wolfSSL_wolfSSL/wolfssl/src/x509_str.c:423:6:wolfSSL_X509_STORE_CTX_set_depth	0	static
../Middlewares/Third_Party/wolfSSL_wolfSSL_wolfSSL/wolfssl/src/x509_str.c:455:6:wolfSSL_X509_STORE_CTX_set_error	0	static
../Middlewares/Third_Party/wolfSSL_wolfSSL_wolfSSL/wolfssl/src/x509_str.c:465:6:wolfSSL_X509_STORE_CTX_set_error_depth	0	static
../Middlewares/Third_Party/wolfSSL_wolfSSL_wolfSSL/wolfssl/src/x509_str.c:475:16:wolfSSL_X509_STORE_CTX_get_chain	0	static
../Middlewares/Third_Party/wolfSSL_wolfSSL_wolfSSL/wolfssl/src/x509_str.c:554:16:wolfSSL_X509_STORE_CTX_get1_chain	0	static
../Middlewares/Third_Party/wolfSSL_wolfSSL_wolfSSL/wolfssl/src/x509_str.c:573:25:wolfSSL_X509_STORE_CTX_get0_parent_ctx	0	static
../Middlewares/Third_Party/wolfSSL_wolfSSL_wolfSSL/wolfssl/src/x509_str.c:581:5:wolfSSL_X509_STORE_get_by_subject	0	static
../Middlewares/Third_Party/wolfSSL_wolfSSL_wolfSSL/wolfssl/src/x509_str.c:680:5:wolfSSL_X509_STORE_CTX_get1_issuer	24	static
../Middlewares/Third_Party/wolfSSL_wolfSSL_wolfSSL/wolfssl/src/x509_str.c:432:15:wolfSSL_X509_STORE_CTX_get0_current_issuer	16	static
../Middlewares/Third_Party/wolfSSL_wolfSSL_wolfSSL/wolfssl/src/x509_str.c:772:6:wolfSSL_X509_STORE_free	16	static
../Middlewares/Third_Party/wolfSSL_wolfSSL_wolfSSL/wolfssl/src/ssl.c:16898:10:wolfSSL_CTX_set_cert_store	16	static
../Middlewares/Third_Party/wolfSSL_wolfSSL_wolfSSL/wolfssl/src/ssl.c:16926:9:wolfSSL_set0_verify_cert_store	16	static
../Middlewares/Third_Party/wolfSSL_wolfSSL_wolfSSL/wolfssl/src/x509_str.c:713:21:wolfSSL_X509_STORE_new	8	static
../Middlewares/Third_Party/wolfSSL_wolfSSL_wolfSSL/wolfssl/src/x509_str.c:829:7:wolfSSL_X509_STORE_get_ex_data	0	static
../Middlewares/Third_Party/wolfSSL_wolfSSL_wolfSSL/wolfssl/src/x509_str.c:843:5:wolfSSL_X509_STORE_up_ref	0	static
../Middlewares/Third_Party/wolfSSL_wolfSSL_wolfSSL/wolfssl/src/ssl.c:16951:9:wolfSSL_set1_verify_cert_store	16	static
../Middlewares/Third_Party/wolfSSL_wolfSSL_wolfSSL/wolfssl/src/x509_str.c:870:5:wolfSSL_X509_STORE_set_ex_data	0	static
../Middlewares/Third_Party/wolfSSL_wolfSSL_wolfSSL/wolfssl/src/x509_str.c:915:10:wolfSSL_X509_STORE_set_verify_cb	0	static
../Middlewares/Third_Party/wolfSSL_wolfSSL_wolfSSL/wolfssl/src/x509_str.c:925:22:wolfSSL_X509_STORE_add_lookup	0	static
../Middlewares/Third_Party/wolfSSL_wolfSSL_wolfSSL/wolfssl/src/x509_str.c:939:5:wolfSSL_X509_STORE_add_cert	24	static
../Middlewares/Third_Party/wolfSSL_wolfSSL_wolfSSL/wolfssl/src/x509_str.c:61:5:wolfSSL_X509_STORE_CTX_init	16	static
../Middlewares/Third_Party/wolfSSL_wolfSSL_wolfSSL/wolfssl/src/x509_str.c:45:25:wolfSSL_X509_STORE_CTX_new	8	static
../Middlewares/Third_Party/wolfSSL_wolfSSL_wolfSSL/wolfssl/src/x509_str.c:141:6:wolfSSL_X509_STORE_CTX_cleanup	8	static
../Middlewares/Third_Party/wolfSSL_wolfSSL_wolfSSL/wolfssl/src/x509_str.c:967:5:wolfSSL_X509_STORE_set_flags	0	static
../Middlewares/Third_Party/wolfSSL_wolfSSL_wolfSSL/wolfssl/src/x509_str.c:984:5:wolfSSL_X509_STORE_set_default_paths	0	static
../Middlewares/Third_Party/wolfSSL_wolfSSL_wolfSSL/wolfssl/src/x509_str.c:1093:5:wolfSSL_X509_CA_num	16	static
../Middlewares/Third_Party/wolfSSL_wolfSSL_wolfSSL/wolfssl/src/x509_str.c:1132:16:wolfSSL_X509_STORE_GetCerts	32	static
../Middlewares/Third_Party/wolfSSL_wolfSSL_wolfSSL/wolfssl/src/x509_str.c:1213:37:wolfSSL_X509_STORE_get0_objects	16	static
../Middlewares/Third_Party/wolfSSL_wolfSSL_wolfSSL/wolfssl/src/ssl.c:41238:6:wolfSSL_PKCS12_PBE_add	0	static
../Middlewares/Third_Party/wolfSSL_wolfSSL_wolfSSL/wolfssl/src/ssl.c:41724:5:wolfSSL_FIPS_drbg_init	16	static
../Middlewares/Third_Party/wolfSSL_wolfSSL_wolfSSL/wolfssl/src/ssl.c:41752:5:wolfSSL_FIPS_drbg_instantiate	8	static
../Middlewares/Third_Party/wolfSSL_wolfSSL_wolfSSL/wolfssl/src/ssl.c:41784:5:wolfSSL_FIPS_drbg_set_callbacks	0	static
../Middlewares/Third_Party/wolfSSL_wolfSSL_wolfSSL/wolfssl/src/ssl.c:41800:6:wolfSSL_FIPS_rand_add	0	static
../Middlewares/Third_Party/wolfSSL_wolfSSL_wolfSSL/wolfssl/src/ssl.c:41807:5:wolfSSL_FIPS_drbg_reseed	8	static
../Middlewares/Third_Party/wolfSSL_wolfSSL_wolfSSL/wolfssl/src/ssl.c:41825:5:wolfSSL_FIPS_drbg_generate	8	static
../Middlewares/Third_Party/wolfSSL_wolfSSL_wolfSSL/wolfssl/src/ssl.c:41841:5:wolfSSL_FIPS_drbg_uninstantiate	8	static
../Middlewares/Third_Party/wolfSSL_wolfSSL_wolfSSL/wolfssl/src/ssl.c:41856:6:wolfSSL_FIPS_drbg_free	8	static
../Middlewares/Third_Party/wolfSSL_wolfSSL_wolfSSL/wolfssl/src/ssl.c:13501:5:wolfSSL_Cleanup	24	static
../Middlewares/Third_Party/wolfSSL_wolfSSL_wolfSSL/wolfssl/src/ssl.c:5607:5:wolfSSL_Init	16	static
../Middlewares/Third_Party/wolfSSL_wolfSSL_wolfSSL/wolfssl/src/ssl.c:477:14:wolfSSL_CTX_new_ex	16	static
../Middlewares/Third_Party/wolfSSL_wolfSSL_wolfSSL/wolfssl/src/ssl.c:556:14:wolfSSL_CTX_new	0	static
../Middlewares/Third_Party/wolfSSL_wolfSSL_wolfSSL/wolfssl/src/ssl.c:7182:5:wolfSSL_CertManagerLoadCABuffer	24	static
../Middlewares/Third_Party/wolfSSL_wolfSSL_wolfSSL/wolfssl/src/ssl.c:11162:5:wolfSSL_library_init	8	static
../Middlewares/Third_Party/wolfSSL_wolfSSL_wolfSSL/wolfssl/src/ssl.c:28030:5:wolfSSL_OPENSSL_init_crypto	0	static
../Middlewares/Third_Party/wolfSSL_wolfSSL_wolfSSL/wolfssl/src/ssl.c:28023:5:wolfSSL_OPENSSL_init_ssl	0	static
../Middlewares/Third_Party/wolfSSL_wolfSSL_wolfSSL/wolfssl/src/ssl.c:16086:9:wolfSSL_add_all_algorithms	8	static
../Middlewares/Third_Party/wolfSSL_wolfSSL_wolfSSL/wolfssl/src/ssl.c:16105:9:wolfSSL_OpenSSL_add_all_algorithms_conf	8	static
../Middlewares/Third_Party/wolfSSL_wolfSSL_wolfSSL/wolfssl/src/ssl.c:16095:9:wolfSSL_OpenSSL_add_all_algorithms_noconf	0	static
../Middlewares/Third_Party/wolfSSL_wolfSSL_wolfSSL/wolfssl/src/ssl.c:41736:19:wolfSSL_FIPS_drbg_new	32	static
../Middlewares/Third_Party/wolfSSL_wolfSSL_wolfSSL/wolfssl/src/ssl.c:41868:19:wolfSSL_FIPS_get_default_drbg	8	static
../Middlewares/Third_Party/wolfSSL_wolfSSL_wolfSSL/wolfssl/src/ssl.c:41875:6:wolfSSL_FIPS_get_timevec	0	static
../Middlewares/Third_Party/wolfSSL_wolfSSL_wolfSSL/wolfssl/src/ssl.c:41881:7:wolfSSL_FIPS_drbg_get_app_data	0	static
../Middlewares/Third_Party/wolfSSL_wolfSSL_wolfSSL/wolfssl/src/ssl.c:41888:6:wolfSSL_FIPS_drbg_set_app_data	0	static
../Middlewares/Third_Party/wolfSSL_wolfSSL_wolfSSL/wolfssl/src/ssl.c:42017:20:wolfSSL_SHA256	128	static
