../Middlewares/Third_Party/wolfSSL_wolfSSL_wolfSSL/wolfssl/wolfcrypt/src/misc.c:428:26:ato16	0	static
../Middlewares/Third_Party/wolfSSL_wolfSSL_wolfSSL/wolfssl/src/tls.c:1977:13:TLSX_SNI_Find	0	static
../Middlewares/Third_Party/wolfSSL_wolfSSL_wolfSSL/wolfssl/src/tls.c:10357:12:TLSX_GetSize	64	static
../Middlewares/Third_Party/wolfSSL_wolfSSL_wolfSSL/wolfssl/src/tls.c:7299:12:TLSX_KeyShare_GenKey	24	static
../Middlewares/Third_Party/wolfSSL_wolfSSL_wolfSSL/wolfssl/src/tls.c:8062:12:TLSX_KeyShare_Process	40	static
../Middlewares/Third_Party/wolfSSL_wolfSSL_wolfSSL/wolfssl/src/tls.c:6386:12:TLSX_SignatureAlgorithms_MapPss	20	static
../Middlewares/Third_Party/wolfSSL_wolfSSL_wolfSSL/wolfssl/src/tls.c:10524:12:TLSX_Write	72	static
../Middlewares/Third_Party/wolfSSL_wolfSSL_wolfSSL/wolfssl/src/tls.c:1899:13:TLSX_SNI_Free.constprop	8	static
../Middlewares/Third_Party/wolfSSL_wolfSSL_wolfSSL/wolfssl/src/tls.c:7326:13:TLSX_KeyShare_FreeAll.constprop	16	static
../Middlewares/Third_Party/wolfSSL_wolfSSL_wolfSSL/wolfssl/src/tls.c:4001:13:TLSX_PointFormat_ValidateResponse.isra	0	static
../Middlewares/Third_Party/wolfSSL_wolfSSL_wolfSSL/wolfssl/src/tls.c:3972:13:TLSX_PointFormat_ValidateRequest.isra	12	static
../Middlewares/Third_Party/wolfSSL_wolfSSL_wolfSSL/wolfssl/src/tls.c:3943:13:TLSX_SupportedCurve_ValidateRequest.isra	12	static
../Middlewares/Third_Party/wolfSSL_wolfSSL_wolfSSL/wolfssl/src/tls.c:289:17:MakeTLSv1_3	8	static
../Middlewares/Third_Party/wolfSSL_wolfSSL_wolfSSL/wolfssl/src/tls.c:1395:5:TLSX_HandleUnsupportedExtension	8	static
../Middlewares/Third_Party/wolfSSL_wolfSSL_wolfSSL/wolfssl/src/tls.c:2276:5:TLSX_SNI_GetFromBuffer	48	static
../Middlewares/Third_Party/wolfSSL_wolfSSL_wolfSSL/wolfssl/src/tls.c:10190:7:TLSX_Find	0	static
../Middlewares/Third_Party/wolfSSL_wolfSSL_wolfSSL/wolfssl/src/tls.c:1383:5:TLSX_CheckUnsupportedExtension	8	static
../Middlewares/Third_Party/wolfSSL_wolfSSL_wolfSSL/wolfssl/src/tls.c:2000:6:TLSX_SNI_Status	8	static
../Middlewares/Third_Party/wolfSSL_wolfSSL_wolfSSL/wolfssl/src/tls.c:2247:8:TLSX_SNI_GetRequest	8	static
../Middlewares/Third_Party/wolfSSL_wolfSSL_wolfSSL/wolfssl/src/tls.c:2266:6:TLSX_SNI_SetOptions	8	static
../Middlewares/Third_Party/wolfSSL_wolfSSL_wolfSSL/wolfssl/src/tls.c:4457:5:TLSX_SupportedCurve_Preferred	8	static
../Middlewares/Third_Party/wolfSSL_wolfSSL_wolfSSL/wolfssl/src/tls.c:4503:5:TLSX_ValidateSupportedCurves	56	static
../Middlewares/Third_Party/wolfSSL_wolfSSL_wolfSSL/wolfssl/src/tls.c:8195:12:TLSX_SupportedGroups_Find	8	static
../Middlewares/Third_Party/wolfSSL_wolfSSL_wolfSSL/wolfssl/src/tls.c:9125:5:TLSX_KeyShare_DeriveSecret	8	static
../Middlewares/Third_Party/wolfSSL_wolfSSL_wolfSSL/wolfssl/src/tls.c:8166:12:TLSX_KeyShare_Find	8	static
../Middlewares/Third_Party/wolfSSL_wolfSSL_wolfSSL/wolfssl/src/tls.c:1989:13:TLSX_SNI_SetStatus.constprop	8	static
../Middlewares/Third_Party/wolfSSL_wolfSSL_wolfSSL/wolfssl/src/tls.c:1411:13:TLSX_SetResponse.isra	8	static
../Middlewares/Third_Party/wolfSSL_wolfSSL_wolfSSL/wolfssl/src/tls.c:10219:6:TLSX_FreeAll	16	static
../Middlewares/Third_Party/wolfSSL_wolfSSL_wolfSSL/wolfssl/src/tls.c:1311:5:TLSX_Push	24	static
../Middlewares/Third_Party/wolfSSL_wolfSSL_wolfSSL/wolfssl/src/tls.c:2199:5:TLSX_UseSNI	24	static
../Middlewares/Third_Party/wolfSSL_wolfSSL_wolfSSL/wolfssl/src/tls.c:4846:5:TLSX_UseSupportedCurve	24	static
../Middlewares/Third_Party/wolfSSL_wolfSSL_wolfSSL/wolfssl/src/tls.c:10732:12:TLSX_PopulateSupportedGroups	24	static
../Middlewares/Third_Party/wolfSSL_wolfSSL_wolfSSL/wolfssl/src/tls.c:4885:5:TLSX_UsePointFormat	24	static
../Middlewares/Third_Party/wolfSSL_wolfSSL_wolfSSL/wolfssl/src/tls.c:8566:5:TLSX_KeyShare_Use	40	static
../Middlewares/Third_Party/wolfSSL_wolfSSL_wolfSSL/wolfssl/src/tls.c:8991:5:TLSX_KeyShare_Establish	56	static
../Middlewares/Third_Party/wolfSSL_wolfSSL_wolfSSL/wolfssl/src/tls.c:8109:12:TLSX_KeyShareEntry_Parse	40	static
../Middlewares/Third_Party/wolfSSL_wolfSSL_wolfSSL/wolfssl/src/tls.c:8639:5:TLSX_KeyShare_Empty	16	static
../Middlewares/Third_Party/wolfSSL_wolfSSL_wolfSSL/wolfssl/src/tls.c:4167:5:TLSX_SupportedCurve_CheckPriority	32	static
../Middlewares/Third_Party/wolfSSL_wolfSSL_wolfSSL/wolfssl/src/tls.c:10201:6:TLSX_Remove	8	static
../Middlewares/Third_Party/wolfSSL_wolfSSL_wolfSSL/wolfssl/src/tls.c:10352:5:TLSX_SupportExtensions	8	static
../Middlewares/Third_Party/wolfSSL_wolfSSL_wolfSSL/wolfssl/src/tls.c:11004:5:TLSX_PopulateExtensions	32	static
../Middlewares/Third_Party/wolfSSL_wolfSSL_wolfSSL/wolfssl/src/tls.c:11373:5:TLSX_GetRequestSize	32	static
../Middlewares/Third_Party/wolfSSL_wolfSSL_wolfSSL/wolfssl/src/tls.c:11463:5:TLSX_WriteRequest	48	static
../Middlewares/Third_Party/wolfSSL_wolfSSL_wolfSSL/wolfssl/src/tls.c:11584:5:TLSX_GetResponseSize	32	static
../Middlewares/Third_Party/wolfSSL_wolfSSL_wolfSSL/wolfssl/src/tls.c:11716:5:TLSX_WriteResponse	48	static
../Middlewares/Third_Party/wolfSSL_wolfSSL_wolfSSL/wolfssl/src/tls.c:11870:5:TLSX_ParseVersion	64	static
../Middlewares/Third_Party/wolfSSL_wolfSSL_wolfSSL/wolfssl/src/tls.c:11914:5:TLSX_Parse	96	static
../Middlewares/Third_Party/wolfSSL_wolfSSL_wolfSSL/wolfssl/src/tls.c:12511:21:wolfTLS_client_method_ex	16	static
../Middlewares/Third_Party/wolfSSL_wolfSSL_wolfSSL/wolfssl/src/tls.c:12507:21:wolfTLS_client_method	0	static
../Middlewares/Third_Party/wolfSSL_wolfSSL_wolfSSL/wolfssl/src/tls.c:12608:21:wolfTLSv1_3_client_method_ex	16	static
../Middlewares/Third_Party/wolfSSL_wolfSSL_wolfSSL/wolfssl/src/tls.c:12598:21:wolfTLSv1_3_client_method	0	static
../Middlewares/Third_Party/wolfSSL_wolfSSL_wolfSSL/wolfssl/src/tls.c:12779:21:wolfTLSv1_3_method_ex	8	static
../Middlewares/Third_Party/wolfSSL_wolfSSL_wolfSSL/wolfssl/src/tls.c:12775:21:wolfTLSv1_3_method	0	static
../Middlewares/Third_Party/wolfSSL_wolfSSL_wolfSSL/wolfssl/src/tls.c:12866:21:wolfTLS_server_method_ex	16	static
../Middlewares/Third_Party/wolfSSL_wolfSSL_wolfSSL/wolfssl/src/tls.c:12861:21:wolfTLS_server_method	0	static
../Middlewares/Third_Party/wolfSSL_wolfSSL_wolfSSL/wolfssl/src/tls.c:12970:21:wolfTLSv1_3_server_method_ex	16	static
../Middlewares/Third_Party/wolfSSL_wolfSSL_wolfSSL/wolfssl/src/tls.c:12960:21:wolfTLSv1_3_server_method	0	static
