../Middlewares/Third_Party/wolfSSL_wolfSSL_wolfSSL/wolfssl/wolfcrypt/src/misc.c:323:26:ForceZero	0	static
../Middlewares/Third_Party/wolfSSL_wolfSSL_wolfSSL/wolfssl/src/tls13.c:7189:15:AddCertExt	32	static
../Middlewares/Third_Party/wolfSSL_wolfSSL_wolfSSL/wolfssl/src/tls13.c:7047:12:CreateECCEncodedSig	128	static
../Middlewares/Third_Party/wolfSSL_wolfSSL_wolfSSL/wolfssl/src/tls13.c:1198:12:BuildTls13HandshakeHmac	32	static
../Middlewares/Third_Party/wolfSSL_wolfSSL_wolfSSL/wolfssl/src/tls13.c:270:12:DeriveKeyMsg.constprop	200	static
../Middlewares/Third_Party/wolfSSL_wolfSSL_wolfSSL/wolfssl/src/tls13.c:2248:23:BuildTls13Nonce	12	static
../Middlewares/Third_Party/wolfSSL_wolfSSL_wolfSSL/wolfssl/src/tls13.c:4841:12:DoTls13CertificateRequest	392	static
../Middlewares/Third_Party/wolfSSL_wolfSSL_wolfSSL/wolfssl/src/tls13.c:2156:13:AddTls13Headers.isra	12	static
../Middlewares/Third_Party/wolfSSL_wolfSSL_wolfSSL/wolfssl/src/tls13.c:372:5:Tls13DeriveKey	96	static
../Middlewares/Third_Party/wolfSSL_wolfSSL_wolfSSL/wolfssl/src/tls13.c:963:12:DeriveFinishedSecret	32	static
../Middlewares/Third_Party/wolfSSL_wolfSSL_wolfSSL/wolfssl/src/tls13.c:1017:5:DeriveEarlySecret	16	static
../Middlewares/Third_Party/wolfSSL_wolfSSL_wolfSSL/wolfssl/src/tls13.c:1053:5:DeriveHandshakeSecret	48	static
../Middlewares/Third_Party/wolfSSL_wolfSSL_wolfSSL/wolfssl/src/tls13.c:1087:5:DeriveMasterSecret	48	static
../Middlewares/Third_Party/wolfSSL_wolfSSL_wolfSSL/wolfssl/src/tls13.c:1310:5:DeriveTls13Keys	56	static
../Middlewares/Third_Party/wolfSSL_wolfSSL_wolfSSL/wolfssl/src/tls13.c:2751:5:DecryptTls13	104	static
../Middlewares/Third_Party/wolfSSL_wolfSSL_wolfSSL/wolfssl/src/tls13.c:3012:5:BuildTls13Message	112	static
../Middlewares/Third_Party/wolfSSL_wolfSSL_wolfSSL/wolfssl/src/tls13.c:9119:12:SendTls13KeyUpdate	48	static
../Middlewares/Third_Party/wolfSSL_wolfSSL_wolfSSL/wolfssl/src/tls13.c:7229:12:SendTls13Certificate	152	static
../Middlewares/Third_Party/wolfSSL_wolfSSL_wolfSSL/wolfssl/src/tls13.c:8851:12:SendTls13Finished	48	static
../Middlewares/Third_Party/wolfSSL_wolfSSL_wolfSSL/wolfssl/src/tls13.c:3377:5:RestartHandshakeHash	56	static
../Middlewares/Third_Party/wolfSSL_wolfSSL_wolfSSL/wolfssl/src/tls13.c:3849:5:SendTls13ClientHello	48	static
../Middlewares/Third_Party/wolfSSL_wolfSSL_wolfSSL/wolfssl/src/tls13.c:4258:5:DoTls13ServerHello	80	static
../Middlewares/Third_Party/wolfSSL_wolfSSL_wolfSSL/wolfssl/src/tls13.c:5807:5:DoTls13ClientHello	80	static
../Middlewares/Third_Party/wolfSSL_wolfSSL_wolfSSL/wolfssl/src/tls13.c:6280:5:SendTls13ServerHello	56	static
../Middlewares/Third_Party/wolfSSL_wolfSSL_wolfSSL/wolfssl/src/tls13.c:6940:5:CreateSigData	24	static
../Middlewares/Third_Party/wolfSSL_wolfSSL_wolfSSL/wolfssl/src/tls13.c:6980:5:CreateRSAEncodedSig	136	static
../Middlewares/Third_Party/wolfSSL_wolfSSL_wolfSSL/wolfssl/src/tls13.c:7563:12:SendTls13CertificateVerify	80	static
../Middlewares/Third_Party/wolfSSL_wolfSSL_wolfSSL/wolfssl/src/tls13.c:8676:5:DoTls13Finished	72	static
../Middlewares/Third_Party/wolfSSL_wolfSSL_wolfSSL/wolfssl/src/tls13.c:10342:5:DoTls13HandShakeMsgType	248	static
../Middlewares/Third_Party/wolfSSL_wolfSSL_wolfSSL/wolfssl/src/tls13.c:10656:5:DoTls13HandShakeMsg	56	static
../Middlewares/Third_Party/wolfSSL_wolfSSL_wolfSSL/wolfssl/src/tls13.c:10773:5:wolfSSL_connect_TLSv13	24	static
../Middlewares/Third_Party/wolfSSL_wolfSSL_wolfSSL/wolfssl/src/tls13.c:11270:5:wolfSSL_UseKeyShare	16	static
../Middlewares/Third_Party/wolfSSL_wolfSSL_wolfSSL/wolfssl/src/tls13.c:11319:5:wolfSSL_NoKeyShares	8	static
../Middlewares/Third_Party/wolfSSL_wolfSSL_wolfSSL/wolfssl/src/tls13.c:11343:5:wolfSSL_CTX_no_ticket_TLSv13	8	static
../Middlewares/Third_Party/wolfSSL_wolfSSL_wolfSSL/wolfssl/src/tls13.c:11363:5:wolfSSL_no_ticket_TLSv13	8	static
../Middlewares/Third_Party/wolfSSL_wolfSSL_wolfSSL/wolfssl/src/tls13.c:11382:5:wolfSSL_CTX_no_dhe_psk	8	static
../Middlewares/Third_Party/wolfSSL_wolfSSL_wolfSSL/wolfssl/src/tls13.c:11398:5:wolfSSL_no_dhe_psk	8	static
../Middlewares/Third_Party/wolfSSL_wolfSSL_wolfSSL/wolfssl/src/tls13.c:11409:5:Tls13UpdateKeys	8	static
../Middlewares/Third_Party/wolfSSL_wolfSSL_wolfSSL/wolfssl/src/tls13.c:11437:5:wolfSSL_update_keys	8	static
../Middlewares/Third_Party/wolfSSL_wolfSSL_wolfSSL/wolfssl/src/tls13.c:11456:5:wolfSSL_key_update_response	16	static
../Middlewares/Third_Party/wolfSSL_wolfSSL_wolfSSL/wolfssl/src/tls13.c:11562:5:wolfSSL_preferred_group	8	static
../Middlewares/Third_Party/wolfSSL_wolfSSL_wolfSSL/wolfssl/src/tls13.c:11593:5:wolfSSL_CTX_set_groups	32	static
../Middlewares/Third_Party/wolfSSL_wolfSSL_wolfSSL/wolfssl/src/tls13.c:11632:5:wolfSSL_set_groups	32	static
../Middlewares/Third_Party/wolfSSL_wolfSSL_wolfSSL/wolfssl/src/tls13.c:11904:5:wolfSSL_accept_TLSv13	64	static
