ethernetif.c:89:6:HAL_ETH_MspInit	64	static
ethernetif.c:152:6:HAL_ETH_MspDeInit	16	static
ethernetif.c:195:6:HAL_ETH_RxCpltCallback	16	static
ethernetif.c:214:13:low_level_init	72	static
ethernetif.c:337:14:low_level_output	48	static
ethernetif.c:421:22:low_level_input	56	static
ethernetif.c:510:6:ethernetif_input	24	static
ethernetif.c:569:7:ethernetif_init	16	static
ethernetif.c:616:7:sys_jiffies	8	static
ethernetif.c:627:7:sys_now	8	static
ethernetif.c:639:6:ethernetif_set_link	24	static
ethernetif.c:680:6:ethernetif_update_config	24	static
ethernetif.c:768:13:ethernetif_notify_conn_changed	16	static
