../Middlewares/Third_Party/wolfSSL_wolfSSL_wolfSSL/wolfssl/wolfcrypt/src/misc.c:111:32:rotlFixed	16	static
../Middlewares/Third_Party/wolfSSL_wolfSSL_wolfSSL/wolfssl/wolfcrypt/src/misc.c:145:28:ByteReverseWord32	16	static
../Middlewares/Third_Party/wolfSSL_wolfSSL_wolfSSL/wolfssl/wolfcrypt/src/misc.c:187:26:ByteReverseWords	40	static
../Middlewares/Third_Party/wolfSSL_wolfSSL_wolfSSL/wolfssl/wolfcrypt/src/misc.c:323:26:ForceZero	24	static
../Middlewares/Third_Party/wolfSSL_wolfSSL_wolfSSL/wolfssl/wolfcrypt/src/misc.c:350:25:ConstantCompare	32	static
../Middlewares/Third_Party/wolfSSL_wolfSSL_wolfSSL/wolfssl/wolfcrypt/src/misc.c:370:32:min	16	static
../Middlewares/Third_Party/wolfSSL_wolfSSL_wolfSSL/wolfssl/wolfcrypt/src/misc.c:389:26:c32to24	16	static
../Middlewares/Third_Party/wolfSSL_wolfSSL_wolfSSL/wolfssl/wolfcrypt/src/misc.c:422:26:ato24	16	static
../Middlewares/Third_Party/wolfSSL_wolfSSL_wolfSSL/wolfssl/wolfcrypt/src/misc.c:446:33:HexCharToByte	24	static
../Middlewares/Third_Party/wolfSSL_wolfSSL_wolfSSL/wolfssl/wolfcrypt/src/misc.c:460:26:ByteToHex	16	static
../Middlewares/Third_Party/wolfSSL_wolfSSL_wolfSSL/wolfssl/wolfcrypt/src/misc.c:467:25:ByteToHexStr	24	static
../Middlewares/Third_Party/wolfSSL_wolfSSL_wolfSSL/wolfssl/wolfcrypt/src/misc.c:829:28:MakeWordFromHash	16	static
../Middlewares/Third_Party/wolfSSL_wolfSSL_wolfSSL/wolfssl/src/ssl_misc.c:126:12:wolfssl_read_bio_len	40	static
../Middlewares/Third_Party/wolfSSL_wolfSSL_wolfSSL/wolfssl/src/ssl_misc.c:157:12:wolfssl_read_bio	32	static
../Middlewares/Third_Party/wolfSSL_wolfSSL_wolfSSL/wolfssl/wolfcrypt/src/evp.c:193:5:wolfSSL_EVP_Cipher_key_length	16	static
../Middlewares/Third_Party/wolfSSL_wolfSSL_wolfSSL/wolfssl/wolfcrypt/src/evp.c:263:6:wolfSSL_EVP_EncryptInit	32	static
../Middlewares/Third_Party/wolfSSL_wolfSSL_wolfSSL/wolfssl/wolfcrypt/src/evp.c:271:6:wolfSSL_EVP_EncryptInit_ex	32	static
../Middlewares/Third_Party/wolfSSL_wolfSSL_wolfSSL/wolfssl/wolfcrypt/src/evp.c:281:6:wolfSSL_EVP_DecryptInit	32	static
../Middlewares/Third_Party/wolfSSL_wolfSSL_wolfSSL/wolfssl/wolfcrypt/src/evp.c:290:6:wolfSSL_EVP_DecryptInit_ex	32	static
../Middlewares/Third_Party/wolfSSL_wolfSSL_wolfSSL/wolfssl/wolfcrypt/src/evp.c:302:25:wolfSSL_EVP_CIPHER_CTX_new	16	static
../Middlewares/Third_Party/wolfSSL_wolfSSL_wolfSSL/wolfssl/wolfcrypt/src/evp.c:313:6:wolfSSL_EVP_CIPHER_CTX_free	24	static
../Middlewares/Third_Party/wolfSSL_wolfSSL_wolfSSL/wolfssl/wolfcrypt/src/evp.c:322:5:wolfSSL_EVP_CIPHER_CTX_reset	24	static
../Middlewares/Third_Party/wolfSSL_wolfSSL_wolfSSL/wolfssl/wolfcrypt/src/evp.c:335:15:wolfSSL_EVP_CIPHER_CTX_mode	16	static
../Middlewares/Third_Party/wolfSSL_wolfSSL_wolfSSL/wolfssl/wolfcrypt/src/evp.c:341:15:wolfSSL_EVP_CIPHER_CTX_flags	16	static
../Middlewares/Third_Party/wolfSSL_wolfSSL_wolfSSL/wolfssl/wolfcrypt/src/evp.c:347:6:wolfSSL_EVP_EncryptFinal	24	static
../Middlewares/Third_Party/wolfSSL_wolfSSL_wolfSSL/wolfssl/wolfcrypt/src/evp.c:359:6:wolfSSL_EVP_CipherInit_ex	32	static
../Middlewares/Third_Party/wolfSSL_wolfSSL_wolfSSL/wolfssl/wolfcrypt/src/evp.c:370:6:wolfSSL_EVP_EncryptFinal_ex	24	static
../Middlewares/Third_Party/wolfSSL_wolfSSL_wolfSSL/wolfssl/wolfcrypt/src/evp.c:381:6:wolfSSL_EVP_DecryptFinal	24	static
../Middlewares/Third_Party/wolfSSL_wolfSSL_wolfSSL/wolfssl/wolfcrypt/src/evp.c:393:6:wolfSSL_EVP_DecryptFinal_ex	24	static
../Middlewares/Third_Party/wolfSSL_wolfSSL_wolfSSL/wolfssl/wolfcrypt/src/evp.c:406:5:wolfSSL_EVP_DigestInit_ex	24	static
../Middlewares/Third_Party/wolfSSL_wolfSSL_wolfSSL/wolfssl/wolfcrypt/src/evp.c:422:12:fillBuff	32	static
../Middlewares/Third_Party/wolfSSL_wolfSSL_wolfSSL/wolfssl/wolfcrypt/src/evp.c:438:12:evpCipherBlock	32	static
../Middlewares/Third_Party/wolfSSL_wolfSSL_wolfSSL/wolfssl/wolfcrypt/src/evp.c:660:5:wolfSSL_EVP_CipherUpdate	40	static
../Middlewares/Third_Party/wolfSSL_wolfSSL_wolfSSL/wolfssl/wolfcrypt/src/evp.c:825:13:padBlock	24	static
../Middlewares/Third_Party/wolfSSL_wolfSSL_wolfSSL/wolfssl/wolfcrypt/src/evp.c:832:12:checkPad	24	static
../Middlewares/Third_Party/wolfSSL_wolfSSL_wolfSSL/wolfssl/wolfcrypt/src/evp.c:858:5:wolfSSL_EVP_CipherFinal	40	static
../Middlewares/Third_Party/wolfSSL_wolfSSL_wolfSSL/wolfssl/wolfcrypt/src/evp.c:1112:5:wolfSSL_EVP_CIPHER_CTX_block_size	16	static
../Middlewares/Third_Party/wolfSSL_wolfSSL_wolfSSL/wolfssl/wolfcrypt/src/evp.c:1171:21:cipherType	16	static
../Middlewares/Third_Party/wolfSSL_wolfSSL_wolfSSL/wolfssl/wolfcrypt/src/evp.c:1325:5:wolfSSL_EVP_CIPHER_block_size	16	static
../Middlewares/Third_Party/wolfSSL_wolfSSL_wolfSSL/wolfssl/wolfcrypt/src/evp.c:1406:15:WOLFSSL_CIPHER_mode	16	static
../Middlewares/Third_Party/wolfSSL_wolfSSL_wolfSSL/wolfssl/wolfcrypt/src/evp.c:1483:15:WOLFSSL_EVP_CIPHER_mode	16	static
../Middlewares/Third_Party/wolfSSL_wolfSSL_wolfSSL/wolfssl/wolfcrypt/src/evp.c:1489:6:wolfSSL_EVP_CIPHER_CTX_set_flags	16	static
../Middlewares/Third_Party/wolfSSL_wolfSSL_wolfSSL/wolfssl/wolfcrypt/src/evp.c:1496:6:wolfSSL_EVP_CIPHER_CTX_clear_flags	16	static
../Middlewares/Third_Party/wolfSSL_wolfSSL_wolfSSL/wolfssl/wolfcrypt/src/evp.c:1503:15:wolfSSL_EVP_CIPHER_flags	16	static
../Middlewares/Third_Party/wolfSSL_wolfSSL_wolfSSL/wolfssl/wolfcrypt/src/evp.c:1509:6:wolfSSL_EVP_CIPHER_CTX_set_padding	16	static
../Middlewares/Third_Party/wolfSSL_wolfSSL_wolfSSL/wolfssl/wolfcrypt/src/evp.c:1521:5:wolfSSL_EVP_add_digest	16	static
../Middlewares/Third_Party/wolfSSL_wolfSSL_wolfSSL/wolfssl/wolfcrypt/src/evp.c:1536:5:wolfSSL_EVP_PKEY_CTX_free	24	static
../Middlewares/Third_Party/wolfSSL_wolfSSL_wolfSSL/wolfssl/wolfcrypt/src/evp.c:1564:23:wolfSSL_EVP_PKEY_CTX_new	24	static
../Middlewares/Third_Party/wolfSSL_wolfSSL_wolfSSL/wolfssl/wolfcrypt/src/evp.c:1604:5:wolfSSL_EVP_PKEY_CTX_set_rsa_padding	16	static
../Middlewares/Third_Party/wolfSSL_wolfSSL_wolfSSL/wolfssl/wolfcrypt/src/evp.c:1619:5:wolfSSL_EVP_PKEY_CTX_set_signature_md	16	static
../Middlewares/Third_Party/wolfSSL_wolfSSL_wolfSSL/wolfssl/wolfcrypt/src/evp.c:1633:23:wolfSSL_EVP_PKEY_CTX_new_id	24	static
../Middlewares/Third_Party/wolfSSL_wolfSSL_wolfSSL/wolfssl/wolfcrypt/src/evp.c:1655:5:wolfSSL_EVP_PKEY_CTX_set_rsa_keygen_bits	16	static
../Middlewares/Third_Party/wolfSSL_wolfSSL_wolfSSL/wolfssl/wolfcrypt/src/evp.c:1664:5:wolfSSL_EVP_PKEY_derive_init	16	static
../Middlewares/Third_Party/wolfSSL_wolfSSL_wolfSSL/wolfssl/wolfcrypt/src/evp.c:1678:5:wolfSSL_EVP_PKEY_derive_set_peer	16	static
../Middlewares/Third_Party/wolfSSL_wolfSSL_wolfSSL/wolfssl/wolfcrypt/src/evp.c:1695:5:wolfSSL_EVP_PKEY_CTX_ctrl_str	24	static
../Middlewares/Third_Party/wolfSSL_wolfSSL_wolfSSL/wolfssl/wolfcrypt/src/evp.c:1708:5:wolfSSL_EVP_PKEY_derive	96	static
../Middlewares/Third_Party/wolfSSL_wolfSSL_wolfSSL/wolfssl/wolfcrypt/src/evp.c:1884:5:wolfSSL_EVP_PKEY_CTX_set_hkdf_md	24	static
../Middlewares/Third_Party/wolfSSL_wolfSSL_wolfSSL/wolfssl/wolfcrypt/src/evp.c:1905:5:wolfSSL_EVP_PKEY_CTX_set1_hkdf_salt	40	static
../Middlewares/Third_Party/wolfSSL_wolfSSL_wolfSSL/wolfssl/wolfcrypt/src/evp.c:1941:5:wolfSSL_EVP_PKEY_CTX_set1_hkdf_key	40	static
../Middlewares/Third_Party/wolfSSL_wolfSSL_wolfSSL/wolfssl/wolfcrypt/src/evp.c:1977:5:wolfSSL_EVP_PKEY_CTX_add1_hkdf_info	40	static
../Middlewares/Third_Party/wolfSSL_wolfSSL_wolfSSL/wolfssl/wolfcrypt/src/evp.c:2013:5:wolfSSL_EVP_PKEY_CTX_hkdf_mode	24	static
../Middlewares/Third_Party/wolfSSL_wolfSSL_wolfSSL/wolfssl/wolfcrypt/src/evp.c:2054:5:wolfSSL_EVP_PKEY_decrypt	40	static
../Middlewares/Third_Party/wolfSSL_wolfSSL_wolfSSL/wolfssl/wolfcrypt/src/evp.c:2121:5:wolfSSL_EVP_PKEY_decrypt_init	16	static
../Middlewares/Third_Party/wolfSSL_wolfSSL_wolfSSL/wolfssl/wolfcrypt/src/evp.c:2151:5:wolfSSL_EVP_PKEY_encrypt	40	static
../Middlewares/Third_Party/wolfSSL_wolfSSL_wolfSSL/wolfssl/wolfcrypt/src/evp.c:2225:5:wolfSSL_EVP_PKEY_encrypt_init	16	static
../Middlewares/Third_Party/wolfSSL_wolfSSL_wolfSSL/wolfssl/wolfcrypt/src/evp.c:2249:5:wolfSSL_EVP_PKEY_sign_init	24	static
../Middlewares/Third_Party/wolfSSL_wolfSSL_wolfSSL/wolfssl/wolfcrypt/src/evp.c:2292:5:wolfSSL_EVP_PKEY_sign	64	static
../Middlewares/Third_Party/wolfSSL_wolfSSL_wolfSSL/wolfssl/wolfcrypt/src/evp.c:2412:5:wolfSSL_EVP_PKEY_verify_init	16	static
../Middlewares/Third_Party/wolfSSL_wolfSSL_wolfSSL/wolfssl/wolfcrypt/src/evp.c:2452:5:wolfSSL_EVP_PKEY_verify	48	static
../Middlewares/Third_Party/wolfSSL_wolfSSL_wolfSSL/wolfssl/wolfcrypt/src/evp.c:2504:5:wolfSSL_EVP_PKEY_bits	24	static
../Middlewares/Third_Party/wolfSSL_wolfSSL_wolfSSL/wolfssl/wolfcrypt/src/evp.c:2515:5:wolfSSL_EVP_PKEY_paramgen_init	16	static
../Middlewares/Third_Party/wolfSSL_wolfSSL_wolfSSL/wolfssl/wolfcrypt/src/evp.c:2521:5:wolfSSL_EVP_PKEY_CTX_set_ec_paramgen_curve_nid	16	static
../Middlewares/Third_Party/wolfSSL_wolfSSL_wolfSSL/wolfssl/wolfcrypt/src/evp.c:2544:5:wolfSSL_EVP_PKEY_paramgen	32	static
../Middlewares/Third_Party/wolfSSL_wolfSSL_wolfSSL/wolfssl/wolfcrypt/src/evp.c:2613:5:wolfSSL_EVP_PKEY_CTX_set_ec_param_enc	16	static
../Middlewares/Third_Party/wolfSSL_wolfSSL_wolfSSL/wolfssl/wolfcrypt/src/evp.c:2621:5:wolfSSL_EVP_PKEY_keygen_init	16	static
../Middlewares/Third_Party/wolfSSL_wolfSSL_wolfSSL/wolfssl/wolfcrypt/src/evp.c:2627:5:wolfSSL_EVP_PKEY_keygen	32	static
../Middlewares/Third_Party/wolfSSL_wolfSSL_wolfSSL/wolfssl/wolfcrypt/src/evp.c:2726:5:wolfSSL_EVP_PKEY_size	16	static
../Middlewares/Third_Party/wolfSSL_wolfSSL_wolfSSL/wolfssl/wolfcrypt/src/evp.c:2762:5:wolfSSL_EVP_PKEY_copy_parameters	16	static
../Middlewares/Third_Party/wolfSSL_wolfSSL_wolfSSL/wolfssl/wolfcrypt/src/evp.c:2897:5:wolfSSL_EVP_PKEY_missing_parameters	16	static
../Middlewares/Third_Party/wolfSSL_wolfSSL_wolfSSL/wolfssl/wolfcrypt/src/evp.c:2918:5:wolfSSL_EVP_PKEY_cmp	32	static
../Middlewares/Third_Party/wolfSSL_wolfSSL_wolfSSL/wolfssl/wolfcrypt/src/evp.c:2981:12:DH_param_check	40	static
../Middlewares/Third_Party/wolfSSL_wolfSSL_wolfSSL/wolfssl/wolfcrypt/src/evp.c:3063:5:wolfSSL_EVP_PKEY_param_check	24	static
../Middlewares/Third_Party/wolfSSL_wolfSSL_wolfSSL/wolfssl/wolfcrypt/src/evp.c:3122:5:wolfSSL_EVP_SignInit	16	static
../Middlewares/Third_Party/wolfSSL_wolfSSL_wolfSSL/wolfssl/wolfcrypt/src/evp.c:3129:5:wolfSSL_EVP_SignInit_ex	24	static
../Middlewares/Third_Party/wolfSSL_wolfSSL_wolfSSL/wolfssl/wolfcrypt/src/evp.c:3147:5:wolfSSL_EVP_SignUpdate	24	static
../Middlewares/Third_Party/wolfSSL_wolfSSL_wolfSSL/wolfssl/wolfcrypt/src/evp.c:3222:25:EvpMd2MacType	24	static
../Middlewares/Third_Party/wolfSSL_wolfSSL_wolfSSL/wolfssl/wolfcrypt/src/evp.c:3236:30:wolfSSL_macType2EVP_md	24	static
../Middlewares/Third_Party/wolfSSL_wolfSSL_wolfSSL/wolfssl/wolfcrypt/src/evp.c:3257:5:wolfSSL_EVP_SignFinal	80	static
../Middlewares/Third_Party/wolfSSL_wolfSSL_wolfSSL/wolfssl/wolfcrypt/src/evp.c:3322:5:wolfSSL_EVP_VerifyInit	16	static
../Middlewares/Third_Party/wolfSSL_wolfSSL_wolfSSL/wolfssl/wolfcrypt/src/evp.c:3338:5:wolfSSL_EVP_VerifyUpdate	24	static
../Middlewares/Third_Party/wolfSSL_wolfSSL_wolfSSL/wolfssl/wolfcrypt/src/evp.c:3355:5:wolfSSL_EVP_VerifyFinal	80	static
../Middlewares/Third_Party/wolfSSL_wolfSSL_wolfSSL/wolfssl/wolfcrypt/src/evp.c:3393:5:wolfSSL_EVP_add_cipher	16	static
../Middlewares/Third_Party/wolfSSL_wolfSSL_wolfSSL/wolfssl/wolfcrypt/src/evp.c:3401:19:wolfSSL_EVP_PKEY_new_mac_key	32	static
../Middlewares/Third_Party/wolfSSL_wolfSSL_wolfSSL/wolfssl/wolfcrypt/src/evp.c:3485:22:wolfSSL_EVP_PKEY_get0_hmac	16	static
../Middlewares/Third_Party/wolfSSL_wolfSSL_wolfSSL/wolfssl/wolfcrypt/src/evp.c:3499:12:wolfSSL_evp_digest_pk_init	40	static
../Middlewares/Third_Party/wolfSSL_wolfSSL_wolfSSL/wolfssl/wolfcrypt/src/evp.c:3606:12:wolfssl_evp_digest_pk_update	24	static
../Middlewares/Third_Party/wolfSSL_wolfSSL_wolfSSL/wolfssl/wolfcrypt/src/evp.c:3623:12:wolfssl_evp_digest_pk_final	464	static
../Middlewares/Third_Party/wolfSSL_wolfSSL_wolfSSL/wolfssl/wolfcrypt/src/evp.c:3651:12:wolfssl_mac_len	24	static
../Middlewares/Third_Party/wolfSSL_wolfSSL_wolfSSL/wolfssl/wolfcrypt/src/evp.c:3727:5:wolfSSL_EVP_DigestSignInit	32	static
../Middlewares/Third_Party/wolfSSL_wolfSSL_wolfSSL/wolfssl/wolfcrypt/src/evp.c:3742:5:wolfSSL_EVP_DigestSignUpdate	24	static
../Middlewares/Third_Party/wolfSSL_wolfSSL_wolfSSL/wolfssl/wolfcrypt/src/evp.c:3753:5:wolfSSL_EVP_DigestSignFinal	112	static
../Middlewares/Third_Party/wolfSSL_wolfSSL_wolfSSL/wolfssl/wolfcrypt/src/evp.c:3851:5:wolfSSL_EVP_DigestVerifyInit	32	static
../Middlewares/Third_Party/wolfSSL_wolfSSL_wolfSSL/wolfssl/wolfcrypt/src/evp.c:3866:5:wolfSSL_EVP_DigestVerifyUpdate	24	static
../Middlewares/Third_Party/wolfSSL_wolfSSL_wolfSSL/wolfssl/wolfcrypt/src/evp.c:3878:5:wolfSSL_EVP_DigestVerifyFinal	104	static
../Middlewares/Third_Party/wolfSSL_wolfSSL_wolfSSL/wolfssl/wolfcrypt/src/evp.c:4272:27:wolfSSL_EVP_CIPHER_CTX_cipher	24	static
../Middlewares/Third_Party/wolfSSL_wolfSSL_wolfSSL/wolfssl/wolfcrypt/src/evp.c:4290:5:wolfSSL_EVP_CIPHER_nid	24	static
../Middlewares/Third_Party/wolfSSL_wolfSSL_wolfSSL/wolfssl/wolfcrypt/src/evp.c:4307:27:wolfSSL_EVP_get_cipherbyname	96	static
../Middlewares/Third_Party/wolfSSL_wolfSSL_wolfSSL/wolfssl/wolfcrypt/src/evp.c:4404:27:wolfSSL_EVP_get_cipherbynid	16	static
../Middlewares/Third_Party/wolfSSL_wolfSSL_wolfSSL/wolfssl/wolfcrypt/src/evp.c:4501:6:wolfSSL_EVP_init	4	static
../Middlewares/Third_Party/wolfSSL_wolfSSL_wolfSSL/wolfssl/wolfcrypt/src/evp.c:4507:5:wolfSSL_EVP_Digest	48	static
../Middlewares/Third_Party/wolfSSL_wolfSSL_wolfSSL/wolfssl/wolfcrypt/src/evp.c:4548:23:wolfSSL_EVP_get_digestbyname	48	static
../Middlewares/Third_Party/wolfSSL_wolfSSL_wolfSSL/wolfssl/wolfcrypt/src/evp.c:4584:5:wolfSSL_EVP_MD_type	24	static
../Middlewares/Third_Party/wolfSSL_wolfSSL_wolfSSL/wolfssl/wolfcrypt/src/evp.c:4652:10:wolfSSL_EVP_set_pw_prompt	16	static
../Middlewares/Third_Party/wolfSSL_wolfSSL_wolfSSL/wolfssl/wolfcrypt/src/evp.c:4660:27:wolfSSL_EVP_mdc2	4	static
../Middlewares/Third_Party/wolfSSL_wolfSSL_wolfSSL/wolfssl/wolfcrypt/src/evp.c:4686:27:wolfSSL_EVP_sha256	8	static
../Middlewares/Third_Party/wolfSSL_wolfSSL_wolfSSL/wolfssl/wolfcrypt/src/evp.c:4785:25:wolfSSL_EVP_MD_CTX_new	16	static
../Middlewares/Third_Party/wolfSSL_wolfSSL_wolfSSL/wolfssl/wolfcrypt/src/evp.c:4797:10:wolfSSL_EVP_MD_CTX_free	24	static
../Middlewares/Third_Party/wolfSSL_wolfSSL_wolfSSL/wolfssl/wolfcrypt/src/evp.c:4807:9:wolfSSL_EVP_MD_CTX_type	24	static
../Middlewares/Third_Party/wolfSSL_wolfSSL_wolfSSL/wolfssl/wolfcrypt/src/evp.c:4831:9:wolfSSL_EVP_MD_CTX_copy	16	static
../Middlewares/Third_Party/wolfSSL_wolfSSL_wolfSSL/wolfssl/wolfcrypt/src/evp.c:4837:9:wolfSSL_EVP_MD_CTX_size	16	static
../Middlewares/Third_Party/wolfSSL_wolfSSL_wolfSSL/wolfssl/wolfcrypt/src/evp.c:4841:9:wolfSSL_EVP_MD_CTX_block_size	16	static
../Middlewares/Third_Party/wolfSSL_wolfSSL_wolfSSL/wolfssl/wolfcrypt/src/evp.c:4847:16:wolfSSL_EVP_MD_Copy_Hasher	24	static
../Middlewares/Third_Party/wolfSSL_wolfSSL_wolfSSL/wolfssl/wolfcrypt/src/evp.c:4981:9:wolfSSL_EVP_MD_CTX_copy_ex	16	static
../Middlewares/Third_Party/wolfSSL_wolfSSL_wolfSSL/wolfssl/wolfcrypt/src/evp.c:4995:10:wolfSSL_EVP_MD_CTX_init	16	static
../Middlewares/Third_Party/wolfSSL_wolfSSL_wolfSSL/wolfssl/wolfcrypt/src/evp.c:5001:27:wolfSSL_EVP_MD_CTX_md	24	static
../Middlewares/Third_Party/wolfSSL_wolfSSL_wolfSSL/wolfssl/wolfcrypt/src/evp.c:5022:24:hasAliasName	24	static
../Middlewares/Third_Party/wolfSSL_wolfSSL_wolfSSL/wolfssl/wolfcrypt/src/evp.c:5049:17:md_do_all_func	32	static
../Middlewares/Third_Party/wolfSSL_wolfSSL_wolfSSL/wolfssl/wolfcrypt/src/evp.c:5077:10:wolfSSL_EVP_MD_do_all	24	static
../Middlewares/Third_Party/wolfSSL_wolfSSL_wolfSSL/wolfssl/wolfcrypt/src/evp.c:5095:10:wolfSSL_OBJ_NAME_do_all	32	static
../Middlewares/Third_Party/wolfSSL_wolfSSL_wolfSSL/wolfssl/wolfcrypt/src/evp.c:5126:31:wolfSSL_EVP_aes_128_cbc	4	static
../Middlewares/Third_Party/wolfSSL_wolfSSL_wolfSSL/wolfssl/wolfcrypt/src/evp.c:5135:31:wolfSSL_EVP_aes_192_cbc	4	static
../Middlewares/Third_Party/wolfSSL_wolfSSL_wolfSSL/wolfssl/wolfcrypt/src/evp.c:5144:31:wolfSSL_EVP_aes_256_cbc	4	static
../Middlewares/Third_Party/wolfSSL_wolfSSL_wolfSSL/wolfssl/wolfcrypt/src/evp.c:5391:31:wolfSSL_EVP_chacha20_poly1305	4	static
../Middlewares/Third_Party/wolfSSL_wolfSSL_wolfSSL/wolfssl/wolfcrypt/src/evp.c:5399:31:wolfSSL_EVP_chacha20	4	static
../Middlewares/Third_Party/wolfSSL_wolfSSL_wolfSSL/wolfssl/wolfcrypt/src/evp.c:5406:31:wolfSSL_EVP_enc_null	4	static
../Middlewares/Third_Party/wolfSSL_wolfSSL_wolfSSL/wolfssl/wolfcrypt/src/evp.c:5412:9:wolfSSL_EVP_MD_CTX_cleanup	24	static
../Middlewares/Third_Party/wolfSSL_wolfSSL_wolfSSL/wolfssl/wolfcrypt/src/evp.c:5515:10:wolfSSL_EVP_CIPHER_CTX_init	16	static
../Middlewares/Third_Party/wolfSSL_wolfSSL_wolfSSL/wolfssl/wolfcrypt/src/evp.c:5528:9:wolfSSL_EVP_CIPHER_CTX_ctrl	48	static
../Middlewares/Third_Party/wolfSSL_wolfSSL_wolfSSL/wolfssl/wolfcrypt/src/evp.c:5722:9:wolfSSL_EVP_CIPHER_CTX_cleanup	24	static
../Middlewares/Third_Party/wolfSSL_wolfSSL_wolfSSL/wolfssl/wolfcrypt/src/evp.c:5843:18:AesSetKey_ex	40	static
../Middlewares/Third_Party/wolfSSL_wolfSSL_wolfSSL/wolfssl/wolfcrypt/src/evp.c:6068:9:wolfSSL_EVP_CipherInit	40	static
../Middlewares/Third_Party/wolfSSL_wolfSSL_wolfSSL/wolfssl/wolfcrypt/src/evp.c:6912:9:wolfSSL_EVP_CIPHER_CTX_nid	16	static
../Middlewares/Third_Party/wolfSSL_wolfSSL_wolfSSL/wolfssl/wolfcrypt/src/evp.c:6993:9:wolfSSL_EVP_CIPHER_CTX_key_length	16	static
../Middlewares/Third_Party/wolfSSL_wolfSSL_wolfSSL/wolfssl/wolfcrypt/src/evp.c:7003:9:wolfSSL_EVP_CIPHER_CTX_set_key_length	16	static
../Middlewares/Third_Party/wolfSSL_wolfSSL_wolfSSL/wolfssl/wolfcrypt/src/evp.c:7017:9:wolfSSL_EVP_CIPHER_CTX_set_iv_length	16	static
../Middlewares/Third_Party/wolfSSL_wolfSSL_wolfSSL/wolfssl/wolfcrypt/src/evp.c:7032:9:wolfSSL_EVP_CIPHER_CTX_set_iv	40	static
../Middlewares/Third_Party/wolfSSL_wolfSSL_wolfSSL/wolfssl/wolfcrypt/src/evp.c:7055:9:wolfSSL_EVP_CIPHER_CTX_get_iv	32	static
../Middlewares/Third_Party/wolfSSL_wolfSSL_wolfSSL/wolfssl/wolfcrypt/src/evp.c:7080:9:wolfSSL_EVP_Cipher	32	static
../Middlewares/Third_Party/wolfSSL_wolfSSL_wolfSSL/wolfssl/wolfcrypt/src/evp.c:7291:9:wolfSSL_EVP_DigestInit	24	static
../Middlewares/Third_Party/wolfSSL_wolfSSL_wolfSSL/wolfssl/wolfcrypt/src/evp.c:7393:9:wolfSSL_EVP_DigestUpdate	32	static
../Middlewares/Third_Party/wolfSSL_wolfSSL_wolfSSL/wolfssl/wolfcrypt/src/evp.c:7510:9:wolfSSL_EVP_DigestFinal	32	static
../Middlewares/Third_Party/wolfSSL_wolfSSL_wolfSSL/wolfssl/wolfcrypt/src/evp.c:7623:9:wolfSSL_EVP_DigestFinal_ex	24	static
../Middlewares/Third_Party/wolfSSL_wolfSSL_wolfSSL/wolfssl/wolfcrypt/src/evp.c:7630:10:wolfSSL_EVP_cleanup	4	static
../Middlewares/Third_Party/wolfSSL_wolfSSL_wolfSSL/wolfssl/wolfcrypt/src/evp.c:7635:23:wolfSSL_EVP_get_digestbynid	16	static
../Middlewares/Third_Party/wolfSSL_wolfSSL_wolfSSL/wolfssl/wolfcrypt/src/evp.c:7671:13:clearEVPPkeyKeys	16	static
../Middlewares/Third_Party/wolfSSL_wolfSSL_wolfSSL/wolfssl/wolfcrypt/src/evp.c:7813:14:wolfSSL_EVP_PKEY_get0_RSA	16	static
../Middlewares/Third_Party/wolfSSL_wolfSSL_wolfSSL/wolfssl/wolfcrypt/src/evp.c:7823:14:wolfSSL_EVP_PKEY_get1_RSA	16	static
../Middlewares/Third_Party/wolfSSL_wolfSSL_wolfSSL/wolfssl/wolfcrypt/src/evp.c:7840:5:wolfSSL_EVP_PKEY_set1_RSA	16	static
../Middlewares/Third_Party/wolfSSL_wolfSSL_wolfSSL/wolfssl/wolfcrypt/src/evp.c:7998:17:wolfSSL_EVP_PKEY_get0_EC_KEY	24	static
../Middlewares/Third_Party/wolfSSL_wolfSSL_wolfSSL/wolfssl/wolfcrypt/src/evp.c:8009:17:wolfSSL_EVP_PKEY_get1_EC_KEY	24	static
../Middlewares/Third_Party/wolfSSL_wolfSSL_wolfSSL/wolfssl/wolfcrypt/src/evp.c:8194:5:wolfSSL_EVP_PKEY_assign	32	static
../Middlewares/Third_Party/wolfSSL_wolfSSL_wolfSSL/wolfssl/wolfcrypt/src/evp.c:8233:12:ECC_populate_EVP_PKEY	48	static
../Middlewares/Third_Party/wolfSSL_wolfSSL_wolfSSL/wolfssl/wolfcrypt/src/evp.c:8317:5:wolfSSL_EVP_PKEY_set1_EC_KEY	16	static
../Middlewares/Third_Party/wolfSSL_wolfSSL_wolfSSL/wolfssl/wolfcrypt/src/evp.c:8339:7:wolfSSL_EVP_X_STATE	16	static
../Middlewares/Third_Party/wolfSSL_wolfSSL_wolfSSL/wolfssl/wolfcrypt/src/evp.c:8357:5:wolfSSL_EVP_PKEY_assign_EC_KEY	24	static
../Middlewares/Third_Party/wolfSSL_wolfSSL_wolfSSL/wolfssl/wolfcrypt/src/evp.c:8378:23:wolfSSL_EVP_ripemd160	4	static
../Middlewares/Third_Party/wolfSSL_wolfSSL_wolfSSL/wolfssl/wolfcrypt/src/evp.c:8387:5:wolfSSL_EVP_MD_block_size	16	static
../Middlewares/Third_Party/wolfSSL_wolfSSL_wolfSSL/wolfssl/wolfcrypt/src/evp.c:8457:5:wolfSSL_EVP_MD_size	16	static
../Middlewares/Third_Party/wolfSSL_wolfSSL_wolfSSL/wolfssl/wolfcrypt/src/evp.c:8537:5:wolfSSL_EVP_MD_pkey_type	24	static
../Middlewares/Third_Party/wolfSSL_wolfSSL_wolfSSL/wolfssl/wolfcrypt/src/evp.c:8571:5:wolfSSL_EVP_CIPHER_CTX_iv_length	16	static
../Middlewares/Third_Party/wolfSSL_wolfSSL_wolfSSL/wolfssl/wolfcrypt/src/evp.c:8672:5:wolfSSL_EVP_CIPHER_iv_length	24	static
../Middlewares/Third_Party/wolfSSL_wolfSSL_wolfSSL/wolfssl/wolfcrypt/src/evp.c:8760:5:wolfSSL_EVP_X_STATE_LEN	16	static
../Middlewares/Third_Party/wolfSSL_wolfSSL_wolfSSL/wolfssl/wolfcrypt/src/evp.c:8786:5:wolfSSL_EVP_PKEY_type	16	static
../Middlewares/Third_Party/wolfSSL_wolfSSL_wolfSSL/wolfssl/wolfcrypt/src/evp.c:8805:5:wolfSSL_EVP_PKEY_id	16	static
../Middlewares/Third_Party/wolfSSL_wolfSSL_wolfSSL/wolfssl/wolfcrypt/src/evp.c:8813:5:wolfSSL_EVP_PKEY_base_id	16	static
../Middlewares/Third_Party/wolfSSL_wolfSSL_wolfSSL/wolfssl/wolfcrypt/src/evp.c:8820:5:wolfSSL_EVP_PKEY_get_default_digest_nid	16	static
../Middlewares/Third_Party/wolfSSL_wolfSSL_wolfSSL/wolfssl/wolfcrypt/src/evp.c:8848:19:wolfSSL_EVP_PKCS82PKEY	16	static
../Middlewares/Third_Party/wolfSSL_wolfSSL_wolfSSL/wolfssl/wolfcrypt/src/evp.c:8860:30:wolfSSL_EVP_PKEY2PKCS8	16	static
../Middlewares/Third_Party/wolfSSL_wolfSSL_wolfSSL/wolfssl/wolfcrypt/src/evp.c:8867:5:wolfSSL_EVP_PKEY_up_ref	16	static
../Middlewares/Third_Party/wolfSSL_wolfSSL_wolfSSL/wolfssl/wolfcrypt/src/evp.c:8887:5:wolfSSL_EVP_PKEY_assign_RSA	40	static
../Middlewares/Third_Party/wolfSSL_wolfSSL_wolfSSL/wolfssl/wolfcrypt/src/evp.c:8960:19:wolfSSL_EVP_PKEY_new	8	static
../Middlewares/Third_Party/wolfSSL_wolfSSL_wolfSSL/wolfssl/wolfcrypt/src/evp.c:8964:19:wolfSSL_EVP_PKEY_new_ex	24	static
../Middlewares/Third_Party/wolfSSL_wolfSSL_wolfSSL/wolfssl/wolfcrypt/src/evp.c:9005:6:wolfSSL_EVP_PKEY_free	40	static
../Middlewares/Third_Party/wolfSSL_wolfSSL_wolfSSL/wolfssl/wolfcrypt/src/evp.c:9121:12:Indent	24	static
../Middlewares/Third_Party/wolfSSL_wolfSSL_wolfSSL/wolfssl/wolfcrypt/src/evp.c:9151:12:PrintHexWithColon	64	static
../Middlewares/Third_Party/wolfSSL_wolfSSL_wolfSSL/wolfssl/wolfcrypt/src/evp.c:9244:12:PrintPubKeyRSA	136	static
../Middlewares/Third_Party/wolfSSL_wolfSSL_wolfSSL/wolfssl/wolfcrypt/src/evp.c:9397:12:PrintPubKeyEC	160	static
../Middlewares/Third_Party/wolfSSL_wolfSSL_wolfSSL/wolfssl/wolfcrypt/src/evp.c:10041:5:wolfSSL_EVP_PKEY_print_public	40	static
../Middlewares/Third_Party/wolfSSL_wolfSSL_wolfSSL/wolfssl/wolfcrypt/src/evp.c:10138:5:wolfSSL_EVP_get_hashinfo	32	static
../Middlewares/Third_Party/wolfSSL_wolfSSL_wolfSSL/wolfssl/wolfcrypt/src/evp.c:10248:32:wolfSSL_EVP_ENCODE_CTX_new	16	static
../Middlewares/Third_Party/wolfSSL_wolfSSL_wolfSSL/wolfssl/wolfcrypt/src/evp.c:10264:6:wolfSSL_EVP_ENCODE_CTX_free	24	static
../Middlewares/Third_Party/wolfSSL_wolfSSL_wolfSSL/wolfssl/wolfcrypt/src/evp.c:10275:5:wolfSSL_EVP_EncodeBlock	32	static
../Middlewares/Third_Party/wolfSSL_wolfSSL_wolfSSL/wolfssl/wolfcrypt/src/evp.c:10291:5:wolfSSL_EVP_DecodeBlock	32	static
../Middlewares/Third_Party/wolfSSL_wolfSSL_wolfSSL/wolfssl/wolfcrypt/src/evp.c:10310:6:wolfSSL_EVP_EncodeInit	16	static
../Middlewares/Third_Party/wolfSSL_wolfSSL_wolfSSL/wolfssl/wolfcrypt/src/evp.c:10326:6:wolfSSL_EVP_EncodeUpdate	40	static
../Middlewares/Third_Party/wolfSSL_wolfSSL_wolfSSL/wolfssl/wolfcrypt/src/evp.c:10399:6:wolfSSL_EVP_EncodeFinal	32	static
../Middlewares/Third_Party/wolfSSL_wolfSSL_wolfSSL/wolfssl/wolfcrypt/src/evp.c:10437:6:wolfSSL_EVP_DecodeInit	16	static
../Middlewares/Third_Party/wolfSSL_wolfSSL_wolfSSL/wolfssl/wolfcrypt/src/evp.c:10453:6:wolfSSL_EVP_DecodeUpdate	72	static
../Middlewares/Third_Party/wolfSSL_wolfSSL_wolfSSL/wolfssl/wolfcrypt/src/evp.c:10653:6:wolfSSL_EVP_DecodeFinal	40	static
../Middlewares/Third_Party/wolfSSL_wolfSSL_wolfSSL/wolfssl/src/pk.c:69:12:pem_mem_to_der	56	static
../Middlewares/Third_Party/wolfSSL_wolfSSL_wolfSSL/wolfssl/src/pk.c:134:12:pem_read_bio_key	64	static
../Middlewares/Third_Party/wolfSSL_wolfSSL_wolfSSL/wolfssl/src/pk.c:213:12:der_to_pem_alloc	48	static
../Middlewares/Third_Party/wolfSSL_wolfSSL_wolfSSL/wolfssl/src/pk.c:256:12:der_write_to_bio_as_pem	56	static
../Middlewares/Third_Party/wolfSSL_wolfSSL_wolfSSL/wolfssl/src/pk.c:451:12:wolfssl_print_indent	40	static
../Middlewares/Third_Party/wolfSSL_wolfSSL_wolfSSL/wolfssl/src/pk.c:483:12:wolfssl_print_value	96	static
../Middlewares/Third_Party/wolfSSL_wolfSSL_wolfSSL/wolfssl/src/pk.c:531:12:wolfssl_print_number	104	static
../Middlewares/Third_Party/wolfSSL_wolfSSL_wolfSSL/wolfssl/src/pk.c:649:12:wolfssl_der_length	32	static
../Middlewares/Third_Party/wolfSSL_wolfSSL_wolfSSL/wolfssl/src/pk.c:683:9:wolfssl_make_rng	24	static
../Middlewares/Third_Party/wolfSSL_wolfSSL_wolfSSL/wolfssl/src/pk.c:746:21:wolfSSL_RSA_meth_new	32	static
../Middlewares/Third_Party/wolfSSL_wolfSSL_wolfSSL/wolfssl/src/pk.c:785:27:wolfSSL_RSA_get_default_method	4	static
../Middlewares/Third_Party/wolfSSL_wolfSSL_wolfSSL/wolfssl/src/pk.c:799:6:wolfSSL_RSA_meth_free	24	static
../Middlewares/Third_Party/wolfSSL_wolfSSL_wolfSSL/wolfssl/src/pk.c:819:5:wolfSSL_RSA_meth_set	16	static
../Middlewares/Third_Party/wolfSSL_wolfSSL_wolfSSL/wolfssl/src/pk.c:842:6:wolfSSL_RSA_free	48	static
../Middlewares/Third_Party/wolfSSL_wolfSSL_wolfSSL/wolfssl/src/pk.c:929:14:wolfSSL_RSA_new_ex	48	static
../Middlewares/Third_Party/wolfSSL_wolfSSL_wolfSSL/wolfssl/src/pk.c:1034:14:wolfSSL_RSA_new	8	static
../Middlewares/Third_Party/wolfSSL_wolfSSL_wolfSSL/wolfssl/src/pk.c:1046:5:wolfSSL_RSA_up_ref	24	static
../Middlewares/Third_Party/wolfSSL_wolfSSL_wolfSSL/wolfssl/src/pk.c:1136:14:wolfSSL_d2i_RSAPublicKey	32	static
../Middlewares/Third_Party/wolfSSL_wolfSSL_wolfSSL/wolfssl/src/pk.c:1185:14:wolfSSL_d2i_RSAPrivateKey	32	static
../Middlewares/Third_Party/wolfSSL_wolfSSL_wolfSSL/wolfssl/src/pk.c:1577:5:wolfSSL_RSA_LoadDer	24	static
../Middlewares/Third_Party/wolfSSL_wolfSSL_wolfSSL/wolfssl/src/pk.c:1596:5:wolfSSL_RSA_LoadDer_ex	40	static
../Middlewares/Third_Party/wolfSSL_wolfSSL_wolfSSL/wolfssl/src/pk.c:1687:21:wolfssl_rsa_d2i	32	static
../Middlewares/Third_Party/wolfSSL_wolfSSL_wolfSSL/wolfssl/src/pk.c:1852:14:wolfSSL_PEM_read_bio_RSA_PUBKEY	48	static
../Middlewares/Third_Party/wolfSSL_wolfSSL_wolfSSL/wolfssl/src/pk.c:2168:14:wolfSSL_PEM_read_bio_RSAPrivateKey	48	static
../Middlewares/Third_Party/wolfSSL_wolfSSL_wolfSSL/wolfssl/src/pk.c:2318:5:wolfSSL_RSA_print	144	static
../Middlewares/Third_Party/wolfSSL_wolfSSL_wolfSSL/wolfssl/src/pk.c:2429:5:SetRsaExternal	24	static
../Middlewares/Third_Party/wolfSSL_wolfSSL_wolfSSL/wolfssl/src/pk.c:2527:5:SetRsaInternal	24	static
../Middlewares/Third_Party/wolfSSL_wolfSSL_wolfSSL/wolfssl/src/pk.c:2624:5:wolfSSL_RSA_set_method	16	static
../Middlewares/Third_Party/wolfSSL_wolfSSL_wolfSSL/wolfssl/src/pk.c:2642:27:wolfSSL_RSA_get_method	16	static
../Middlewares/Third_Party/wolfSSL_wolfSSL_wolfSSL/wolfssl/src/pk.c:2655:5:wolfSSL_RSA_size	24	static
../Middlewares/Third_Party/wolfSSL_wolfSSL_wolfSSL/wolfssl/src/pk.c:2680:5:wolfSSL_RSA_bits	24	static
../Middlewares/Third_Party/wolfSSL_wolfSSL_wolfSSL/wolfssl/src/pk.c:2705:6:wolfSSL_RSA_get0_crt_params	24	static
../Middlewares/Third_Party/wolfSSL_wolfSSL_wolfSSL/wolfssl/src/pk.c:2735:5:wolfSSL_RSA_set0_crt_params	32	static
../Middlewares/Third_Party/wolfSSL_wolfSSL_wolfSSL/wolfssl/src/pk.c:2780:6:wolfSSL_RSA_get0_factors	24	static
../Middlewares/Third_Party/wolfSSL_wolfSSL_wolfSSL/wolfssl/src/pk.c:2804:5:wolfSSL_RSA_set0_factors	32	static
../Middlewares/Third_Party/wolfSSL_wolfSSL_wolfSSL/wolfssl/src/pk.c:2846:6:wolfSSL_RSA_get0_key	24	static
../Middlewares/Third_Party/wolfSSL_wolfSSL_wolfSSL/wolfssl/src/pk.c:2875:5:wolfSSL_RSA_set0_key	32	static
../Middlewares/Third_Party/wolfSSL_wolfSSL_wolfSSL/wolfssl/src/pk.c:2921:5:wolfSSL_RSA_flags	24	static
../Middlewares/Third_Party/wolfSSL_wolfSSL_wolfSSL/wolfssl/src/pk.c:2938:6:wolfSSL_RSA_set_flags	16	static
../Middlewares/Third_Party/wolfSSL_wolfSSL_wolfSSL/wolfssl/src/pk.c:2951:6:wolfSSL_RSA_clear_flags	16	static
../Middlewares/Third_Party/wolfSSL_wolfSSL_wolfSSL/wolfssl/src/pk.c:2965:5:wolfSSL_RSA_test_flags	16	static
../Middlewares/Third_Party/wolfSSL_wolfSSL_wolfSSL/wolfssl/src/pk.c:2978:7:wolfSSL_RSA_get_ex_data	16	static
../Middlewares/Third_Party/wolfSSL_wolfSSL_wolfSSL/wolfssl/src/pk.c:3001:5:wolfSSL_RSA_set_ex_data	24	static
../Middlewares/Third_Party/wolfSSL_wolfSSL_wolfSSL/wolfssl/src/pk.c:3094:9:WOLFSSL_RSA_GetRNG	32	static
../Middlewares/Third_Party/wolfSSL_wolfSSL_wolfSSL/wolfssl/src/pk.c:3133:12:wolfssl_rsa_generate_key_native	24	static
../Middlewares/Third_Party/wolfSSL_wolfSSL_wolfSSL/wolfssl/src/pk.c:3216:14:wolfSSL_RSA_generate_key	40	static
../Middlewares/Third_Party/wolfSSL_wolfSSL_wolfSSL/wolfssl/src/pk.c:3292:5:wolfSSL_RSA_generate_key_ex	32	static
../Middlewares/Third_Party/wolfSSL_wolfSSL_wolfSSL/wolfssl/src/pk.c:3370:5:wolfSSL_RSA_padding_add_PKCS1_PSS	112	static
../Middlewares/Third_Party/wolfSSL_wolfSSL_wolfSSL/wolfssl/src/pk.c:3502:5:wolfSSL_RSA_verify_PKCS1_PSS	112	static
../Middlewares/Third_Party/wolfSSL_wolfSSL_wolfSSL/wolfssl/src/pk.c:3654:12:wolfssl_rsa_sig_encode	40	static
../Middlewares/Third_Party/wolfSSL_wolfSSL_wolfSSL/wolfssl/src/pk.c:3704:5:wolfSSL_RSA_sign	40	static
../Middlewares/Third_Party/wolfSSL_wolfSSL_wolfSSL/wolfssl/src/pk.c:3730:5:wolfSSL_RSA_sign_ex	48	static
../Middlewares/Third_Party/wolfSSL_wolfSSL_wolfSSL/wolfssl/src/pk.c:3769:5:wolfSSL_RSA_sign_generic_padding	104	static
../Middlewares/Third_Party/wolfSSL_wolfSSL_wolfSSL/wolfssl/src/pk.c:3937:5:wolfSSL_RSA_verify	40	static
../Middlewares/Third_Party/wolfSSL_wolfSSL_wolfSSL/wolfssl/src/pk.c:3962:5:wolfSSL_RSA_verify_ex	80	static
../Middlewares/Third_Party/wolfSSL_wolfSSL_wolfSSL/wolfssl/src/pk.c:4081:5:wolfSSL_RSA_public_encrypt	96	static
../Middlewares/Third_Party/wolfSSL_wolfSSL_wolfSSL/wolfssl/src/pk.c:4202:5:wolfSSL_RSA_private_decrypt	72	static
../Middlewares/Third_Party/wolfSSL_wolfSSL_wolfSSL/wolfssl/src/pk.c:4295:5:wolfSSL_RSA_public_decrypt	48	static
../Middlewares/Third_Party/wolfSSL_wolfSSL_wolfSSL/wolfssl/src/pk.c:4382:5:wolfSSL_RSA_private_encrypt	64	static
../Middlewares/Third_Party/wolfSSL_wolfSSL_wolfSSL/wolfssl/src/pk.c:4479:5:wolfSSL_RSA_GenAdd	40	static
../Middlewares/Third_Party/wolfSSL_wolfSSL_wolfSSL/wolfssl/src/pk.c:4569:5:wolfSSL_RSA_blinding_on	16	static
../Middlewares/Third_Party/wolfSSL_wolfSSL_wolfSSL/wolfssl/src/pk.c:8720:17:wolfSSL_EC_KEY_dup	40	static
../Middlewares/Third_Party/wolfSSL_wolfSSL_wolfSSL/wolfssl/src/pk.c:8855:12:SetIndividualInternalEcc	16	static
../Middlewares/Third_Party/wolfSSL_wolfSSL_wolfSSL/wolfssl/src/pk.c:8879:12:SetECPointInternal	24	static
../Middlewares/Third_Party/wolfSSL_wolfSSL_wolfSSL/wolfssl/src/pk.c:8935:12:SetECPointExternal	24	static
../Middlewares/Third_Party/wolfSSL_wolfSSL_wolfSSL/wolfssl/src/pk.c:8970:5:SetECKeyExternal	32	static
../Middlewares/Third_Party/wolfSSL_wolfSSL_wolfSSL/wolfssl/src/pk.c:9017:5:SetECKeyInternal	24	static
../Middlewares/Third_Party/wolfSSL_wolfSSL_wolfSSL/wolfssl/src/pk.c:9077:19:wolfSSL_EC_KEY_get0_public_key	16	static
../Middlewares/Third_Party/wolfSSL_wolfSSL_wolfSSL/wolfssl/src/pk.c:9089:25:wolfSSL_EC_KEY_get0_group	16	static
../Middlewares/Third_Party/wolfSSL_wolfSSL_wolfSSL/wolfssl/src/pk.c:9105:5:wolfSSL_EC_KEY_set_private_key	16	static
../Middlewares/Third_Party/wolfSSL_wolfSSL_wolfSSL/wolfssl/src/pk.c:9135:17:wolfSSL_EC_KEY_get0_private_key	16	static
../Middlewares/Third_Party/wolfSSL_wolfSSL_wolfSSL/wolfssl/src/pk.c:9152:17:wolfSSL_EC_KEY_new_by_curve_name	32	static
../Middlewares/Third_Party/wolfSSL_wolfSSL_wolfSSL/wolfssl/src/pk.c:9189:13:wolfSSL_EC_curve_nid2nist	24	static
../Middlewares/Third_Party/wolfSSL_wolfSSL_wolfSSL/wolfssl/src/pk.c:9205:5:wolfSSL_EC_curve_nist2nid	24	static
../Middlewares/Third_Party/wolfSSL_wolfSSL_wolfSSL/wolfssl/src/pk.c:9216:13:InitwolfSSL_ECKey	16	static
../Middlewares/Third_Party/wolfSSL_wolfSSL_wolfSSL/wolfssl/src/pk.c:9229:17:wolfSSL_EC_KEY_new_ex	24	static
../Middlewares/Third_Party/wolfSSL_wolfSSL_wolfSSL/wolfssl/src/pk.c:9294:17:wolfSSL_EC_KEY_new	8	static
../Middlewares/Third_Party/wolfSSL_wolfSSL_wolfSSL/wolfssl/src/pk.c:9299:6:wolfSSL_EC_KEY_free	32	static
../Middlewares/Third_Party/wolfSSL_wolfSSL_wolfSSL/wolfssl/src/pk.c:9349:5:wolfSSL_EC_KEY_up_ref	16	static
../Middlewares/Third_Party/wolfSSL_wolfSSL_wolfSSL/wolfssl/src/pk.c:9368:5:wolfSSL_EC_KEY_set_group	16	static
../Middlewares/Third_Party/wolfSSL_wolfSSL_wolfSSL/wolfssl/src/pk.c:9389:5:wolfSSL_EC_KEY_generate_key	56	static
../Middlewares/Third_Party/wolfSSL_wolfSSL_wolfSSL/wolfssl/src/pk.c:9471:6:wolfSSL_EC_KEY_set_asn1_flag	16	static
../Middlewares/Third_Party/wolfSSL_wolfSSL_wolfSSL/wolfssl/src/pk.c:9481:12:setupPoint	16	static
../Middlewares/Third_Party/wolfSSL_wolfSSL_wolfSSL/wolfssl/src/pk.c:9499:5:wolfSSL_EC_KEY_set_public_key	24	static
../Middlewares/Third_Party/wolfSSL_wolfSSL_wolfSSL/wolfssl/src/pk.c:9556:5:wolfSSL_EC_KEY_check_key	16	static
../Middlewares/Third_Party/wolfSSL_wolfSSL_wolfSSL/wolfssl/src/pk.c:9578:5:wolfSSL_ECDSA_size	32	static
../Middlewares/Third_Party/wolfSSL_wolfSSL_wolfSSL/wolfssl/src/pk.c:9602:5:wolfSSL_ECDSA_sign	56	static
../Middlewares/Third_Party/wolfSSL_wolfSSL_wolfSSL/wolfssl/src/pk.c:9656:5:wolfSSL_ECDSA_verify	40	static
../Middlewares/Third_Party/wolfSSL_wolfSSL_wolfSSL/wolfssl/src/pk.c:9685:7:wolfSSL_EC_POINT_point2hex	64	static
../Middlewares/Third_Party/wolfSSL_wolfSSL_wolfSSL/wolfssl/src/pk.c:9745:6:wolfSSL_EC_POINT_dump	16	static
../Middlewares/Third_Party/wolfSSL_wolfSSL_wolfSSL/wolfssl/src/pk.c:9782:5:wolfSSL_EC_GROUP_cmp	24	static
../Middlewares/Third_Party/wolfSSL_wolfSSL_wolfSSL/wolfssl/src/pk.c:9802:19:wolfSSL_EC_GROUP_dup	16	static
../Middlewares/Third_Party/wolfSSL_wolfSSL_wolfSSL/wolfssl/src/pk.c:9812:26:wolfSSL_EC_GROUP_method_of	16	static
../Middlewares/Third_Party/wolfSSL_wolfSSL_wolfSSL/wolfssl/src/pk.c:9818:5:wolfSSL_EC_METHOD_get_field_type	16	static
../Middlewares/Third_Party/wolfSSL_wolfSSL_wolfSSL/wolfssl/src/pk.c:9826:6:wolfSSL_EC_GROUP_free	24	static
../Middlewares/Third_Party/wolfSSL_wolfSSL_wolfSSL/wolfssl/src/pk.c:9837:6:wolfSSL_EC_GROUP_set_asn1_flag	16	static
../Middlewares/Third_Party/wolfSSL_wolfSSL_wolfSSL/wolfssl/src/pk.c:9850:5:wolfSSL_EC_GROUP_get_curve_name	24	static
../Middlewares/Third_Party/wolfSSL_wolfSSL_wolfSSL/wolfssl/src/pk.c:9870:5:wolfSSL_EC_GROUP_get_degree	24	static
../Middlewares/Third_Party/wolfSSL_wolfSSL_wolfSSL/wolfssl/src/pk.c:9932:19:wolfSSL_EC_GROUP_new_by_curve_name	32	static
../Middlewares/Third_Party/wolfSSL_wolfSSL_wolfSSL/wolfssl/src/pk.c:9970:5:NIDToEccEnum	16	static
../Middlewares/Third_Party/wolfSSL_wolfSSL_wolfSSL/wolfssl/src/pk.c:10035:5:wolfSSL_EC_GROUP_order_bits	32	static
../Middlewares/Third_Party/wolfSSL_wolfSSL_wolfSSL/wolfssl/src/pk.c:10078:5:wolfSSL_EC_GROUP_get_order	24	static
../Middlewares/Third_Party/wolfSSL_wolfSSL_wolfSSL/wolfssl/src/pk.c:10110:5:wolfSSL_ECPoint_i2d	32	static
../Middlewares/Third_Party/wolfSSL_wolfSSL_wolfSSL/wolfssl/src/pk.c:10144:5:wolfSSL_ECPoint_d2i	32	static
../Middlewares/Third_Party/wolfSSL_wolfSSL_wolfSSL/wolfssl/src/pk.c:10186:8:wolfSSL_EC_POINT_point2oct	40	static
../Middlewares/Third_Party/wolfSSL_wolfSSL_wolfSSL/wolfssl/src/pk.c:10245:5:wolfSSL_EC_POINT_oct2point	24	static
../Middlewares/Third_Party/wolfSSL_wolfSSL_wolfSSL/wolfssl/src/pk.c:10261:17:wolfSSL_o2i_ECPublicKey	48	static
../Middlewares/Third_Party/wolfSSL_wolfSSL_wolfSSL/wolfssl/src/pk.c:10285:5:wolfSSL_i2o_ECPublicKey	48	static
../Middlewares/Third_Party/wolfSSL_wolfSSL_wolfSSL/wolfssl/src/pk.c:10345:17:wolfSSL_d2i_ECPrivateKey	32	static
../Middlewares/Third_Party/wolfSSL_wolfSSL_wolfSSL/wolfssl/src/pk.c:10387:5:wolfSSL_i2d_ECPrivateKey	32	static
../Middlewares/Third_Party/wolfSSL_wolfSSL_wolfSSL/wolfssl/src/pk.c:10433:6:wolfSSL_EC_KEY_set_conv_form	16	static
../Middlewares/Third_Party/wolfSSL_wolfSSL_wolfSSL/wolfssl/src/pk.c:10446:25:wolfSSL_EC_KEY_get_conv_form	16	static
../Middlewares/Third_Party/wolfSSL_wolfSSL_wolfSSL/wolfssl/src/pk.c:10456:17:wolfSSL_EC_POINT_point2bn	48	static
../Middlewares/Third_Party/wolfSSL_wolfSSL_wolfSSL/wolfssl/src/pk.c:10514:19:wolfSSL_EC_POINT_new	24	static
../Middlewares/Third_Party/wolfSSL_wolfSSL_wolfSSL/wolfssl/src/pk.c:10547:5:wolfSSL_EC_POINT_get_affine_coordinates_GFp	56	static
../Middlewares/Third_Party/wolfSSL_wolfSSL_wolfSSL/wolfssl/src/pk.c:10638:5:wolfSSL_EC_POINT_set_affine_coordinates_GFp	32	static
../Middlewares/Third_Party/wolfSSL_wolfSSL_wolfSSL/wolfssl/src/pk.c:10682:5:wolfSSL_EC_POINT_add	96	static
../Middlewares/Third_Party/wolfSSL_wolfSSL_wolfSSL/wolfssl/src/pk.c:10829:5:wolfSSL_EC_POINT_mul	72	static
../Middlewares/Third_Party/wolfSSL_wolfSSL_wolfSSL/wolfssl/src/pk.c:11007:5:wolfSSL_EC_POINT_invert	56	static
../Middlewares/Third_Party/wolfSSL_wolfSSL_wolfSSL/wolfssl/src/pk.c:11066:6:wolfSSL_EC_POINT_clear_free	16	static
../Middlewares/Third_Party/wolfSSL_wolfSSL_wolfSSL/wolfssl/src/pk.c:11076:5:wolfSSL_EC_POINT_cmp	32	static
../Middlewares/Third_Party/wolfSSL_wolfSSL_wolfSSL/wolfssl/src/pk.c:11101:5:wolfSSL_EC_POINT_copy	16	static
../Middlewares/Third_Party/wolfSSL_wolfSSL_wolfSSL/wolfssl/src/pk.c:11129:6:wolfSSL_EC_POINT_free	24	static
../Middlewares/Third_Party/wolfSSL_wolfSSL_wolfSSL/wolfssl/src/pk.c:11157:5:wolfSSL_EC_POINT_is_at_infinity	24	static
../Middlewares/Third_Party/wolfSSL_wolfSSL_wolfSSL/wolfssl/src/pk.c:11188:8:wolfSSL_EC_get_builtin_curves	32	static
../Middlewares/Third_Party/wolfSSL_wolfSSL_wolfSSL/wolfssl/src/pk.c:11212:6:wolfSSL_ECDSA_SIG_free	24	static
../Middlewares/Third_Party/wolfSSL_wolfSSL_wolfSSL/wolfssl/src/pk.c:11224:20:wolfSSL_ECDSA_SIG_new	16	static
../Middlewares/Third_Party/wolfSSL_wolfSSL_wolfSSL/wolfssl/src/pk.c:11255:6:wolfSSL_ECDSA_SIG_get0	24	static
../Middlewares/Third_Party/wolfSSL_wolfSSL_wolfSSL/wolfssl/src/pk.c:11270:5:wolfSSL_ECDSA_SIG_set0	24	static
../Middlewares/Third_Party/wolfSSL_wolfSSL_wolfSSL/wolfssl/src/pk.c:11287:20:wolfSSL_ECDSA_do_sign	104	static
../Middlewares/Third_Party/wolfSSL_wolfSSL_wolfSSL/wolfssl/src/pk.c:11404:5:wolfSSL_ECDSA_do_verify	40	static
../Middlewares/Third_Party/wolfSSL_wolfSSL_wolfSSL/wolfssl/src/pk.c:11479:20:wolfSSL_d2i_ECDSA_SIG	32	static
../Middlewares/Third_Party/wolfSSL_wolfSSL_wolfSSL/wolfssl/src/pk.c:11511:5:wolfSSL_i2d_ECDSA_SIG	32	static
../Middlewares/Third_Party/wolfSSL_wolfSSL_wolfSSL/wolfssl/src/pk.c:11548:5:wolfSSL_ECDH_compute_key	40	static
../Middlewares/Third_Party/wolfSSL_wolfSSL_wolfSSL/wolfssl/src/pk.c:12007:19:wolfSSL_PEM_read_bio_ECPKParameters	32	static
../Middlewares/Third_Party/wolfSSL_wolfSSL_wolfSSL/wolfssl/src/pk.c:12035:5:wolfSSL_EC_KEY_LoadDer	24	static
../Middlewares/Third_Party/wolfSSL_wolfSSL_wolfSSL/wolfssl/src/pk.c:12042:5:wolfSSL_EC_KEY_LoadDer_ex	40	static
../Middlewares/Third_Party/wolfSSL_wolfSSL_wolfSSL/wolfssl/src/ssl.c:477:14:wolfSSL_CTX_new_ex	40	static
../Middlewares/Third_Party/wolfSSL_wolfSSL_wolfSSL/wolfssl/src/ssl.c:556:14:wolfSSL_CTX_new	16	static
../Middlewares/Third_Party/wolfSSL_wolfSSL_wolfSSL/wolfssl/src/ssl.c:567:5:wolfSSL_CTX_up_ref	24	static
../Middlewares/Third_Party/wolfSSL_wolfSSL_wolfSSL/wolfssl/src/ssl.c:574:6:wolfSSL_CTX_free	16	static
../Middlewares/Third_Party/wolfSSL_wolfSSL_wolfSSL/wolfssl/src/ssl.c:606:5:wolfSSL_CTX_AllowEncryptThenMac	16	static
../Middlewares/Third_Party/wolfSSL_wolfSSL_wolfSSL/wolfssl/src/ssl.c:620:5:wolfSSL_AllowEncryptThenMac	16	static
../Middlewares/Third_Party/wolfSSL_wolfSSL_wolfSSL/wolfssl/src/ssl.c:630:5:wolfSSL_CTX_new_rng	32	static
../Middlewares/Third_Party/wolfSSL_wolfSSL_wolfSSL/wolfssl/src/ssl.c:661:10:wolfSSL_new	24	static
../Middlewares/Third_Party/wolfSSL_wolfSSL_wolfSSL/wolfssl/src/ssl.c:686:6:wolfSSL_free	16	static
../Middlewares/Third_Party/wolfSSL_wolfSSL_wolfSSL/wolfssl/src/ssl.c:695:5:wolfSSL_is_server	16	static
../Middlewares/Third_Party/wolfSSL_wolfSSL_wolfSSL/wolfssl/src/ssl.c:873:5:wolfSSL_use_old_poly	16	static
../Middlewares/Third_Party/wolfSSL_wolfSSL_wolfSSL/wolfssl/src/ssl.c:891:5:wolfSSL_set_fd	24	static
../Middlewares/Third_Party/wolfSSL_wolfSSL_wolfSSL/wolfssl/src/ssl.c:929:5:wolfSSL_set_read_fd	16	static
../Middlewares/Third_Party/wolfSSL_wolfSSL_wolfSSL/wolfssl/src/ssl.c:953:5:wolfSSL_set_write_fd	16	static
../Middlewares/Third_Party/wolfSSL_wolfSSL_wolfSSL/wolfssl/src/ssl.c:980:7:wolfSSL_get_cipher_list	24	static
../Middlewares/Third_Party/wolfSSL_wolfSSL_wolfSSL/wolfssl/src/ssl.c:995:7:wolfSSL_get_cipher_list_ex	24	static
../Middlewares/Third_Party/wolfSSL_wolfSSL_wolfSSL/wolfssl/src/ssl.c:1019:5:wolfSSL_get_ciphers	32	static
../Middlewares/Third_Party/wolfSSL_wolfSSL_wolfSSL/wolfssl/src/ssl.c:1052:5:wolfSSL_get_ciphers_iana	32	static
../Middlewares/Third_Party/wolfSSL_wolfSSL_wolfSSL/wolfssl/src/ssl.c:1087:13:wolfSSL_get_shared_ciphers	40	static
../Middlewares/Third_Party/wolfSSL_wolfSSL_wolfSSL/wolfssl/src/ssl.c:1100:5:wolfSSL_get_fd	24	static
../Middlewares/Third_Party/wolfSSL_wolfSSL_wolfSSL/wolfssl/src/ssl.c:1112:5:wolfSSL_dtls	24	static
../Middlewares/Third_Party/wolfSSL_wolfSSL_wolfSSL/wolfssl/src/ssl.c:1129:5:wolfSSL_CTX_mutual_auth	16	static
../Middlewares/Third_Party/wolfSSL_wolfSSL_wolfSSL/wolfssl/src/ssl.c:1149:5:wolfSSL_mutual_auth	16	static
../Middlewares/Third_Party/wolfSSL_wolfSSL_wolfSSL/wolfssl/src/ssl.c:1243:5:wolfSSL_dtls_set_peer	24	static
../Middlewares/Third_Party/wolfSSL_wolfSSL_wolfSSL/wolfssl/src/ssl.c:1283:5:wolfSSL_dtls_get_peer	24	static
../Middlewares/Third_Party/wolfSSL_wolfSSL_wolfSSL/wolfssl/src/ssl.c:1812:5:wolfSSL_negotiate	24	static
../Middlewares/Third_Party/wolfSSL_wolfSSL_wolfSSL/wolfssl/src/ssl.c:1852:9:wolfSSL_GetRNG	16	static
../Middlewares/Third_Party/wolfSSL_wolfSSL_wolfSSL/wolfssl/src/ssl.c:1864:5:wolfSSL_GetObjectSize	4	static
../Middlewares/Third_Party/wolfSSL_wolfSSL_wolfSSL/wolfssl/src/ssl.c:1918:5:wolfSSL_CTX_GetObjectSize	4	static
../Middlewares/Third_Party/wolfSSL_wolfSSL_wolfSSL/wolfssl/src/ssl.c:1923:5:wolfSSL_METHOD_GetObjectSize	4	static
../Middlewares/Third_Party/wolfSSL_wolfSSL_wolfSSL/wolfssl/src/ssl.c:2050:5:wolfSSL_GetMaxOutputSize	16	static
../Middlewares/Third_Party/wolfSSL_wolfSSL_wolfSSL/wolfssl/src/ssl.c:2067:5:wolfSSL_GetOutputSize	48	static
../Middlewares/Third_Party/wolfSSL_wolfSSL_wolfSSL/wolfssl/src/ssl.c:2087:5:wolfSSL_CTX_SetMinEccKey_Sz	16	static
../Middlewares/Third_Party/wolfSSL_wolfSSL_wolfSSL/wolfssl/src/ssl.c:2102:5:wolfSSL_SetMinEccKey_Sz	16	static
../Middlewares/Third_Party/wolfSSL_wolfSSL_wolfSSL/wolfssl/src/ssl.c:2116:5:wolfSSL_CTX_SetMinRsaKey_Sz	16	static
../Middlewares/Third_Party/wolfSSL_wolfSSL_wolfSSL/wolfssl/src/ssl.c:2129:5:wolfSSL_SetMinRsaKey_Sz	16	static
../Middlewares/Third_Party/wolfSSL_wolfSSL_wolfSSL/wolfssl/src/ssl.c:2419:5:wolfSSL_write	32	static
../Middlewares/Third_Party/wolfSSL_wolfSSL_wolfSSL/wolfssl/src/ssl.c:2492:12:wolfSSL_read_internal	32	static
../Middlewares/Third_Party/wolfSSL_wolfSSL_wolfSSL/wolfssl/src/ssl.c:2587:5:wolfSSL_peek	24	static
../Middlewares/Third_Party/wolfSSL_wolfSSL_wolfSSL/wolfssl/src/ssl.c:2596:5:wolfSSL_read	24	static
../Middlewares/Third_Party/wolfSSL_wolfSSL_wolfSSL/wolfssl/src/ssl.c:2635:5:wolfSSL_SetDevId	16	static
../Middlewares/Third_Party/wolfSSL_wolfSSL_wolfSSL/wolfssl/src/ssl.c:2646:5:wolfSSL_CTX_SetDevId	16	static
../Middlewares/Third_Party/wolfSSL_wolfSSL_wolfSSL/wolfssl/src/ssl.c:2658:5:wolfSSL_CTX_GetDevId	24	static
../Middlewares/Third_Party/wolfSSL_wolfSSL_wolfSSL/wolfssl/src/ssl.c:2667:7:wolfSSL_CTX_GetHeap	24	static
../Middlewares/Third_Party/wolfSSL_wolfSSL_wolfSSL/wolfssl/src/ssl.c:2681:5:wolfSSL_UseSNI	32	static
../Middlewares/Third_Party/wolfSSL_wolfSSL_wolfSSL/wolfssl/src/ssl.c:2691:5:wolfSSL_CTX_UseSNI	32	static
../Middlewares/Third_Party/wolfSSL_wolfSSL_wolfSSL/wolfssl/src/ssl.c:2702:6:wolfSSL_SNI_SetOptions	16	static
../Middlewares/Third_Party/wolfSSL_wolfSSL_wolfSSL/wolfssl/src/ssl.c:2709:6:wolfSSL_CTX_SNI_SetOptions	16	static
../Middlewares/Third_Party/wolfSSL_wolfSSL_wolfSSL/wolfssl/src/ssl.c:2716:6:wolfSSL_SNI_Status	16	static
../Middlewares/Third_Party/wolfSSL_wolfSSL_wolfSSL/wolfssl/src/ssl.c:2722:8:wolfSSL_SNI_GetRequest	24	static
../Middlewares/Third_Party/wolfSSL_wolfSSL_wolfSSL/wolfssl/src/ssl.c:2734:5:wolfSSL_SNI_GetFromBuffer	32	static
../Middlewares/Third_Party/wolfSSL_wolfSSL_wolfSSL/wolfssl/src/ssl.c:2902:12:isValidCurveGroup	16	static
../Middlewares/Third_Party/wolfSSL_wolfSSL_wolfSSL/wolfssl/src/ssl.c:2945:5:wolfSSL_UseSupportedCurve	16	static
../Middlewares/Third_Party/wolfSSL_wolfSSL_wolfSSL/wolfssl/src/ssl.c:2959:5:wolfSSL_CTX_UseSupportedCurve	16	static
../Middlewares/Third_Party/wolfSSL_wolfSSL_wolfSSL/wolfssl/src/ssl.c:2973:6:wolfSSL_CTX_set1_groups	80	static
../Middlewares/Third_Party/wolfSSL_wolfSSL_wolfSSL/wolfssl/src/ssl.c:3009:6:wolfSSL_set1_groups	80	static
../Middlewares/Third_Party/wolfSSL_wolfSSL_wolfSSL/wolfssl/src/ssl.c:3565:5:wolfSSL_CTX_DisableExtendedMasterSecret	16	static
../Middlewares/Third_Party/wolfSSL_wolfSSL_wolfSSL/wolfssl/src/ssl.c:3576:5:wolfSSL_DisableExtendedMasterSecret	16	static
../Middlewares/Third_Party/wolfSSL_wolfSSL_wolfSSL/wolfssl/src/ssl.c:3592:5:wolfSSL_send	32	static
../Middlewares/Third_Party/wolfSSL_wolfSSL_wolfSSL/wolfssl/src/ssl.c:3614:5:wolfSSL_recv	32	static
../Middlewares/Third_Party/wolfSSL_wolfSSL_wolfSSL/wolfssl/src/ssl.c:3639:5:wolfSSL_shutdown	32	static
../Middlewares/Third_Party/wolfSSL_wolfSSL_wolfSSL/wolfssl/src/ssl.c:3711:5:wolfSSL_state	16	static
../Middlewares/Third_Party/wolfSSL_wolfSSL_wolfSSL/wolfssl/src/ssl.c:3722:5:wolfSSL_get_error	16	static
../Middlewares/Third_Party/wolfSSL_wolfSSL_wolfSSL/wolfssl/src/ssl.c:3745:5:wolfSSL_get_alert_history	16	static
../Middlewares/Third_Party/wolfSSL_wolfSSL_wolfSSL/wolfssl/src/ssl.c:3755:5:wolfSSL_want	24	static
../Middlewares/Third_Party/wolfSSL_wolfSSL_wolfSSL/wolfssl/src/ssl.c:3769:5:wolfSSL_want_read	16	static
../Middlewares/Third_Party/wolfSSL_wolfSSL_wolfSSL/wolfssl/src/ssl.c:3780:5:wolfSSL_want_write	16	static
../Middlewares/Third_Party/wolfSSL_wolfSSL_wolfSSL/wolfssl/src/ssl.c:3790:7:wolfSSL_ERR_error_string	16	static
../Middlewares/Third_Party/wolfSSL_wolfSSL_wolfSSL/wolfssl/src/ssl.c:3806:6:wolfSSL_ERR_error_string_n	104	static
../Middlewares/Third_Party/wolfSSL_wolfSSL_wolfSSL/wolfssl/src/ssl.c:3825:6:wolfSSL_KeepArrays	16	static
../Middlewares/Third_Party/wolfSSL_wolfSSL_wolfSSL/wolfssl/src/ssl.c:3833:6:wolfSSL_FreeArrays	16	static
../Middlewares/Third_Party/wolfSSL_wolfSSL_wolfSSL/wolfssl/src/ssl.c:3847:5:wolfSSL_KeepHandshakeResources	16	static
../Middlewares/Third_Party/wolfSSL_wolfSSL_wolfSSL/wolfssl/src/ssl.c:3862:5:wolfSSL_FreeHandshakeResources	16	static
../Middlewares/Third_Party/wolfSSL_wolfSSL_wolfSSL/wolfssl/src/ssl.c:3877:5:wolfSSL_CTX_UseClientSuites	16	static
../Middlewares/Third_Party/wolfSSL_wolfSSL_wolfSSL/wolfssl/src/ssl.c:3892:5:wolfSSL_UseClientSuites	16	static
../Middlewares/Third_Party/wolfSSL_wolfSSL_wolfSSL/wolfssl/src/ssl.c:3953:13:wolfSSL_GetMacSecret	16	static
../Middlewares/Third_Party/wolfSSL_wolfSSL_wolfSSL/wolfssl/src/ssl.c:3972:5:wolfSSL_GetSide	16	static
../Middlewares/Third_Party/wolfSSL_wolfSSL_wolfSSL/wolfssl/src/ssl.c:4254:23:wolfSSL_CTX_GetCertManager	24	static
../Middlewares/Third_Party/wolfSSL_wolfSSL_wolfSSL/wolfssl/src/ssl.c:4262:23:wolfSSL_CertManagerNew_ex	24	static
../Middlewares/Third_Party/wolfSSL_wolfSSL_wolfSSL/wolfssl/src/ssl.c:4318:23:wolfSSL_CertManagerNew	8	static
../Middlewares/Third_Party/wolfSSL_wolfSSL_wolfSSL/wolfssl/src/ssl.c:4324:6:wolfSSL_CertManagerFree	24	static
../Middlewares/Third_Party/wolfSSL_wolfSSL_wolfSSL/wolfssl/src/ssl.c:4375:5:wolfSSL_CertManager_up_ref	16	static
../Middlewares/Third_Party/wolfSSL_wolfSSL_wolfSSL/wolfssl/src/ssl.c:4511:5:wolfSSL_CertManagerUnloadCAs	16	static
../Middlewares/Third_Party/wolfSSL_wolfSSL_wolfSSL/wolfssl/src/ssl.c:4583:5:wolfSSL_pending	16	static
../Middlewares/Third_Party/wolfSSL_wolfSSL_wolfSSL/wolfssl/src/ssl.c:4592:5:wolfSSL_has_pending	16	static
../Middlewares/Third_Party/wolfSSL_wolfSSL_wolfSSL/wolfssl/src/ssl.c:4603:5:wolfSSL_CTX_set_group_messages	16	static
../Middlewares/Third_Party/wolfSSL_wolfSSL_wolfSSL/wolfssl/src/ssl.c:4617:5:wolfSSL_connect_cert	24	static
../Middlewares/Third_Party/wolfSSL_wolfSSL_wolfSSL/wolfssl/src/ssl.c:4635:5:wolfSSL_set_group_messages	16	static
../Middlewares/Third_Party/wolfSSL_wolfSSL_wolfSSL/wolfssl/src/ssl.c:4647:12:SetMinVersionHelper	16	static
../Middlewares/Third_Party/wolfSSL_wolfSSL_wolfSSL/wolfssl/src/ssl.c:4709:5:wolfSSL_CTX_SetMinVersion	16	static
../Middlewares/Third_Party/wolfSSL_wolfSSL_wolfSSL/wolfssl/src/ssl.c:4723:5:wolfSSL_SetMinVersion	16	static
../Middlewares/Third_Party/wolfSSL_wolfSSL_wolfSSL/wolfssl/src/ssl.c:4737:5:wolfSSL_GetVersion	16	static
../Middlewares/Third_Party/wolfSSL_wolfSSL_wolfSSL/wolfssl/src/ssl.c:4762:5:wolfSSL_SetVersion	104	static
../Middlewares/Third_Party/wolfSSL_wolfSSL_wolfSSL/wolfssl/src/ssl.c:4834:25:HashSigner	16	static
../Middlewares/Third_Party/wolfSSL_wolfSSL_wolfSSL/wolfssl/src/ssl.c:4841:5:AlreadySigner	32	static
../Middlewares/Third_Party/wolfSSL_wolfSSL_wolfSSL/wolfssl/src/ssl.c:4982:9:GetCA	40	static
../Middlewares/Third_Party/wolfSSL_wolfSSL_wolfSSL/wolfssl/src/ssl.c:5019:9:GetCAByName	32	static
../Middlewares/Third_Party/wolfSSL_wolfSSL_wolfSSL/wolfssl/src/ssl.c:5167:5:AddCA	56	static
../Middlewares/Third_Party/wolfSSL_wolfSSL_wolfSSL/wolfssl/src/ssl.c:5579:13:wolfssl_get_global_rng	16	static
../Middlewares/Third_Party/wolfSSL_wolfSSL_wolfSSL/wolfssl/src/ssl.c:5607:5:wolfSSL_Init	16	static
../Middlewares/Third_Party/wolfSSL_wolfSSL_wolfSSL/wolfssl/src/ssl.c:5738:12:ProcessUserChain	104	static
../Middlewares/Third_Party/wolfSSL_wolfSSL_wolfSSL/wolfssl/src/ssl.c:5895:12:ProcessBufferTryDecode	56	static
../Middlewares/Third_Party/wolfSSL_wolfSSL_wolfSSL/wolfssl/src/ssl.c:6388:5:ProcessBuffer	192	static
../Middlewares/Third_Party/wolfSSL_wolfSSL_wolfSSL/wolfssl/src/ssl.c:7088:12:ProcessChainBuffer	64	static
../Middlewares/Third_Party/wolfSSL_wolfSSL_wolfSSL/wolfssl/src/ssl.c:7145:34:cm_pick_method	8	static
../Middlewares/Third_Party/wolfSSL_wolfSSL_wolfSSL/wolfssl/src/ssl.c:7182:5:wolfSSL_CertManagerLoadCABuffer	32	static
../Middlewares/Third_Party/wolfSSL_wolfSSL_wolfSSL/wolfssl/src/ssl.c:7272:5:wolfSSL_CertManagerEnableCRL	24	static
../Middlewares/Third_Party/wolfSSL_wolfSSL_wolfSSL/wolfssl/src/ssl.c:7312:5:wolfSSL_CertManagerDisableCRL	16	static
../Middlewares/Third_Party/wolfSSL_wolfSSL_wolfSSL/wolfssl/src/ssl.c:7324:6:wolfSSL_CertManagerSetVerify	16	static
../Middlewares/Third_Party/wolfSSL_wolfSSL_wolfSSL/wolfssl/src/ssl.c:7336:5:CM_VerifyBuffer_ex	80	static
../Middlewares/Third_Party/wolfSSL_wolfSSL_wolfSSL/wolfssl/src/ssl.c:7430:5:wolfSSL_CertManagerVerifyBuffer	32	static
../Middlewares/Third_Party/wolfSSL_wolfSSL_wolfSSL/wolfssl/src/ssl.c:7438:5:wolfSSL_CertManagerEnableOCSP	24	static
../Middlewares/Third_Party/wolfSSL_wolfSSL_wolfSSL/wolfssl/src/ssl.c:7484:5:wolfSSL_CertManagerDisableOCSP	16	static
../Middlewares/Third_Party/wolfSSL_wolfSSL_wolfSSL/wolfssl/src/ssl.c:7496:5:wolfSSL_CertManagerEnableOCSPStapling	24	static
../Middlewares/Third_Party/wolfSSL_wolfSSL_wolfSSL/wolfssl/src/ssl.c:7536:5:wolfSSL_CertManagerDisableOCSPStapling	24	static
../Middlewares/Third_Party/wolfSSL_wolfSSL_wolfSSL/wolfssl/src/ssl.c:7555:5:wolfSSL_CertManagerEnableOCSPMustStaple	24	static
../Middlewares/Third_Party/wolfSSL_wolfSSL_wolfSSL/wolfssl/src/ssl.c:7577:5:wolfSSL_CertManagerDisableOCSPMustStaple	24	static
../Middlewares/Third_Party/wolfSSL_wolfSSL_wolfSSL/wolfssl/src/ssl.c:8716:6:wolfSSL_CTX_set_verify_depth	16	static
../Middlewares/Third_Party/wolfSSL_wolfSSL_wolfSSL/wolfssl/src/ssl.c:8729:6:wolfSSL_get_verify_depth	16	static
../Middlewares/Third_Party/wolfSSL_wolfSSL_wolfSSL/wolfssl/src/ssl.c:8743:6:wolfSSL_CTX_get_verify_depth	16	static
../Middlewares/Third_Party/wolfSSL_wolfSSL_wolfSSL/wolfssl/src/ssl.c:8875:12:check_cert_key	48	static
../Middlewares/Third_Party/wolfSSL_wolfSSL_wolfSSL/wolfssl/src/ssl.c:9008:5:wolfSSL_CTX_check_private_key	32	static
../Middlewares/Third_Party/wolfSSL_wolfSSL_wolfSSL/wolfssl/src/ssl.c:9023:19:wolfSSL_CTX_get0_privatekey	24	static
../Middlewares/Third_Party/wolfSSL_wolfSSL_wolfSSL/wolfssl/src/ssl.c:9067:26:d2iGenericKey	72	static
../Middlewares/Third_Party/wolfSSL_wolfSSL_wolfSSL/wolfssl/src/ssl.c:9595:30:wolfSSL_d2i_PKCS8_PKEY	64	static
../Middlewares/Third_Party/wolfSSL_wolfSSL_wolfSSL/wolfssl/src/ssl.c:9673:30:wolfSSL_d2i_PKCS8_PKEY_bio	32	static
../Middlewares/Third_Party/wolfSSL_wolfSSL_wolfSSL/wolfssl/src/ssl.c:9709:19:wolfSSL_d2i_PUBKEY_bio	32	static
../Middlewares/Third_Party/wolfSSL_wolfSSL_wolfSSL/wolfssl/src/ssl.c:9756:19:wolfSSL_d2i_PUBKEY	24	static
../Middlewares/Third_Party/wolfSSL_wolfSSL_wolfSSL/wolfssl/src/ssl.c:9764:12:wolfSSL_EVP_PKEY_get_der	32	static
../Middlewares/Third_Party/wolfSSL_wolfSSL_wolfSSL/wolfssl/src/ssl.c:9798:5:wolfSSL_i2d_PUBKEY	16	static
../Middlewares/Third_Party/wolfSSL_wolfSSL_wolfSSL/wolfssl/src/ssl.c:9803:26:_d2i_PublicKey	48	static
../Middlewares/Third_Party/wolfSSL_wolfSSL_wolfSSL/wolfssl/src/ssl.c:9962:19:wolfSSL_d2i_PublicKey	32	static
../Middlewares/Third_Party/wolfSSL_wolfSSL_wolfSSL/wolfssl/src/ssl.c:9979:19:wolfSSL_d2i_PrivateKey	32	static
../Middlewares/Third_Party/wolfSSL_wolfSSL_wolfSSL/wolfssl/src/ssl.c:10074:5:wolfSSL_check_private_key	32	static
../Middlewares/Third_Party/wolfSSL_wolfSSL_wolfSSL/wolfssl/src/ssl.c:10086:5:wolfSSL_ASN1_BIT_STRING_set_bit	40	static
../Middlewares/Third_Party/wolfSSL_wolfSSL_wolfSSL/wolfssl/src/ssl.c:10121:26:wolfSSL_ASN1_BIT_STRING_new	16	static
../Middlewares/Third_Party/wolfSSL_wolfSSL_wolfSSL/wolfssl/src/ssl.c:10133:6:wolfSSL_ASN1_BIT_STRING_free	24	static
../Middlewares/Third_Party/wolfSSL_wolfSSL_wolfSSL/wolfssl/src/ssl.c:10144:5:wolfSSL_ASN1_BIT_STRING_get_bit	16	static
../Middlewares/Third_Party/wolfSSL_wolfSSL_wolfSSL/wolfssl/src/ssl.c:10156:5:wolfSSL_use_PrivateKey	16	static
../Middlewares/Third_Party/wolfSSL_wolfSSL_wolfSSL/wolfssl/src/ssl.c:10168:5:wolfSSL_use_PrivateKey_ASN1	24	static
../Middlewares/Third_Party/wolfSSL_wolfSSL_wolfSSL/wolfssl/src/ssl.c:10186:5:wolfSSL_CTX_use_PrivateKey_ASN1	24	static
../Middlewares/Third_Party/wolfSSL_wolfSSL_wolfSSL/wolfssl/src/ssl.c:10200:5:wolfSSL_use_RSAPrivateKey_ASN1	24	static
../Middlewares/Third_Party/wolfSSL_wolfSSL_wolfSSL/wolfssl/src/ssl.c:10211:5:wolfSSL_use_certificate	48	static
../Middlewares/Third_Party/wolfSSL_wolfSSL_wolfSSL/wolfssl/src/ssl.c:10230:5:wolfSSL_use_certificate_ASN1	56	static
../Middlewares/Third_Party/wolfSSL_wolfSSL_wolfSSL/wolfssl/src/ssl.c:10325:5:wolfSSL_CTX_SetTmpEC_DHE_Sz	16	static
../Middlewares/Third_Party/wolfSSL_wolfSSL_wolfSSL/wolfssl/src/ssl.c:10355:5:wolfSSL_SetTmpEC_DHE_Sz	16	static
../Middlewares/Third_Party/wolfSSL_wolfSSL_wolfSSL/wolfssl/src/ssl.c:10402:5:wolfSSL_SESSION_get_master_key	32	static
../Middlewares/Third_Party/wolfSSL_wolfSSL_wolfSSL/wolfssl/src/ssl.c:10429:5:wolfSSL_SESSION_get_master_key_length	16	static
../Middlewares/Third_Party/wolfSSL_wolfSSL_wolfSSL/wolfssl/src/ssl.c:10452:25:ModeToVerifyOptions	24	static
../Middlewares/Third_Party/wolfSSL_wolfSSL_wolfSSL/wolfssl/src/ssl.c:10477:6:wolfSSL_CTX_set_verify	32	static
../Middlewares/Third_Party/wolfSSL_wolfSSL_wolfSSL/wolfssl/src/ssl.c:10499:6:wolfSSL_CTX_set_cert_verify_callback	24	static
../Middlewares/Third_Party/wolfSSL_wolfSSL_wolfSSL/wolfssl/src/ssl.c:10512:6:wolfSSL_set_verify	32	static
../Middlewares/Third_Party/wolfSSL_wolfSSL_wolfSSL/wolfssl/src/ssl.c:10533:6:wolfSSL_set_verify_result	16	static
../Middlewares/Third_Party/wolfSSL_wolfSSL_wolfSSL/wolfssl/src/ssl.c:10587:6:wolfSSL_SetCertCbCtx	16	static
../Middlewares/Third_Party/wolfSSL_wolfSSL_wolfSSL/wolfssl/src/ssl.c:10596:6:wolfSSL_CTX_SetCertCbCtx	16	static
../Middlewares/Third_Party/wolfSSL_wolfSSL_wolfSSL/wolfssl/src/ssl.c:10605:6:wolfSSL_CTX_SetCACb	16	static
../Middlewares/Third_Party/wolfSSL_wolfSSL_wolfSSL/wolfssl/src/ssl.c:11156:6:wolfSSL_load_error_strings	4	static
../Middlewares/Third_Party/wolfSSL_wolfSSL_wolfSSL/wolfssl/src/ssl.c:11162:5:wolfSSL_library_init	8	static
../Middlewares/Third_Party/wolfSSL_wolfSSL_wolfSSL/wolfssl/src/ssl.c:11687:14:buildEnabledCipherList	64	static
../Middlewares/Third_Party/wolfSSL_wolfSSL_wolfSSL/wolfssl/src/ssl.c:11798:12:CheckcipherList	104	static
../Middlewares/Third_Party/wolfSSL_wolfSSL_wolfSSL/wolfssl/src/ssl.c:11859:12:wolfSSL_parse_cipher_list	48	static
../Middlewares/Third_Party/wolfSSL_wolfSSL_wolfSSL/wolfssl/src/ssl.c:11911:5:wolfSSL_CTX_set_cipher_list	16	static
../Middlewares/Third_Party/wolfSSL_wolfSSL_wolfSSL/wolfssl/src/ssl.c:11938:5:wolfSSL_CTX_set_cipher_list_bytes	24	static
../Middlewares/Third_Party/wolfSSL_wolfSSL_wolfSSL/wolfssl/src/ssl.c:11962:5:wolfSSL_set_cipher_list	16	static
../Middlewares/Third_Party/wolfSSL_wolfSSL_wolfSSL/wolfssl/src/ssl.c:11993:5:wolfSSL_set_cipher_list_bytes	24	static
../Middlewares/Third_Party/wolfSSL_wolfSSL_wolfSSL/wolfssl/src/ssl.c:12140:5:wolfSSL_dtls_get_using_nonblock	24	static
../Middlewares/Third_Party/wolfSSL_wolfSSL_wolfSSL/wolfssl/src/ssl.c:12163:6:wolfSSL_dtls_set_using_nonblock	16	static
../Middlewares/Third_Party/wolfSSL_wolfSSL_wolfSSL/wolfssl/src/ssl.c:12419:21:wolfSSLv23_method	8	static
../Middlewares/Third_Party/wolfSSL_wolfSSL_wolfSSL/wolfssl/src/ssl.c:12423:21:wolfSSLv23_method_ex	24	static
../Middlewares/Third_Party/wolfSSL_wolfSSL_wolfSSL/wolfssl/src/ssl.c:12494:21:wolfSSLv23_client_method	8	static
../Middlewares/Third_Party/wolfSSL_wolfSSL_wolfSSL/wolfssl/src/ssl.c:12498:21:wolfSSLv23_client_method_ex	24	static
../Middlewares/Third_Party/wolfSSL_wolfSSL_wolfSSL/wolfssl/src/ssl.c:12528:9:wolfSSL_connect	32	static
../Middlewares/Third_Party/wolfSSL_wolfSSL_wolfSSL/wolfssl/src/ssl.c:12981:21:wolfSSLv23_server_method	8	static
../Middlewares/Third_Party/wolfSSL_wolfSSL_wolfSSL/wolfssl/src/ssl.c:12986:21:wolfSSLv23_server_method_ex	24	static
../Middlewares/Third_Party/wolfSSL_wolfSSL_wolfSSL/wolfssl/src/ssl.c:13019:9:wolfSSL_accept	32	static
../Middlewares/Third_Party/wolfSSL_wolfSSL_wolfSSL/wolfssl/src/ssl.c:13484:5:wolfSSL_SetHsDoneCb	24	static
../Middlewares/Third_Party/wolfSSL_wolfSSL_wolfSSL/wolfssl/src/ssl.c:13501:5:wolfSSL_Cleanup	16	static
../Middlewares/Third_Party/wolfSSL_wolfSSL_wolfSSL/wolfssl/src/ssl.c:15138:18:ClientSessionToSession	16	static
../Middlewares/Third_Party/wolfSSL_wolfSSL_wolfSSL/wolfssl/src/ssl.c:15144:18:wolfSSL_GetSession	24	static
../Middlewares/Third_Party/wolfSSL_wolfSSL_wolfSSL/wolfssl/src/ssl.c:15160:5:wolfSSL_check_domain_name	24	static
../Middlewares/Third_Party/wolfSSL_wolfSSL_wolfSSL/wolfssl/src/ssl.c:15192:5:wolfSSL_set_compression	16	static
../Middlewares/Third_Party/wolfSSL_wolfSSL_wolfSSL/wolfssl/src/ssl.c:15635:9:wolfSSL_CTX_load_verify_buffer_ex	56	static
../Middlewares/Third_Party/wolfSSL_wolfSSL_wolfSSL/wolfssl/src/ssl.c:15665:9:wolfSSL_CTX_load_verify_buffer	32	static
../Middlewares/Third_Party/wolfSSL_wolfSSL_wolfSSL/wolfssl/src/ssl.c:15673:9:wolfSSL_CTX_load_verify_chain_buffer_format	32	static
../Middlewares/Third_Party/wolfSSL_wolfSSL_wolfSSL/wolfssl/src/ssl.c:15704:9:wolfSSL_CTX_use_certificate_buffer	56	static
../Middlewares/Third_Party/wolfSSL_wolfSSL_wolfSSL/wolfssl/src/ssl.c:15717:9:wolfSSL_CTX_use_PrivateKey_buffer	56	static
../Middlewares/Third_Party/wolfSSL_wolfSSL_wolfSSL/wolfssl/src/ssl.c:15785:9:wolfSSL_CTX_use_certificate_chain_buffer_format	48	static
../Middlewares/Third_Party/wolfSSL_wolfSSL_wolfSSL/wolfssl/src/ssl.c:15793:9:wolfSSL_CTX_use_certificate_chain_buffer	24	static
../Middlewares/Third_Party/wolfSSL_wolfSSL_wolfSSL/wolfssl/src/ssl.c:15909:9:wolfSSL_use_certificate_buffer	48	static
../Middlewares/Third_Party/wolfSSL_wolfSSL_wolfSSL/wolfssl/src/ssl.c:15921:9:wolfSSL_use_PrivateKey_buffer	48	static
../Middlewares/Third_Party/wolfSSL_wolfSSL_wolfSSL/wolfssl/src/ssl.c:15991:9:wolfSSL_use_certificate_chain_buffer_format	48	static
../Middlewares/Third_Party/wolfSSL_wolfSSL_wolfSSL/wolfssl/src/ssl.c:16002:9:wolfSSL_use_certificate_chain_buffer	24	static
../Middlewares/Third_Party/wolfSSL_wolfSSL_wolfSSL/wolfssl/src/ssl.c:16012:9:wolfSSL_UnloadCertsKeys	16	static
../Middlewares/Third_Party/wolfSSL_wolfSSL_wolfSSL/wolfssl/src/ssl.c:16046:9:wolfSSL_CTX_UnloadCAs	16	static
../Middlewares/Third_Party/wolfSSL_wolfSSL_wolfSSL/wolfssl/src/ssl.c:16086:9:wolfSSL_add_all_algorithms	8	static
../Middlewares/Third_Party/wolfSSL_wolfSSL_wolfSSL/wolfssl/src/ssl.c:16095:9:wolfSSL_OpenSSL_add_all_algorithms_noconf	8	static
../Middlewares/Third_Party/wolfSSL_wolfSSL_wolfSSL/wolfssl/src/ssl.c:16105:9:wolfSSL_OpenSSL_add_all_algorithms_conf	8	static
../Middlewares/Third_Party/wolfSSL_wolfSSL_wolfSSL/wolfssl/src/ssl.c:16120:10:wolfSSL_CTX_sess_set_cache_size	16	static
../Middlewares/Third_Party/wolfSSL_wolfSSL_wolfSSL/wolfssl/src/ssl.c:16137:10:wolfSSL_CTX_set_quiet_shutdown	16	static
../Middlewares/Third_Party/wolfSSL_wolfSSL_wolfSSL/wolfssl/src/ssl.c:16145:10:wolfSSL_set_quiet_shutdown	16	static
../Middlewares/Third_Party/wolfSSL_wolfSSL_wolfSSL/wolfssl/src/ssl.c:16156:10:wolfSSL_set_bio	24	static
../Middlewares/Third_Party/wolfSSL_wolfSSL_wolfSSL/wolfssl/src/ssl.c:16208:10:wolfSSL_CTX_set_client_CA_list	16	static
../Middlewares/Third_Party/wolfSSL_wolfSSL_wolfSSL/wolfssl/src/ssl.c:16218:10:wolfSSL_set_client_CA_list	16	static
../Middlewares/Third_Party/wolfSSL_wolfSSL_wolfSSL/wolfssl/src/ssl.c:16232:10:wolfSSL_CTX_set_client_cert_cb	16	static
../Middlewares/Third_Party/wolfSSL_wolfSSL_wolfSSL/wolfssl/src/ssl.c:16241:10:wolfSSL_CTX_set_cert_cb	24	static
../Middlewares/Third_Party/wolfSSL_wolfSSL_wolfSSL/wolfssl/src/ssl.c:16257:9:CertSetupCbWrapper	24	static
../Middlewares/Third_Party/wolfSSL_wolfSSL_wolfSSL/wolfssl/src/ssl.c:16286:39:wolfSSL_CTX_get_client_CA_list	16	static
../Middlewares/Third_Party/wolfSSL_wolfSSL_wolfSSL/wolfssl/src/ssl.c:16301:39:wolfSSL_get_client_CA_list	16	static
../Middlewares/Third_Party/wolfSSL_wolfSSL_wolfSSL/wolfssl/src/ssl.c:16315:9:wolfSSL_CTX_add_client_CA	24	static
../Middlewares/Third_Party/wolfSSL_wolfSSL_wolfSSL/wolfssl/src/ssl.c:16352:43:wolfSSL_load_client_CA_file	40	static
../Middlewares/Third_Party/wolfSSL_wolfSSL_wolfSSL/wolfssl/src/ssl.c:16638:9:wolfSSL_get_keyblock_size	16	static
../Middlewares/Third_Party/wolfSSL_wolfSSL_wolfSSL/wolfssl/src/ssl.c:16652:9:wolfSSL_get_keys	24	static
../Middlewares/Third_Party/wolfSSL_wolfSSL_wolfSSL/wolfssl/src/ssl.c:16670:10:wolfSSL_set_accept_state	32	static
../Middlewares/Third_Party/wolfSSL_wolfSSL_wolfSSL/wolfssl/src/ssl.c:16726:9:wolfSSL_is_init_finished	16	static
../Middlewares/Third_Party/wolfSSL_wolfSSL_wolfSSL/wolfssl/src/ssl.c:16738:10:wolfSSL_CTX_set_tmp_rsa_callback	16	static
../Middlewares/Third_Party/wolfSSL_wolfSSL_wolfSSL/wolfssl/src/ssl.c:16747:10:wolfSSL_set_shutdown	16	static
../Middlewares/Third_Party/wolfSSL_wolfSSL_wolfSSL/wolfssl/src/ssl.c:16760:10:wolfSSL_CTX_get_options	16	static
../Middlewares/Third_Party/wolfSSL_wolfSSL_wolfSSL/wolfssl/src/ssl.c:16770:10:wolfSSL_CTX_set_options	16	static
../Middlewares/Third_Party/wolfSSL_wolfSSL_wolfSSL/wolfssl/src/ssl.c:16788:10:wolfSSL_CTX_clear_options	16	static
../Middlewares/Third_Party/wolfSSL_wolfSSL_wolfSSL/wolfssl/src/ssl.c:16799:9:wolfSSL_set_rfd	16	static
../Middlewares/Third_Party/wolfSSL_wolfSSL_wolfSSL/wolfssl/src/ssl.c:16817:9:wolfSSL_set_wfd	16	static
../Middlewares/Third_Party/wolfSSL_wolfSSL_wolfSSL/wolfssl/src/ssl.c:16887:25:wolfSSL_CTX_get_cert_store	16	static
../Middlewares/Third_Party/wolfSSL_wolfSSL_wolfSSL/wolfssl/src/ssl.c:16898:10:wolfSSL_CTX_set_cert_store	16	static
../Middlewares/Third_Party/wolfSSL_wolfSSL_wolfSSL/wolfssl/src/ssl.c:16926:9:wolfSSL_set0_verify_cert_store	16	static
../Middlewares/Third_Party/wolfSSL_wolfSSL_wolfSSL/wolfssl/src/ssl.c:16951:9:wolfSSL_set1_verify_cert_store	16	static
../Middlewares/Third_Party/wolfSSL_wolfSSL_wolfSSL/wolfssl/src/ssl.c:16983:10:wolfSSL_CTX_set_default_passwd_cb_userdata	16	static
../Middlewares/Third_Party/wolfSSL_wolfSSL_wolfSSL/wolfssl/src/ssl.c:16992:10:wolfSSL_CTX_set_default_passwd_cb	16	static
../Middlewares/Third_Party/wolfSSL_wolfSSL_wolfSSL/wolfssl/src/ssl.c:17000:25:wolfSSL_CTX_get_default_passwd_cb	16	static
../Middlewares/Third_Party/wolfSSL_wolfSSL_wolfSSL/wolfssl/src/ssl.c:17010:11:wolfSSL_CTX_get_default_passwd_cb_userdata	16	static
../Middlewares/Third_Party/wolfSSL_wolfSSL_wolfSSL/wolfssl/src/ssl.c:17023:9:wolfSSL_num_locks	4	static
../Middlewares/Third_Party/wolfSSL_wolfSSL_wolfSSL/wolfssl/src/ssl.c:17028:10:wolfSSL_set_locking_callback	16	static
../Middlewares/Third_Party/wolfSSL_wolfSSL_wolfSSL/wolfssl/src/ssl.c:17041:19:wolfSSL_thread_id	8	static
../Middlewares/Third_Party/wolfSSL_wolfSSL_wolfSSL/wolfssl/src/ssl.c:17052:10:wolfSSL_set_id_callback	16	static
../Middlewares/Third_Party/wolfSSL_wolfSSL_wolfSSL/wolfssl/src/ssl.c:17057:19:wolfSSL_ERR_get_error	8	static
../Middlewares/Third_Party/wolfSSL_wolfSSL_wolfSSL/wolfssl/src/ssl.c:17070:10:wolfSSL_ERR_print_errors	216	static
../Middlewares/Third_Party/wolfSSL_wolfSSL_wolfSSL/wolfssl/src/ssl.c:17117:8:wolfSSL_get_server_random	32	static
../Middlewares/Third_Party/wolfSSL_wolfSSL_wolfSSL/wolfssl/src/ssl.c:17155:5:wolfSSL_get_server_tmp_key	48	static
../Middlewares/Third_Party/wolfSSL_wolfSSL_wolfSSL/wolfssl/src/ssl.c:17218:12:CheckSslMethodVersion	24	static
../Middlewares/Third_Party/wolfSSL_wolfSSL_wolfSSL/wolfssl/src/ssl.c:17304:12:Set_CTX_min_proto_version	16	static
../Middlewares/Third_Party/wolfSSL_wolfSSL_wolfSSL/wolfssl/src/ssl.c:17389:5:wolfSSL_CTX_set_min_proto_version	40	static
../Middlewares/Third_Party/wolfSSL_wolfSSL_wolfSSL/wolfssl/src/ssl.c:17464:12:Set_CTX_max_proto_version	16	static
../Middlewares/Third_Party/wolfSSL_wolfSSL_wolfSSL/wolfssl/src/ssl.c:17510:5:wolfSSL_CTX_set_max_proto_version	32	static
../Middlewares/Third_Party/wolfSSL_wolfSSL_wolfSSL/wolfssl/src/ssl.c:17548:12:Set_SSL_min_proto_version	16	static
../Middlewares/Third_Party/wolfSSL_wolfSSL_wolfSSL/wolfssl/src/ssl.c:17631:5:wolfSSL_set_min_proto_version	24	static
../Middlewares/Third_Party/wolfSSL_wolfSSL_wolfSSL/wolfssl/src/ssl.c:17655:12:Set_SSL_max_proto_version	16	static
../Middlewares/Third_Party/wolfSSL_wolfSSL_wolfSSL/wolfssl/src/ssl.c:17699:5:wolfSSL_set_max_proto_version	24	static
../Middlewares/Third_Party/wolfSSL_wolfSSL_wolfSSL/wolfssl/src/ssl.c:17725:12:GetMinProtoVersion	24	static
../Middlewares/Third_Party/wolfSSL_wolfSSL_wolfSSL/wolfssl/src/ssl.c:17763:17:wolfSSL_CTX_get_min_proto_version	24	static
../Middlewares/Third_Party/wolfSSL_wolfSSL_wolfSSL/wolfssl/src/ssl.c:17789:12:GetMaxProtoVersion	16	static
../Middlewares/Third_Party/wolfSSL_wolfSSL_wolfSSL/wolfssl/src/ssl.c:17820:5:wolfSSL_CTX_get_max_proto_version	24	static
../Middlewares/Third_Party/wolfSSL_wolfSSL_wolfSSL/wolfssl/src/ssl.c:17856:8:wolfSSL_get_client_random	32	static
../Middlewares/Third_Party/wolfSSL_wolfSSL_wolfSSL/wolfssl/src/ssl.c:17889:19:wolfSSLeay	4	static
../Middlewares/Third_Party/wolfSSL_wolfSSL_wolfSSL/wolfssl/src/ssl.c:17894:19:wolfSSL_OpenSSL_version_num	4	static
../Middlewares/Third_Party/wolfSSL_wolfSSL_wolfSSL/wolfssl/src/ssl.c:17899:17:wolfSSLeay_version	16	static
../Middlewares/Third_Party/wolfSSL_wolfSSL_wolfSSL/wolfssl/src/ssl.c:18182:9:wolfSSL_SHA256_Init	24	static
../Middlewares/Third_Party/wolfSSL_wolfSSL_wolfSSL/wolfssl/src/ssl.c:18200:9:wolfSSL_SHA256_Update	32	static
../Middlewares/Third_Party/wolfSSL_wolfSSL_wolfSSL/wolfssl/src/ssl.c:18216:9:wolfSSL_SHA256_Final	24	static
../Middlewares/Third_Party/wolfSSL_wolfSSL_wolfSSL/wolfssl/src/ssl.c:18240:9:wolfSSL_SHA256_Transform	24	static
../Middlewares/Third_Party/wolfSSL_wolfSSL_wolfSSL/wolfssl/src/ssl.c:18777:20:wolfSSL_HMAC	48	static
../Middlewares/Third_Party/wolfSSL_wolfSSL_wolfSSL/wolfssl/src/ssl.c:19131:10:wolfSSL_ERR_free_strings	4	static
../Middlewares/Third_Party/wolfSSL_wolfSSL_wolfSSL/wolfssl/src/ssl.c:19136:10:wolfSSL_cleanup_all_ex_data	4	static
../Middlewares/Third_Party/wolfSSL_wolfSSL_wolfSSL/wolfssl/src/ssl.c:19144:10:wolfSSL_ERR_clear_error	8	static
../Middlewares/Third_Party/wolfSSL_wolfSSL_wolfSSL/wolfssl/src/ssl.c:19152:9:wolfSSL_clear	16	static
../Middlewares/Third_Party/wolfSSL_wolfSSL_wolfSSL/wolfssl/src/ssl.c:19230:10:wolfSSL_CTX_set_mode	16	static
../Middlewares/Third_Party/wolfSSL_wolfSSL_wolfSSL/wolfssl/src/ssl.c:19257:10:wolfSSL_CTX_clear_mode	16	static
../Middlewares/Third_Party/wolfSSL_wolfSSL_wolfSSL/wolfssl/src/ssl.c:19288:10:wolfSSL_SSL_get_mode	16	static
../Middlewares/Third_Party/wolfSSL_wolfSSL_wolfSSL/wolfssl/src/ssl.c:19298:10:wolfSSL_CTX_get_mode	16	static
../Middlewares/Third_Party/wolfSSL_wolfSSL_wolfSSL/wolfssl/src/ssl.c:19308:10:wolfSSL_CTX_set_default_read_ahead	16	static
../Middlewares/Third_Party/wolfSSL_wolfSSL_wolfSSL/wolfssl/src/ssl.c:19328:9:wolfSSL_CTX_set_session_id_context	24	static
../Middlewares/Third_Party/wolfSSL_wolfSSL_wolfSSL/wolfssl/src/ssl.c:19355:9:wolfSSL_set_session_id_context	24	static
../Middlewares/Third_Party/wolfSSL_wolfSSL_wolfSSL/wolfssl/src/ssl.c:19370:10:wolfSSL_CTX_sess_get_cache_size	16	static
../Middlewares/Third_Party/wolfSSL_wolfSSL_wolfSSL/wolfssl/src/ssl.c:19387:19:wolfSSL_ERR_get_error_line	24	static
../Middlewares/Third_Party/wolfSSL_wolfSSL_wolfSSL/wolfssl/src/ssl.c:19430:24:wolfSSL_ERR_sys_func	16	static
../Middlewares/Third_Party/wolfSSL_wolfSSL_wolfSSL/wolfssl/src/ssl.c:19456:10:wolfSSL_ERR_put_error	32	static
../Middlewares/Third_Party/wolfSSL_wolfSSL_wolfSSL/wolfssl/src/ssl.c:19491:19:wolfSSL_ERR_get_error_line_data	32	static
../Middlewares/Third_Party/wolfSSL_wolfSSL_wolfSSL/wolfssl/src/ssl.c:19576:19:wolfSSL_get_peer_certificate	24	static
../Middlewares/Third_Party/wolfSSL_wolfSSL_wolfSSL/wolfssl/src/ssl.c:19729:16:wolfSSL_sk_new_node	24	static
../Middlewares/Third_Party/wolfSSL_wolfSSL_wolfSSL/wolfssl/src/ssl.c:19745:6:wolfSSL_sk_free_node	24	static
../Middlewares/Third_Party/wolfSSL_wolfSSL_wolfSSL/wolfssl/src/ssl.c:19756:5:wolfSSL_sk_push_node	16	static
../Middlewares/Third_Party/wolfSSL_wolfSSL_wolfSSL/wolfssl/src/ssl.c:19775:22:compare_WOLFSSL_CIPHER	16	static
../Middlewares/Third_Party/wolfSSL_wolfSSL_wolfSSL/wolfssl/src/ssl.c:19794:5:wolfSSL_sk_push	296	static
../Middlewares/Third_Party/wolfSSL_wolfSSL_wolfSSL/wolfssl/src/ssl.c:19921:16:wolfSSL_sk_get_node	32	static
../Middlewares/Third_Party/wolfSSL_wolfSSL_wolfSSL/wolfssl/src/ssl.c:19945:7:wolfSSL_lh_retrieve	24	static
../Middlewares/Third_Party/wolfSSL_wolfSSL_wolfSSL/wolfssl/src/ssl.c:20033:15:wolfSSL_get_certificate	24	static
../Middlewares/Third_Party/wolfSSL_wolfSSL_wolfSSL/wolfssl/src/ssl.c:20074:15:wolfSSL_CTX_get0_certificate	16	static
../Middlewares/Third_Party/wolfSSL_wolfSSL_wolfSSL/wolfssl/src/ssl.c:20099:6:wolfSSL_ASN1_OBJECT_free	24	static
../Middlewares/Third_Party/wolfSSL_wolfSSL_wolfSSL/wolfssl/src/ssl.c:20125:22:wolfSSL_ASN1_OBJECT_new	16	static
../Middlewares/Third_Party/wolfSSL_wolfSSL_wolfSSL/wolfssl/src/ssl.c:20144:22:wolfSSL_ASN1_OBJECT_dup	24	static
../Middlewares/Third_Party/wolfSSL_wolfSSL_wolfSSL/wolfssl/src/ssl.c:20183:16:wolfSSL_sk_new_asn1_obj	16	static
../Middlewares/Third_Party/wolfSSL_wolfSSL_wolfSSL/wolfssl/src/ssl.c:20197:5:wolfSSL_sk_ASN1_OBJECT_push	16	static
../Middlewares/Third_Party/wolfSSL_wolfSSL_wolfSSL/wolfssl/src/ssl.c:20210:22:wolfSSL_sk_ASN1_OBJECT_pop	32	static
../Middlewares/Third_Party/wolfSSL_wolfSSL_wolfSSL/wolfssl/src/ssl.c:20244:6:wolfSSL_sk_ASN1_OBJECT_free	16	static
../Middlewares/Third_Party/wolfSSL_wolfSSL_wolfSSL/wolfssl/src/ssl.c:20256:6:wolfSSL_sk_ASN1_OBJECT_pop_free	16	static
../Middlewares/Third_Party/wolfSSL_wolfSSL_wolfSSL/wolfssl/src/ssl.c:20269:5:wolfSSL_ASN1_STRING_to_UTF8	32	static
../Middlewares/Third_Party/wolfSSL_wolfSSL_wolfSSL/wolfssl/src/ssl.c:20304:5:wolfSSL_ASN1_UNIVERSALSTRING_to_string	24	static
../Middlewares/Third_Party/wolfSSL_wolfSSL_wolfSSL/wolfssl/src/ssl.c:20343:7:wolfSSL_i2s_ASN1_STRING	64	static
../Middlewares/Third_Party/wolfSSL_wolfSSL_wolfSSL/wolfssl/src/ssl.c:20402:6:wolfSSL_set_connect_state	16	static
../Middlewares/Third_Party/wolfSSL_wolfSSL_wolfSSL/wolfssl/src/ssl.c:20431:5:wolfSSL_get_shutdown	24	static
../Middlewares/Third_Party/wolfSSL_wolfSSL_wolfSSL/wolfssl/src/ssl.c:20461:5:wolfSSL_session_reused	24	static
../Middlewares/Third_Party/wolfSSL_wolfSSL_wolfSSL/wolfssl/src/ssl.c:20472:18:wolfSSL_NewSession	24	static
../Middlewares/Third_Party/wolfSSL_wolfSSL_wolfSSL/wolfssl/src/ssl.c:20523:18:wolfSSL_SESSION_new_ex	16	static
../Middlewares/Third_Party/wolfSSL_wolfSSL_wolfSSL/wolfssl/src/ssl.c:20528:18:wolfSSL_SESSION_new	8	static
../Middlewares/Third_Party/wolfSSL_wolfSSL_wolfSSL/wolfssl/src/ssl.c:20535:5:wolfSSL_SESSION_up_ref	16	static
../Middlewares/Third_Party/wolfSSL_wolfSSL_wolfSSL/wolfssl/src/ssl.c:20572:12:wolfSSL_DupSessionEx	32	static
../Middlewares/Third_Party/wolfSSL_wolfSSL_wolfSSL/wolfssl/src/ssl.c:20798:5:wolfSSL_DupSession	32	static
../Middlewares/Third_Party/wolfSSL_wolfSSL_wolfSSL/wolfssl/src/ssl.c:20804:18:wolfSSL_SESSION_dup	16	static
../Middlewares/Third_Party/wolfSSL_wolfSSL_wolfSSL/wolfssl/src/ssl.c:20836:6:wolfSSL_FreeSession	24	static
../Middlewares/Third_Party/wolfSSL_wolfSSL_wolfSSL/wolfssl/src/ssl.c:20916:6:wolfSSL_SESSION_free	16	static
../Middlewares/Third_Party/wolfSSL_wolfSSL_wolfSSL/wolfssl/src/ssl.c:20966:5:wolfSSL_SESSION_set_cipher	16	static
../Middlewares/Third_Party/wolfSSL_wolfSSL_wolfSSL/wolfssl/src/ssl.c:20987:20:wolfSSL_internal_get_version	16	static
../Middlewares/Third_Party/wolfSSL_wolfSSL_wolfSSL/wolfssl/src/ssl.c:21029:13:wolfSSL_get_version	16	static
../Middlewares/Third_Party/wolfSSL_wolfSSL_wolfSSL/wolfssl/src/ssl.c:21041:13:wolfSSL_lib_version	4	static
../Middlewares/Third_Party/wolfSSL_wolfSSL_wolfSSL/wolfssl/src/ssl.c:21054:13:wolfSSL_OpenSSL_version	4	static
../Middlewares/Third_Party/wolfSSL_wolfSSL_wolfSSL/wolfssl/src/ssl.c:21063:8:wolfSSL_lib_version_hex	4	static
../Middlewares/Third_Party/wolfSSL_wolfSSL_wolfSSL/wolfssl/src/ssl.c:21069:5:wolfSSL_get_current_cipher_suite	16	static
../Middlewares/Third_Party/wolfSSL_wolfSSL_wolfSSL/wolfssl/src/ssl.c:21077:17:wolfSSL_get_current_cipher	16	static
../Middlewares/Third_Party/wolfSSL_wolfSSL_wolfSSL/wolfssl/src/ssl.c:21093:13:wolfSSL_CIPHER_get_name	16	static
../Middlewares/Third_Party/wolfSSL_wolfSSL_wolfSSL/wolfssl/src/ssl.c:21110:14:wolfSSL_CIPHER_get_version	16	static
../Middlewares/Third_Party/wolfSSL_wolfSSL_wolfSSL/wolfssl/src/ssl.c:21121:13:wolfSSL_SESSION_CIPHER_get_name	16	static
../Middlewares/Third_Party/wolfSSL_wolfSSL_wolfSSL/wolfssl/src/ssl.c:21140:13:wolfSSL_get_cipher	16	static
../Middlewares/Third_Party/wolfSSL_wolfSSL_wolfSSL/wolfssl/src/ssl.c:21147:13:wolfSSL_get_cipher_name	16	static
../Middlewares/Third_Party/wolfSSL_wolfSSL_wolfSSL/wolfssl/src/ssl.c:21153:13:wolfSSL_get_cipher_name_from_suite	16	static
../Middlewares/Third_Party/wolfSSL_wolfSSL_wolfSSL/wolfssl/src/ssl.c:21159:13:wolfSSL_get_cipher_name_iana_from_suite	16	static
../Middlewares/Third_Party/wolfSSL_wolfSSL_wolfSSL/wolfssl/src/ssl.c:21165:5:wolfSSL_get_cipher_suite_from_name	24	static
../Middlewares/Third_Party/wolfSSL_wolfSSL_wolfSSL/wolfssl/src/ssl.c:21178:16:wolfSSL_sk_new_cipher	16	static
../Middlewares/Third_Party/wolfSSL_wolfSSL_wolfSSL/wolfssl/src/ssl.c:21192:5:wolfSSL_sk_CIPHER_push	16	static
../Middlewares/Third_Party/wolfSSL_wolfSSL_wolfSSL/wolfssl/src/ssl.c:21199:17:wolfSSL_sk_CIPHER_pop	16	static
../Middlewares/Third_Party/wolfSSL_wolfSSL_wolfSSL/wolfssl/src/ssl.c:21208:8:wolfSSL_CIPHER_get_id	24	static
../Middlewares/Third_Party/wolfSSL_wolfSSL_wolfSSL/wolfssl/src/ssl.c:21222:23:wolfSSL_get_cipher_by_value	24	static
../Middlewares/Third_Party/wolfSSL_wolfSSL_wolfSSL/wolfssl/src/ssl.c:21245:6:wolfSSL_sk_CIPHER_free	16	static
../Middlewares/Third_Party/wolfSSL_wolfSSL_wolfSSL/wolfssl/src/ssl.c:21286:13:wolfSSL_get_curve_name	24	static
../Middlewares/Third_Party/wolfSSL_wolfSSL_wolfSSL/wolfssl/src/ssl.c:21368:26:wolfSSL_ASN1_STRING_new	16	static
../Middlewares/Third_Party/wolfSSL_wolfSSL_wolfSSL/wolfssl/src/ssl.c:21390:26:wolfSSL_ASN1_STRING_dup	24	static
../Middlewares/Third_Party/wolfSSL_wolfSSL_wolfSSL/wolfssl/src/ssl.c:21421:10:wolfSSL_ASN1_STRING_free	24	static
../Middlewares/Third_Party/wolfSSL_wolfSSL_wolfSSL/wolfssl/src/ssl.c:21435:9:wolfSSL_ASN1_STRING_cmp	24	static
../Middlewares/Third_Party/wolfSSL_wolfSSL_wolfSSL/wolfssl/src/ssl.c:21459:9:wolfSSL_ASN1_STRING_copy	16	static
../Middlewares/Third_Party/wolfSSL_wolfSSL_wolfSSL/wolfssl/src/ssl.c:21480:26:wolfSSL_ASN1_STRING_type_new	24	static
../Middlewares/Third_Party/wolfSSL_wolfSSL_wolfSSL/wolfssl/src/ssl.c:21504:9:wolfSSL_ASN1_STRING_type	16	static
../Middlewares/Third_Party/wolfSSL_wolfSSL_wolfSSL/wolfssl/src/ssl.c:21525:9:wolfSSL_ASN1_STRING_set	32	static
../Middlewares/Third_Party/wolfSSL_wolfSSL_wolfSSL/wolfssl/src/ssl.c:21580:26:wolfSSL_ASN1_STRING_get0_data	16	static
../Middlewares/Third_Party/wolfSSL_wolfSSL_wolfSSL/wolfssl/src/ssl.c:21591:20:wolfSSL_ASN1_STRING_data	16	static
../Middlewares/Third_Party/wolfSSL_wolfSSL_wolfSSL/wolfssl/src/ssl.c:21606:9:wolfSSL_ASN1_STRING_length	16	static
../Middlewares/Third_Party/wolfSSL_wolfSSL_wolfSSL/wolfssl/src/ssl.c:21623:26:wolfSSL_d2i_DISPLAYTEXT	24	static
../Middlewares/Third_Party/wolfSSL_wolfSSL_wolfSSL/wolfssl/src/ssl.c:21644:5:wolfSSL_CIPHER_get_auth_nid	128	static
../Middlewares/Third_Party/wolfSSL_wolfSSL_wolfSSL/wolfssl/src/ssl.c:21683:5:wolfSSL_CIPHER_get_cipher_nid	128	static
../Middlewares/Third_Party/wolfSSL_wolfSSL_wolfSSL/wolfssl/src/ssl.c:21730:5:wolfSSL_CIPHER_get_digest_nid	128	static
../Middlewares/Third_Party/wolfSSL_wolfSSL_wolfSSL/wolfssl/src/ssl.c:21776:5:wolfSSL_CIPHER_get_kx_nid	128	static
../Middlewares/Third_Party/wolfSSL_wolfSSL_wolfSSL/wolfssl/src/ssl.c:21825:5:wolfSSL_CIPHER_is_aead	120	static
../Middlewares/Third_Party/wolfSSL_wolfSSL_wolfSSL/wolfssl/src/ssl.c:21844:5:wolfSSL_sk_CIPHER_description	168	static
../Middlewares/Third_Party/wolfSSL_wolfSSL_wolfSSL/wolfssl/src/ssl.c:21934:30:wolfssl_kea_to_string	24	static
../Middlewares/Third_Party/wolfSSL_wolfSSL_wolfSSL/wolfssl/src/ssl.c:21986:30:wolfssl_sigalg_to_string	24	static
../Middlewares/Third_Party/wolfSSL_wolfSSL_wolfSSL/wolfssl/src/ssl.c:22032:30:wolfssl_cipher_to_string	24	static
../Middlewares/Third_Party/wolfSSL_wolfSSL_wolfSSL/wolfssl/src/ssl.c:22105:30:wolfssl_mac_to_string	24	static
../Middlewares/Third_Party/wolfSSL_wolfSSL_wolfSSL/wolfssl/src/ssl.c:22151:7:wolfSSL_CIPHER_description	48	static
../Middlewares/Third_Party/wolfSSL_wolfSSL_wolfSSL/wolfssl/src/ssl.c:22214:5:wolfSSL_OCSP_parse_url	24	static
../Middlewares/Third_Party/wolfSSL_wolfSSL_wolfSSL/wolfssl/src/ssl.c:22257:6:wolfSSL_RAND_screen	4	static
../Middlewares/Third_Party/wolfSSL_wolfSSL_wolfSSL/wolfssl/src/ssl.c:22265:5:wolfSSL_RAND_load_file	16	static
../Middlewares/Third_Party/wolfSSL_wolfSSL_wolfSSL/wolfssl/src/ssl.c:22277:22:wolfSSL_COMP_zlib	4	static
../Middlewares/Third_Party/wolfSSL_wolfSSL_wolfSSL/wolfssl/src/ssl.c:22285:22:wolfSSL_COMP_rle	4	static
../Middlewares/Third_Party/wolfSSL_wolfSSL_wolfSSL/wolfssl/src/ssl.c:22293:5:wolfSSL_COMP_add_compression_method	16	static
../Middlewares/Third_Party/wolfSSL_wolfSSL_wolfSSL/wolfssl/src/ssl.c:22307:6:wolfSSL_set_dynlock_create_callback	16	static
../Middlewares/Third_Party/wolfSSL_wolfSSL_wolfSSL/wolfssl/src/ssl.c:22318:6:wolfSSL_set_dynlock_lock_callback	16	static
../Middlewares/Third_Party/wolfSSL_wolfSSL_wolfSSL/wolfssl/src/ssl.c:22329:6:wolfSSL_set_dynlock_destroy_callback	16	static
../Middlewares/Third_Party/wolfSSL_wolfSSL_wolfSSL/wolfssl/src/ssl.c:22367:5:wolfSSL_set1_host	16	static
../Middlewares/Third_Party/wolfSSL_wolfSSL_wolfSSL/wolfssl/src/ssl.c:22384:5:wolfSSL_CTX_set1_param	16	static
../Middlewares/Third_Party/wolfSSL_wolfSSL_wolfSSL/wolfssl/src/ssl.c:22399:28:wolfSSL_CTX_get0_param	16	static
[...]
../Middlewares/Third_Party/wolfSSL_wolfSSL_wolfSSL/wolfssl/src/x509.c:11818:26:wolfSSL_sk_X509_NAME_ENTRY_value	16	static
../Middlewares/Third_Party/wolfSSL_wolfSSL_wolfSSL/wolfssl/src/x509.c:11824:5:wolfSSL_sk_X509_NAME_ENTRY_num	16	static
../Middlewares/Third_Party/wolfSSL_wolfSSL_wolfSSL/wolfssl/src/x509.c:11831:6:wolfSSL_sk_X509_NAME_ENTRY_free	16	static
../Middlewares/Third_Party/wolfSSL_wolfSSL_wolfSSL/wolfssl/src/x509.c:11846:20:wolfSSL_X509_INFO_new	16	static
../Middlewares/Third_Party/wolfSSL_wolfSSL_wolfSSL/wolfssl/src/x509.c:11857:6:wolfSSL_X509_INFO_free	24	static
../Middlewares/Third_Party/wolfSSL_wolfSSL_wolfSSL/wolfssl/src/x509.c:11879:16:wolfSSL_sk_X509_INFO_new_null	16	static
../Middlewares/Third_Party/wolfSSL_wolfSSL_wolfSSL/wolfssl/src/x509.c:11888:5:wolfSSL_sk_X509_INFO_num	16	static
../Middlewares/Third_Party/wolfSSL_wolfSSL_wolfSSL/wolfssl/src/x509.c:11895:20:wolfSSL_sk_X509_INFO_value	16	static
../Middlewares/Third_Party/wolfSSL_wolfSSL_wolfSSL/wolfssl/src/x509.c:11903:20:wolfSSL_sk_X509_INFO_pop	24	static
../Middlewares/Third_Party/wolfSSL_wolfSSL_wolfSSL/wolfssl/src/x509.c:11933:6:wolfSSL_sk_X509_INFO_pop_free	16	static
../Middlewares/Third_Party/wolfSSL_wolfSSL_wolfSSL/wolfssl/src/x509.c:11940:6:wolfSSL_sk_X509_INFO_free	16	static
../Middlewares/Third_Party/wolfSSL_wolfSSL_wolfSSL/wolfssl/src/x509.c:11951:5:wolfSSL_sk_X509_INFO_push	16	static
../Middlewares/Third_Party/wolfSSL_wolfSSL_wolfSSL/wolfssl/src/x509.c:11959:35:wolfSSL_dup_CA_list	32	static
../Middlewares/Third_Party/wolfSSL_wolfSSL_wolfSSL/wolfssl/src/x509.c:11987:7:wolfSSL_sk_X509_OBJECT_value	16	static
../Middlewares/Third_Party/wolfSSL_wolfSSL_wolfSSL/wolfssl/src/x509.c:11998:5:wolfSSL_sk_X509_OBJECT_num	16	static
../Middlewares/Third_Party/wolfSSL_wolfSSL_wolfSSL/wolfssl/src/x509.c:12008:5:wolfSSL_sk_X509_NAME_set_cmp_func	16	static
../Middlewares/Third_Party/wolfSSL_wolfSSL_wolfSSL/wolfssl/src/x509.c:12026:12:get_dn_attr_by_nid	24	static
../Middlewares/Third_Party/wolfSSL_wolfSSL_wolfSSL/wolfssl/src/x509.c:12111:12:wolfSSL_EscapeString_RFC2253	40	static
../Middlewares/Third_Party/wolfSSL_wolfSSL_wolfSSL/wolfssl/src/x509.c:12168:5:wolfSSL_X509_NAME_print_ex	424	static
../Middlewares/Third_Party/wolfSSL_wolfSSL_wolfSSL/wolfssl/src/x509.c:12290:26:wolfSSL_X509_get0_pubkey_bitstr	16	static
../Middlewares/Third_Party/wolfSSL_wolfSSL_wolfSSL/wolfssl/src/x509.c:12301:26:wolfSSL_X509_OBJECT_get_type	16	static
../Middlewares/Third_Party/wolfSSL_wolfSSL_wolfSSL/wolfssl/src/x509.c:12309:22:wolfSSL_X509_OBJECT_new	16	static
../Middlewares/Third_Party/wolfSSL_wolfSSL_wolfSSL/wolfssl/src/x509.c:12318:6:wolfSSL_X509_OBJECT_free	24	static
../Middlewares/Third_Party/wolfSSL_wolfSSL_wolfSSL/wolfssl/src/x509.c:12336:22:wolfSSL_sk_X509_OBJECT_delete	16	static
../Middlewares/Third_Party/wolfSSL_wolfSSL_wolfSSL/wolfssl/src/x509.c:12347:15:wolfSSL_X509_OBJECT_get0_X509	16	static
../Middlewares/Third_Party/wolfSSL_wolfSSL_wolfSSL/wolfssl/src/x509.c:12354:19:wolfSSL_X509_OBJECT_get0_X509_CRL	16	static
../Middlewares/Third_Party/wolfSSL_wolfSSL_wolfSSL/wolfssl/src/x509.c:12368:5:wolfSSL_sk_X509_num	16	static
../Middlewares/Third_Party/wolfSSL_wolfSSL_wolfSSL/wolfssl/src/x509.c:12395:7:wolfSSL_X509_get_ex_data	16	static
../Middlewares/Third_Party/wolfSSL_wolfSSL_wolfSSL/wolfssl/src/x509.c:12409:5:wolfSSL_X509_set_ex_data	24	static
../Middlewares/Third_Party/wolfSSL_wolfSSL_wolfSSL/wolfssl/src/x509.c:12446:5:wolfSSL_X509_check_host	40	static
../Middlewares/Third_Party/wolfSSL_wolfSSL_wolfSSL/wolfssl/src/x509.c:12506:5:wolfSSL_X509_check_ip_asc	40	static
../Middlewares/Third_Party/wolfSSL_wolfSSL_wolfSSL/wolfssl/src/x509.c:12623:5:wolfSSL_X509_NAME_digest	24	static
../Middlewares/Third_Party/wolfSSL_wolfSSL_wolfSSL/wolfssl/src/x509.c:12656:12:x509GetIssuerFromCM	40	static
../Middlewares/Third_Party/wolfSSL_wolfSSL_wolfSSL/wolfssl/src/x509.c:12717:6:wolfSSL_X509_email_free	24	static
../Middlewares/Third_Party/wolfSSL_wolfSSL_wolfSSL/wolfssl/src/x509.c:12729:32:wolfSSL_X509_get1_ocsp	24	static
../Middlewares/Third_Party/wolfSSL_wolfSSL_wolfSSL/wolfssl/src/x509.c:12754:5:wolfSSL_X509_check_issued	24	static
../Middlewares/Third_Party/wolfSSL_wolfSSL_wolfSSL/wolfssl/src/x509.c:12783:15:wolfSSL_X509_dup	16	static
../Middlewares/Third_Party/wolfSSL_wolfSSL_wolfSSL/wolfssl/src/x509.c:12802:5:wolfSSL_X509_check_ca	16	static
../Middlewares/Third_Party/wolfSSL_wolfSSL_wolfSSL/wolfssl/src/x509.c:12818:6:wolfSSL_X509_get_version	24	static
../Middlewares/Third_Party/wolfSSL_wolfSSL_wolfSSL/wolfssl/src/x509.c:12837:5:wolfSSL_X509_get_signature_nid	16	static
../Middlewares/Third_Party/wolfSSL_wolfSSL_wolfSSL/wolfssl/src/x509.c:12847:16:wolfSSL_sk_X509_new	16	static
../Middlewares/Third_Party/wolfSSL_wolfSSL_wolfSSL/wolfssl/src/x509.c:12853:16:wolfSSL_sk_X509_new_null	16	static
../Middlewares/Third_Party/wolfSSL_wolfSSL_wolfSSL/wolfssl/src/x509.c:12868:16:wolfSSL_sk_X509_OBJECT_new	16	static
../Middlewares/Third_Party/wolfSSL_wolfSSL_wolfSSL/wolfssl/src/x509.c:12880:6:wolfSSL_sk_X509_OBJECT_free	16	static
../Middlewares/Third_Party/wolfSSL_wolfSSL_wolfSSL/wolfssl/src/x509.c:12886:6:wolfSSL_sk_X509_OBJECT_pop_free	16	static
../Middlewares/Third_Party/wolfSSL_wolfSSL_wolfSSL/wolfssl/src/x509.c:12893:5:wolfSSL_sk_X509_OBJECT_push	16	static
../Middlewares/Third_Party/wolfSSL_wolfSSL_wolfSSL/wolfssl/src/x509.c:12910:5:wolfSSL_X509_NAME_copy	24	static
../Middlewares/Third_Party/wolfSSL_wolfSSL_wolfSSL/wolfssl/src/x509.c:12954:5:wolfSSL_X509_set_subject_name	16	static
../Middlewares/Third_Party/wolfSSL_wolfSSL_wolfSSL/wolfssl/src/x509.c:12975:5:wolfSSL_X509_set_issuer_name	16	static
../Middlewares/Third_Party/wolfSSL_wolfSSL_wolfSSL/wolfssl/src/x509.c:12996:5:wolfSSL_X509_set_notAfter	16	static
../Middlewares/Third_Party/wolfSSL_wolfSSL_wolfSSL/wolfssl/src/x509.c:13010:5:wolfSSL_X509_set_notBefore	16	static
../Middlewares/Third_Party/wolfSSL_wolfSSL_wolfSSL/wolfssl/src/x509.c:13024:5:wolfSSL_X509_set_serialNumber	16	static
../Middlewares/Third_Party/wolfSSL_wolfSSL_wolfSSL/wolfssl/src/x509.c:13044:5:wolfSSL_X509_set_pubkey	40	static
../Middlewares/Third_Party/wolfSSL_wolfSSL_wolfSSL/wolfssl/src/x509.c:13138:5:wolfSSL_X509_set_version	16	static
../Middlewares/Third_Party/wolfSSL_wolfSSL_wolfSSL/wolfssl/src/ssl.c:38502:5:wolfSSL_CRYPTO_set_mem_ex_functions	24	static
../Middlewares/Third_Party/wolfSSL_wolfSSL_wolfSSL/wolfssl/src/ssl.c:38525:6:wolfSSL_CRYPTO_free	32	static
../Middlewares/Third_Party/wolfSSL_wolfSSL_wolfSSL/wolfssl/src/ssl.c:38538:7:wolfSSL_CRYPTO_malloc	24	static
../Middlewares/Third_Party/wolfSSL_wolfSSL_wolfSSL/wolfssl/src/ssl.c:38557:6:wolfSSL_CRYPTO_cleanup_all_ex_data	4	static
../Middlewares/Third_Party/wolfSSL_wolfSSL_wolfSSL/wolfssl/src/ssl.c:38659:18:wolfSSL_BUF_MEM_new	16	static
../Middlewares/Third_Party/wolfSSL_wolfSSL_wolfSSL/wolfssl/src/ssl.c:38671:5:wolfSSL_BUF_MEM_grow_ex	40	static
../Middlewares/Third_Party/wolfSSL_wolfSSL_wolfSSL/wolfssl/src/ssl.c:38719:5:wolfSSL_BUF_MEM_grow	16	static
../Middlewares/Third_Party/wolfSSL_wolfSSL_wolfSSL/wolfssl/src/ssl.c:38725:5:wolfSSL_BUF_MEM_resize	24	static
../Middlewares/Third_Party/wolfSSL_wolfSSL_wolfSSL/wolfssl/src/ssl.c:38756:6:wolfSSL_BUF_MEM_free	24	static
../Middlewares/Third_Party/wolfSSL_wolfSSL_wolfSSL/wolfssl/src/conf.c:47:17:wolfSSL_TXT_DB_read	88	static
../Middlewares/Third_Party/wolfSSL_wolfSSL_wolfSSL/wolfssl/src/conf.c:155:6:wolfSSL_TXT_DB_write	560	static
../Middlewares/Third_Party/wolfSSL_wolfSSL_wolfSSL/wolfssl/src/conf.c:222:5:wolfSSL_TXT_DB_insert	16	static
../Middlewares/Third_Party/wolfSSL_wolfSSL_wolfSSL/wolfssl/src/conf.c:239:6:wolfSSL_TXT_DB_free	24	static
../Middlewares/Third_Party/wolfSSL_wolfSSL_wolfSSL/wolfssl/src/conf.c:250:5:wolfSSL_TXT_DB_create_index	24	static
../Middlewares/Third_Party/wolfSSL_wolfSSL_wolfSSL/wolfssl/src/conf.c:267:17:wolfSSL_TXT_DB_get_by_index	32	static
../Middlewares/Third_Party/wolfSSL_wolfSSL_wolfSSL/wolfssl/src/conf.c:311:6:wolfSSL_OPENSSL_config	16	static
../Middlewares/Third_Party/wolfSSL_wolfSSL_wolfSSL/wolfssl/src/conf.c:324:22:wolfSSL_CONF_VALUE_hash	24	static
../Middlewares/Third_Party/wolfSSL_wolfSSL_wolfSSL/wolfssl/src/conf.c:338:15:wolfSSL_LH_strhash	24	static
../Middlewares/Third_Party/wolfSSL_wolfSSL_wolfSSL/wolfssl/src/conf.c:383:21:wolfSSL_lh_WOLFSSL_CONF_VALUE_retrieve	16	static
../Middlewares/Third_Party/wolfSSL_wolfSSL_wolfSSL/wolfssl/src/conf.c:396:5:wolfSSL_CONF_modules_load	24	static
../Middlewares/Third_Party/wolfSSL_wolfSSL_wolfSSL/wolfssl/src/conf.c:408:21:wolfSSL_CONF_VALUE_new	16	static
../Middlewares/Third_Party/wolfSSL_wolfSSL_wolfSSL/wolfssl/src/conf.c:421:5:wolfSSL_CONF_add_string	32	static
../Middlewares/Third_Party/wolfSSL_wolfSSL_wolfSSL/wolfssl/src/conf.c:446:21:wolfSSL_CONF_new_section	32	static
../Middlewares/Third_Party/wolfSSL_wolfSSL_wolfSSL/wolfssl/src/conf.c:498:21:wolfSSL_CONF_get_section	24	static
../Middlewares/Third_Party/wolfSSL_wolfSSL_wolfSSL/wolfssl/src/conf.c:525:15:wolfSSL_NCONF_new	24	static
../Middlewares/Third_Party/wolfSSL_wolfSSL_wolfSSL/wolfssl/src/conf.c:546:7:wolfSSL_NCONF_get_string	40	static
../Middlewares/Third_Party/wolfSSL_wolfSSL_wolfSSL/wolfssl/src/conf.c:586:5:wolfSSL_NCONF_get_number	32	static
../Middlewares/Third_Party/wolfSSL_wolfSSL_wolfSSL/wolfssl/src/conf.c:614:16:wolfSSL_NCONF_get_section	32	static
../Middlewares/Third_Party/wolfSSL_wolfSSL_wolfSSL/wolfssl/src/conf.c:637:28:wolfSSL_CONF_VALUE_new_values	32	static
../Middlewares/Third_Party/wolfSSL_wolfSSL_wolfSSL/wolfssl/src/conf.c:686:14:expandValue	72	static
../Middlewares/Third_Party/wolfSSL_wolfSSL_wolfSSL/wolfssl/src/conf.c:782:5:wolfSSL_NCONF_load	112	static
../Middlewares/Third_Party/wolfSSL_wolfSSL_wolfSSL/wolfssl/src/conf.c:949:6:wolfSSL_NCONF_free	24	static
../Middlewares/Third_Party/wolfSSL_wolfSSL_wolfSSL/wolfssl/src/conf.c:958:6:wolfSSL_X509V3_conf_free	48	static
../Middlewares/Third_Party/wolfSSL_wolfSSL_wolfSSL/wolfssl/src/conf.c:986:16:wolfSSL_sk_CONF_VALUE_new	24	static
../Middlewares/Third_Party/wolfSSL_wolfSSL_wolfSSL/wolfssl/src/conf.c:1004:6:wolfSSL_sk_CONF_VALUE_free	24	static
../Middlewares/Third_Party/wolfSSL_wolfSSL_wolfSSL/wolfssl/src/conf.c:1021:5:wolfSSL_sk_CONF_VALUE_num	16	static
../Middlewares/Third_Party/wolfSSL_wolfSSL_wolfSSL/wolfssl/src/conf.c:1029:21:wolfSSL_sk_CONF_VALUE_value	16	static
../Middlewares/Third_Party/wolfSSL_wolfSSL_wolfSSL/wolfssl/src/conf.c:1038:5:wolfSSL_sk_CONF_VALUE_push	16	static
../Middlewares/Third_Party/wolfSSL_wolfSSL_wolfSSL/wolfssl/src/conf.c:1056:7:wolfSSL_CONF_get1_default_config_file	4	static
../Middlewares/Third_Party/wolfSSL_wolfSSL_wolfSSL/wolfssl/src/conf.c:1068:19:wolfSSL_CONF_CTX_new	16	static
../Middlewares/Third_Party/wolfSSL_wolfSSL_wolfSSL/wolfssl/src/conf.c:1088:6:wolfSSL_CONF_CTX_free	24	static
../Middlewares/Third_Party/wolfSSL_wolfSSL_wolfSSL/wolfssl/src/conf.c:1103:6:wolfSSL_CONF_CTX_set_ssl_ctx	16	static
../Middlewares/Third_Party/wolfSSL_wolfSSL_wolfSSL/wolfssl/src/conf.c:1122:14:wolfSSL_CONF_CTX_set_flags	16	static
../Middlewares/Third_Party/wolfSSL_wolfSSL_wolfSSL/wolfssl/src/conf.c:1138:5:wolfSSL_CONF_CTX_finish	16	static
../Middlewares/Third_Party/wolfSSL_wolfSSL_wolfSSL/wolfssl/src/conf.c:1200:12:cmdfunc_cipherstring	24	static
../Middlewares/Third_Party/wolfSSL_wolfSSL_wolfSSL/wolfssl/src/conf.c:1239:12:cmdfunc_curves	24	static
../Middlewares/Third_Party/wolfSSL_wolfSSL_wolfSSL/wolfssl/src/conf.c:1477:28:wolfssl_conf_find_cmd	24	static
../Middlewares/Third_Party/wolfSSL_wolfSSL_wolfSSL/wolfssl/src/conf.c:1525:5:wolfSSL_CONF_cmd	32	static
../Middlewares/Third_Party/wolfSSL_wolfSSL_wolfSSL/wolfssl/src/conf.c:1563:5:wolfSSL_CONF_cmd_value_type	24	static
../Middlewares/Third_Party/wolfSSL_wolfSSL_wolfSSL/wolfssl/src/ssl.c:38784:12:wolfSSL_RAND_InitMutex	8	static
../Middlewares/Third_Party/wolfSSL_wolfSSL_wolfSSL/wolfssl/src/ssl.c:38803:5:wolfSSL_RAND_Init	16	static
../Middlewares/Third_Party/wolfSSL_wolfSSL_wolfSSL/wolfssl/src/ssl.c:38823:5:wolfSSL_RAND_seed	24	static
../Middlewares/Third_Party/wolfSSL_wolfSSL_wolfSSL/wolfssl/src/ssl.c:38854:13:wolfSSL_RAND_file_name	16	static
../Middlewares/Third_Party/wolfSSL_wolfSSL_wolfSSL/wolfssl/src/ssl.c:38916:5:wolfSSL_RAND_write_file	24	static
../Middlewares/Third_Party/wolfSSL_wolfSSL_wolfSSL/wolfssl/src/ssl.c:38997:5:wolfSSL_RAND_egd	16	static
../Middlewares/Third_Party/wolfSSL_wolfSSL_wolfSSL/wolfssl/src/ssl.c:39149:6:wolfSSL_RAND_Cleanup	8	static
../Middlewares/Third_Party/wolfSSL_wolfSSL_wolfSSL/wolfssl/src/ssl.c:39173:5:wolfSSL_RAND_pseudo_bytes	80	static
../Middlewares/Third_Party/wolfSSL_wolfSSL_wolfSSL/wolfssl/src/ssl.c:39223:5:wolfSSL_RAND_bytes	48	static
../Middlewares/Third_Party/wolfSSL_wolfSSL_wolfSSL/wolfssl/src/ssl.c:39316:5:wolfSSL_RAND_poll	32	static
../Middlewares/Third_Party/wolfSSL_wolfSSL_wolfSSL/wolfssl/src/ssl.c:39342:9:wolfSSL_RAND_set_rand_method	16	static
../Middlewares/Third_Party/wolfSSL_wolfSSL_wolfSSL/wolfssl/src/ssl.c:39357:9:wolfSSL_RAND_status	16	static
../Middlewares/Third_Party/wolfSSL_wolfSSL_wolfSSL/wolfssl/src/ssl.c:39375:10:wolfSSL_RAND_add	24	static
../Middlewares/Third_Party/wolfSSL_wolfSSL_wolfSSL/wolfssl/src/ssl.c:39407:10:wolfSSL_StoreExternalIV	16	static
../Middlewares/Third_Party/wolfSSL_wolfSSL_wolfSSL/wolfssl/src/ssl.c:39529:10:wolfSSL_SetInternalIV	16	static
../Middlewares/Third_Party/wolfSSL_wolfSSL_wolfSSL/wolfssl/src/ssl.c:39647:6:wolfSSL_aes_ctr_iv	24	static
../Middlewares/Third_Party/wolfSSL_wolfSSL_wolfSSL/wolfssl/src/x509_str.c:45:25:wolfSSL_X509_STORE_CTX_new	16	static
../Middlewares/Third_Party/wolfSSL_wolfSSL_wolfSSL/wolfssl/src/x509_str.c:61:5:wolfSSL_X509_STORE_CTX_init	32	static
../Middlewares/Third_Party/wolfSSL_wolfSSL_wolfSSL/wolfssl/src/x509_str.c:123:6:wolfSSL_X509_STORE_CTX_free	24	static
../Middlewares/Third_Party/wolfSSL_wolfSSL_wolfSSL/wolfssl/src/x509_str.c:141:6:wolfSSL_X509_STORE_CTX_cleanup	24	static
../Middlewares/Third_Party/wolfSSL_wolfSSL_wolfSSL/wolfssl/src/x509_str.c:155:6:wolfSSL_X509_STORE_CTX_trusted_stack	16	static
../Middlewares/Third_Party/wolfSSL_wolfSSL_wolfSSL/wolfssl/src/x509_str.c:164:5:GetX509Error	16	static
../Middlewares/Third_Party/wolfSSL_wolfSSL_wolfSSL/wolfssl/src/x509_str.c:196:5:wolfSSL_X509_verify_cert	32	static
../Middlewares/Third_Party/wolfSSL_wolfSSL_wolfSSL/wolfssl/src/x509_str.c:270:19:wolfSSL_X509_STORE_CTX_get_current_cert	16	static
../Middlewares/Third_Party/wolfSSL_wolfSSL_wolfSSL/wolfssl/src/x509_str.c:280:9:wolfSSL_X509_STORE_CTX_get_error	16	static
../Middlewares/Third_Party/wolfSSL_wolfSSL_wolfSSL/wolfssl/src/x509_str.c:289:9:wolfSSL_X509_STORE_CTX_get_error_depth	16	static
../Middlewares/Third_Party/wolfSSL_wolfSSL_wolfSSL/wolfssl/src/x509_str.c:298:7:wolfSSL_X509_STORE_CTX_get_ex_data	16	static
../Middlewares/Third_Party/wolfSSL_wolfSSL_wolfSSL/wolfssl/src/x509_str.c:314:10:wolfSSL_X509_STORE_CTX_set_verify_cb	16	static
../Middlewares/Third_Party/wolfSSL_wolfSSL_wolfSSL/wolfssl/src/x509_str.c:327:21:wolfSSL_X509_STORE_CTX_get0_store	16	static
../Middlewares/Third_Party/wolfSSL_wolfSSL_wolfSSL/wolfssl/src/x509_str.c:338:15:wolfSSL_X509_STORE_CTX_get0_cert	16	static
../Middlewares/Third_Party/wolfSSL_wolfSSL_wolfSSL/wolfssl/src/x509_str.c:346:6:wolfSSL_X509_STORE_CTX_set_time	24	static
../Middlewares/Third_Party/wolfSSL_wolfSSL_wolfSSL/wolfssl/src/x509_str.c:361:5:wolfSSL_X509_STORE_CTX_set_purpose	16	static
../Middlewares/Third_Party/wolfSSL_wolfSSL_wolfSSL/wolfssl/src/x509_str.c:370:6:wolfSSL_X509_STORE_CTX_set_flags	16	static
../Middlewares/Third_Party/wolfSSL_wolfSSL_wolfSSL/wolfssl/src/x509_str.c:386:5:wolfSSL_X509_STORE_CTX_set_ex_data	24	static
../Middlewares/Third_Party/wolfSSL_wolfSSL_wolfSSL/wolfssl/src/x509_str.c:423:6:wolfSSL_X509_STORE_CTX_set_depth	16	static
../Middlewares/Third_Party/wolfSSL_wolfSSL_wolfSSL/wolfssl/src/x509_str.c:432:15:wolfSSL_X509_STORE_CTX_get0_current_issuer	24	static
../Middlewares/Third_Party/wolfSSL_wolfSSL_wolfSSL/wolfssl/src/x509_str.c:455:6:wolfSSL_X509_STORE_CTX_set_error	16	static
../Middlewares/Third_Party/wolfSSL_wolfSSL_wolfSSL/wolfssl/src/x509_str.c:465:6:wolfSSL_X509_STORE_CTX_set_error_depth	16	static
../Middlewares/Third_Party/wolfSSL_wolfSSL_wolfSSL/wolfssl/src/x509_str.c:475:16:wolfSSL_X509_STORE_CTX_get_chain	16	static
../Middlewares/Third_Party/wolfSSL_wolfSSL_wolfSSL/wolfssl/src/x509_str.c:554:16:wolfSSL_X509_STORE_CTX_get1_chain	24	static
../Middlewares/Third_Party/wolfSSL_wolfSSL_wolfSSL/wolfssl/src/x509_str.c:573:25:wolfSSL_X509_STORE_CTX_get0_parent_ctx	16	static
../Middlewares/Third_Party/wolfSSL_wolfSSL_wolfSSL/wolfssl/src/x509_str.c:581:5:wolfSSL_X509_STORE_get_by_subject	24	static
../Middlewares/Third_Party/wolfSSL_wolfSSL_wolfSSL/wolfssl/src/x509_str.c:680:5:wolfSSL_X509_STORE_CTX_get1_issuer	32	static
../Middlewares/Third_Party/wolfSSL_wolfSSL_wolfSSL/wolfssl/src/x509_str.c:713:21:wolfSSL_X509_STORE_new	16	static
../Middlewares/Third_Party/wolfSSL_wolfSSL_wolfSSL/wolfssl/src/x509_str.c:772:6:wolfSSL_X509_STORE_free	32	static
../Middlewares/Third_Party/wolfSSL_wolfSSL_wolfSSL/wolfssl/src/x509_str.c:829:7:wolfSSL_X509_STORE_get_ex_data	16	static
../Middlewares/Third_Party/wolfSSL_wolfSSL_wolfSSL/wolfssl/src/x509_str.c:843:5:wolfSSL_X509_STORE_up_ref	16	static
../Middlewares/Third_Party/wolfSSL_wolfSSL_wolfSSL/wolfssl/src/x509_str.c:870:5:wolfSSL_X509_STORE_set_ex_data	24	static
../Middlewares/Third_Party/wolfSSL_wolfSSL_wolfSSL/wolfssl/src/x509_str.c:915:10:wolfSSL_X509_STORE_set_verify_cb	16	static
../Middlewares/Third_Party/wolfSSL_wolfSSL_wolfSSL/wolfssl/src/x509_str.c:925:22:wolfSSL_X509_STORE_add_lookup	16	static
../Middlewares/Third_Party/wolfSSL_wolfSSL_wolfSSL/wolfssl/src/x509_str.c:939:5:wolfSSL_X509_STORE_add_cert	24	static
../Middlewares/Third_Party/wolfSSL_wolfSSL_wolfSSL/wolfssl/src/x509_str.c:967:5:wolfSSL_X509_STORE_set_flags	24	static
../Middlewares/Third_Party/wolfSSL_wolfSSL_wolfSSL/wolfssl/src/x509_str.c:984:5:wolfSSL_X509_STORE_set_default_paths	16	static
../Middlewares/Third_Party/wolfSSL_wolfSSL_wolfSSL/wolfssl/src/x509_str.c:1093:5:wolfSSL_X509_CA_num	40	static
../Middlewares/Third_Party/wolfSSL_wolfSSL_wolfSSL/wolfssl/src/x509_str.c:1132:16:wolfSSL_X509_STORE_GetCerts	48	static
../Middlewares/Third_Party/wolfSSL_wolfSSL_wolfSSL/wolfssl/src/x509_str.c:1213:37:wolfSSL_X509_STORE_get0_objects	32	static
../Middlewares/Third_Party/wolfSSL_wolfSSL_wolfSSL/wolfssl/src/ssl.c:41238:6:wolfSSL_PKCS12_PBE_add	4	static
../Middlewares/Third_Party/wolfSSL_wolfSSL_wolfSSL/wolfssl/src/ssl.c:41724:5:wolfSSL_FIPS_drbg_init	32	static
../Middlewares/Third_Party/wolfSSL_wolfSSL_wolfSSL/wolfssl/src/ssl.c:41736:19:wolfSSL_FIPS_drbg_new	32	static
../Middlewares/Third_Party/wolfSSL_wolfSSL_wolfSSL/wolfssl/src/ssl.c:41752:5:wolfSSL_FIPS_drbg_instantiate	32	static
../Middlewares/Third_Party/wolfSSL_wolfSSL_wolfSSL/wolfssl/src/ssl.c:41784:5:wolfSSL_FIPS_drbg_set_callbacks	32	static
../Middlewares/Third_Party/wolfSSL_wolfSSL_wolfSSL/wolfssl/src/ssl.c:41800:6:wolfSSL_FIPS_rand_add	24	static
../Middlewares/Third_Party/wolfSSL_wolfSSL_wolfSSL/wolfssl/src/ssl.c:41807:5:wolfSSL_FIPS_drbg_reseed	32	static
../Middlewares/Third_Party/wolfSSL_wolfSSL_wolfSSL/wolfssl/src/ssl.c:41825:5:wolfSSL_FIPS_drbg_generate	32	static
../Middlewares/Third_Party/wolfSSL_wolfSSL_wolfSSL/wolfssl/src/ssl.c:41841:5:wolfSSL_FIPS_drbg_uninstantiate	16	static
../Middlewares/Third_Party/wolfSSL_wolfSSL_wolfSSL/wolfssl/src/ssl.c:41856:6:wolfSSL_FIPS_drbg_free	24	static
../Middlewares/Third_Party/wolfSSL_wolfSSL_wolfSSL/wolfssl/src/ssl.c:41868:19:wolfSSL_FIPS_get_default_drbg	8	static
../Middlewares/Third_Party/wolfSSL_wolfSSL_wolfSSL/wolfssl/src/ssl.c:41875:6:wolfSSL_FIPS_get_timevec	16	static
../Middlewares/Third_Party/wolfSSL_wolfSSL_wolfSSL/wolfssl/src/ssl.c:41881:7:wolfSSL_FIPS_drbg_get_app_data	16	static
../Middlewares/Third_Party/wolfSSL_wolfSSL_wolfSSL/wolfssl/src/ssl.c:41888:6:wolfSSL_FIPS_drbg_set_app_data	16	static
../Middlewares/Third_Party/wolfSSL_wolfSSL_wolfSSL/wolfssl/src/ssl.c:42017:20:wolfSSL_SHA256	144	static
