../LWIP/Target/ethernetif.c:690:9:ETH_PHY_IO_DeInit	0	static
../LWIP/Target/ethernetif.c:344:14:low_level_output	64	static
../LWIP/Target/ethernetif.c:733:9:ETH_PHY_IO_GetTick	0	static
../LWIP/Target/ethernetif.c:673:9:ETH_PHY_IO_Init	8	static
../LWIP/Target/ethernetif.c:702:9:ETH_PHY_IO_ReadReg	8	static
../LWIP/Target/ethernetif.c:719:9:ETH_PHY_IO_WriteReg	8	static
../LWIP/Target/ethernetif.c:528:6:pbuf_free_custom	8	static
../LWIP/Target/ethernetif.c:420:13:ethernetif_input	40	static
../LWIP/Target/ethernetif.c:142:6:HAL_ETH_RxCpltCallback	0	static
../LWIP/Target/ethernetif.c:151:6:HAL_ETH_TxCpltCallback	0	static
../LWIP/Target/ethernetif.c:160:6:HAL_ETH_ErrorCallback	8	static
../LWIP/Target/ethernetif.c:477:7:ethernetif_init	160	static
../LWIP/Target/ethernetif.c:551:7:sys_now	0	static
../LWIP/Target/ethernetif.c:564:6:HAL_ETH_MspInit	72	static
../LWIP/Target/ethernetif.c:627:6:HAL_ETH_MspDeInit	8	static
../LWIP/Target/ethernetif.c:743:6:ethernet_link_thread	136	static
../LWIP/Target/ethernetif.c:813:6:HAL_ETH_RxAllocateCallback	16	static
../LWIP/Target/ethernetif.c:835:6:HAL_ETH_RxLinkCallback	12	static
../LWIP/Target/ethernetif.c:872:6:HAL_ETH_TxFreeCallback	0	static
