../Core/Src/syscalls.c:37:6:Custom_ITM_Sender	0	static
../Core/Src/syscalls.c:54:6:initialise_monitor_handles	0	static
../Core/Src/syscalls.c:58:5:_getpid	0	static
../Core/Src/syscalls.c:63:5:_kill	8	static
../Core/Src/syscalls.c:71:6:_exit	8	static
../Core/Src/syscalls.c:77:27:_read	16	static
../Core/Src/syscalls.c:91:27:_write	16	static
../Core/Src/syscalls.c:105:5:_close	0	static
../Core/Src/syscalls.c:112:5:_fstat	0	static
../Core/Src/syscalls.c:119:5:_isatty	0	static
../Core/Src/syscalls.c:125:5:_lseek	0	static
../Core/Src/syscalls.c:133:5:_open	0	static
../Core/Src/syscalls.c:141:5:_wait	8	static
../Core/Src/syscalls.c:148:5:_unlink	8	static
../Core/Src/syscalls.c:155:5:_times	0	static
../Core/Src/syscalls.c:161:5:_stat	0	static
../Core/Src/syscalls.c:168:5:_link	8	static
../Core/Src/syscalls.c:176:5:_fork	8	static
../Core/Src/syscalls.c:182:5:_execve	8	static
