../ECUAL/LCD16x2/../../util/DWT_Delay.h:13:22:DWT_Delay_us	24	static
../ECUAL/LCD16x2/../../util/DWT_Delay.h:22:22:DWT_Delay_ms	24	static
../ECUAL/LCD16x2/LCD16x2.c:10:6:LCD_DATA	16	static
../ECUAL/LCD16x2/LCD16x2.c:29:6:LCD_CMD	16	static
../ECUAL/LCD16x2/LCD16x2.c:41:6:LCD_Clear	8	static
../ECUAL/LCD16x2/LCD16x2.c:46:6:LCD_Set_Cursor	24	static
../ECUAL/LCD16x2/LCD16x2.c:67:6:LCD_Init	48	static
../ECUAL/LCD16x2/LCD16x2.c:115:6:LCD_Write_Char	24	static
../ECUAL/LCD16x2/LCD16x2.c:135:6:LCD_Write_String	24	static
../ECUAL/LCD16x2/LCD16x2.c:141:6:LCD_SL	8	static
../ECUAL/LCD16x2/LCD16x2.c:147:6:LCD_SR	8	static
