stm32f4xx_hal_hash_ex.c:150:19:HAL_HASHEx_SHA224_Start	32	static
stm32f4xx_hal_hash_ex.c:175:19:HAL_HASHEx_SHA224_Accmlt	24	static
stm32f4xx_hal_hash_ex.c:190:19:HAL_HASHEx_SHA224_Accmlt_End	32	static
stm32f4xx_hal_hash_ex.c:206:19:HAL_HASHEx_SHA256_Start	32	static
stm32f4xx_hal_hash_ex.c:231:19:HAL_HASHEx_SHA256_Accmlt	24	static
stm32f4xx_hal_hash_ex.c:246:19:HAL_HASHEx_SHA256_Accmlt_End	32	static
stm32f4xx_hal_hash_ex.c:288:19:HAL_HASHEx_SHA224_Start_IT	32	static
stm32f4xx_hal_hash_ex.c:311:19:HAL_HASHEx_SHA224_Accmlt_IT	24	static
stm32f4xx_hal_hash_ex.c:325:19:HAL_HASHEx_SHA224_Accmlt_End_IT	32	static
stm32f4xx_hal_hash_ex.c:340:19:HAL_HASHEx_SHA256_Start_IT	32	static
stm32f4xx_hal_hash_ex.c:363:19:HAL_HASHEx_SHA256_Accmlt_IT	24	static
stm32f4xx_hal_hash_ex.c:377:19:HAL_HASHEx_SHA256_Accmlt_End_IT	32	static
stm32f4xx_hal_hash_ex.c:428:19:HAL_HASHEx_SHA224_Start_DMA	24	static
stm32f4xx_hal_hash_ex.c:443:19:HAL_HASHEx_SHA224_Finish	24	static
stm32f4xx_hal_hash_ex.c:458:19:HAL_HASHEx_SHA256_Start_DMA	24	static
stm32f4xx_hal_hash_ex.c:473:19:HAL_HASHEx_SHA256_Finish	24	static
stm32f4xx_hal_hash_ex.c:515:19:HAL_HMACEx_SHA224_Start	32	static
stm32f4xx_hal_hash_ex.c:533:19:HAL_HMACEx_SHA256_Start	32	static
stm32f4xx_hal_hash_ex.c:575:19:HAL_HMACEx_SHA224_Start_IT	32	static
stm32f4xx_hal_hash_ex.c:592:19:HAL_HMACEx_SHA256_Start_IT	32	static
stm32f4xx_hal_hash_ex.c:649:19:HAL_HMACEx_SHA224_Start_DMA	24	static
stm32f4xx_hal_hash_ex.c:673:19:HAL_HMACEx_SHA256_Start_DMA	24	static
stm32f4xx_hal_hash_ex.c:749:19:HAL_HMACEx_MD5_Step1_2_DMA	24	static
stm32f4xx_hal_hash_ex.c:770:19:HAL_HMACEx_MD5_Step2_DMA	24	static
stm32f4xx_hal_hash_ex.c:796:19:HAL_HMACEx_MD5_Step2_3_DMA	24	static
stm32f4xx_hal_hash_ex.c:819:19:HAL_HMACEx_SHA1_Step1_2_DMA	24	static
stm32f4xx_hal_hash_ex.c:840:19:HAL_HMACEx_SHA1_Step2_DMA	24	static
stm32f4xx_hal_hash_ex.c:866:19:HAL_HMACEx_SHA1_Step2_3_DMA	24	static
stm32f4xx_hal_hash_ex.c:888:19:HAL_HMACEx_SHA224_Step1_2_DMA	24	static
stm32f4xx_hal_hash_ex.c:909:19:HAL_HMACEx_SHA224_Step2_DMA	24	static
stm32f4xx_hal_hash_ex.c:935:19:HAL_HMACEx_SHA224_Step2_3_DMA	24	static
stm32f4xx_hal_hash_ex.c:957:19:HAL_HMACEx_SHA256_Step1_2_DMA	24	static
stm32f4xx_hal_hash_ex.c:978:19:HAL_HMACEx_SHA256_Step2_DMA	24	static
stm32f4xx_hal_hash_ex.c:1004:19:HAL_HMACEx_SHA256_Step2_3_DMA	24	static
