stm32f4xx_hal_hash.c:324:19:HAL_HASH_Init	16	static
stm32f4xx_hal_hash.c:403:19:HAL_HASH_DeInit	16	static
stm32f4xx_hal_hash.c:459:13:HAL_HASH_MspInit	16	static
stm32f4xx_hal_hash.c:474:13:HAL_HASH_MspDeInit	16	static
stm32f4xx_hal_hash.c:495:13:HAL_HASH_InCpltCallback	16	static
stm32f4xx_hal_hash.c:512:13:HAL_HASH_DgstCpltCallback	16	static
stm32f4xx_hal_hash.c:529:13:HAL_HASH_ErrorCallback	16	static
stm32f4xx_hal_hash.c:762:19:HAL_HASH_MD5_Start	32	static
stm32f4xx_hal_hash.c:787:19:HAL_HASH_MD5_Accmlt	24	static
stm32f4xx_hal_hash.c:802:19:HAL_HASH_MD5_Accmlt_End	32	static
stm32f4xx_hal_hash.c:818:19:HAL_HASH_SHA1_Start	32	static
stm32f4xx_hal_hash.c:843:19:HAL_HASH_SHA1_Accmlt	24	static
stm32f4xx_hal_hash.c:858:19:HAL_HASH_SHA1_Accmlt_End	32	static
stm32f4xx_hal_hash.c:905:19:HAL_HASH_MD5_Start_IT	32	static
stm32f4xx_hal_hash.c:928:19:HAL_HASH_MD5_Accmlt_IT	24	static
stm32f4xx_hal_hash.c:942:19:HAL_HASH_MD5_Accmlt_End_IT	32	static
stm32f4xx_hal_hash.c:957:19:HAL_HASH_SHA1_Start_IT	32	static
stm32f4xx_hal_hash.c:981:19:HAL_HASH_SHA1_Accmlt_IT	24	static
stm32f4xx_hal_hash.c:995:19:HAL_HASH_SHA1_Accmlt_End_IT	32	static
stm32f4xx_hal_hash.c:1009:6:HAL_HASH_IRQHandler	16	static
stm32f4xx_hal_hash.c:1067:19:HAL_HASH_MD5_Start_DMA	24	static
stm32f4xx_hal_hash.c:1082:19:HAL_HASH_MD5_Finish	24	static
stm32f4xx_hal_hash.c:1097:19:HAL_HASH_SHA1_Start_DMA	24	static
stm32f4xx_hal_hash.c:1113:19:HAL_HASH_SHA1_Finish	24	static
stm32f4xx_hal_hash.c:1154:19:HAL_HMAC_MD5_Start	32	static
stm32f4xx_hal_hash.c:1172:19:HAL_HMAC_SHA1_Start	32	static
stm32f4xx_hal_hash.c:1213:19:HAL_HMAC_MD5_Start_IT	32	static
stm32f4xx_hal_hash.c:1230:19:HAL_HMAC_SHA1_Start_IT	32	static
stm32f4xx_hal_hash.c:1283:19:HAL_HMAC_MD5_Start_DMA	24	static
stm32f4xx_hal_hash.c:1308:19:HAL_HMAC_SHA1_Start_DMA	24	static
stm32f4xx_hal_hash.c:1355:23:HAL_HASH_GetState	16	static
stm32f4xx_hal_hash.c:1368:19:HAL_HASH_GetStatus	16	static
stm32f4xx_hal_hash.c:1386:6:HAL_HASH_ContextSaving	32	static
stm32f4xx_hal_hash.c:1430:6:HAL_HASH_ContextRestoring	32	static
stm32f4xx_hal_hash.c:1473:6:HAL_HASH_SwFeed_ProcessSuspend	16	static
stm32f4xx_hal_hash.c:1488:19:HAL_HASH_DMAFeed_ProcessSuspend	32	static
stm32f4xx_hal_hash.c:1606:10:HAL_HASH_GetError	16	static
stm32f4xx_hal_hash.c:1631:13:HASH_DMAXferCplt	32	static
stm32f4xx_hal_hash.c:1773:13:HASH_DMAError	24	static
stm32f4xx_hal_hash.c:1807:26:HASH_WriteData	32	static
stm32f4xx_hal_hash.c:1871:13:HASH_GetDigest	120	static
stm32f4xx_hal_hash.c:1949:26:HASH_WaitOnFlagUntilTimeout	32	static
stm32f4xx_hal_hash.c:2011:26:HASH_IT	16	static
stm32f4xx_hal_hash.c:2150:17:HASH_Write_Block_Data	32	static
stm32f4xx_hal_hash.c:2255:26:HMAC_Processing	16	static
stm32f4xx_hal_hash.c:2422:19:HASH_Start	40	static
stm32f4xx_hal_hash.c:2558:19:HASH_Accumulate	40	static
stm32f4xx_hal_hash.c:2661:19:HASH_Accumulate_IT	40	static
stm32f4xx_hal_hash.c:2783:19:HASH_Start_IT	48	static
stm32f4xx_hal_hash.c:2939:19:HASH_Start_DMA	40	static
stm32f4xx_hal_hash.c:3053:19:HASH_Finish	24	static
stm32f4xx_hal_hash.c:3114:19:HMAC_Start	32	static
stm32f4xx_hal_hash.c:3184:19:HMAC_Start_IT	32	static
stm32f4xx_hal_hash.c:3291:19:HMAC_Start_DMA	40	static
