../Drivers/STM32F4xx_HAL_Driver/Src/stm32f4xx_hal_eth.c:1325:13:HAL_ETH_RxLinkCallback	0	static
../Drivers/STM32F4xx_HAL_Driver/Src/stm32f4xx_hal_eth.c:3037:17:ETH_Prepare_Tx_Descriptors	24	static,ignoring_inline_asm
../Drivers/STM32F4xx_HAL_Driver/Src/stm32f4xx_hal_eth.c:2734:13:ETH_SetMACConfig	32	static
../Drivers/STM32F4xx_HAL_Driver/Src/stm32f4xx_hal_eth.c:2791:13:ETH_SetDMAConfig	24	static
../Drivers/STM32F4xx_HAL_Driver/Src/stm32f4xx_hal_eth.c:2720:13:ETH_FlushTransmitFIFO	16	static
../Drivers/STM32F4xx_HAL_Driver/Src/stm32f4xx_hal_eth.c:1308:13:HAL_ETH_RxAllocateCallback	0	static
../Drivers/STM32F4xx_HAL_Driver/Src/stm32f4xx_hal_eth.c:1194:13:ETH_UpdateDescriptor	40	static,ignoring_inline_asm
../Drivers/STM32F4xx_HAL_Driver/Src/stm32f4xx_hal_eth.c:1427:13:HAL_ETH_TxFreeCallback	0	static
../Drivers/STM32F4xx_HAL_Driver/Src/stm32f4xx_hal_eth.c:454:13:HAL_ETH_MspInit	0	static
../Drivers/STM32F4xx_HAL_Driver/Src/stm32f4xx_hal_eth.c:335:19:HAL_ETH_Init	176	static
../Drivers/STM32F4xx_HAL_Driver/Src/stm32f4xx_hal_eth.c:469:13:HAL_ETH_MspDeInit	0	static
../Drivers/STM32F4xx_HAL_Driver/Src/stm32f4xx_hal_eth.c:421:19:HAL_ETH_DeInit	8	static
../Drivers/STM32F4xx_HAL_Driver/Src/stm32f4xx_hal_eth.c:697:19:HAL_ETH_Start	16	static
../Drivers/STM32F4xx_HAL_Driver/Src/stm32f4xx_hal_eth.c:754:19:HAL_ETH_Start_IT	24	static
../Drivers/STM32F4xx_HAL_Driver/Src/stm32f4xx_hal_eth.c:831:19:HAL_ETH_Stop	16	static
../Drivers/STM32F4xx_HAL_Driver/Src/stm32f4xx_hal_eth.c:883:19:HAL_ETH_Stop_IT	16	static
../Drivers/STM32F4xx_HAL_Driver/Src/stm32f4xx_hal_eth.c:952:19:HAL_ETH_Transmit	24	static,ignoring_inline_asm
../Drivers/STM32F4xx_HAL_Driver/Src/stm32f4xx_hal_eth.c:1027:19:HAL_ETH_Transmit_IT	8	static,ignoring_inline_asm
../Drivers/STM32F4xx_HAL_Driver/Src/stm32f4xx_hal_eth.c:1079:19:HAL_ETH_ReadData	56	static
../Drivers/STM32F4xx_HAL_Driver/Src/stm32f4xx_hal_eth.c:1274:19:HAL_ETH_RegisterRxAllocateCallback	0	static
../Drivers/STM32F4xx_HAL_Driver/Src/stm32f4xx_hal_eth.c:1295:19:HAL_ETH_UnRegisterRxAllocateCallback	0	static
../Drivers/STM32F4xx_HAL_Driver/Src/stm32f4xx_hal_eth.c:1344:19:HAL_ETH_RegisterRxLinkCallback	0	static
../Drivers/STM32F4xx_HAL_Driver/Src/stm32f4xx_hal_eth.c:1364:19:HAL_ETH_UnRegisterRxLinkCallback	0	static
../Drivers/STM32F4xx_HAL_Driver/Src/stm32f4xx_hal_eth.c:1379:19:HAL_ETH_GetRxDataErrorCode	0	static
../Drivers/STM32F4xx_HAL_Driver/Src/stm32f4xx_hal_eth.c:1394:19:HAL_ETH_RegisterTxFreeCallback	0	static
../Drivers/STM32F4xx_HAL_Driver/Src/stm32f4xx_hal_eth.c:1414:19:HAL_ETH_UnRegisterTxFreeCallback	0	static
../Drivers/STM32F4xx_HAL_Driver/Src/stm32f4xx_hal_eth.c:1442:19:HAL_ETH_ReleaseTxPacket	32	static
../Drivers/STM32F4xx_HAL_Driver/Src/stm32f4xx_hal_eth.c:1988:13:HAL_ETH_TxCpltCallback	0	static
../Drivers/STM32F4xx_HAL_Driver/Src/stm32f4xx_hal_eth.c:2003:13:HAL_ETH_RxCpltCallback	0	static
../Drivers/STM32F4xx_HAL_Driver/Src/stm32f4xx_hal_eth.c:2018:13:HAL_ETH_ErrorCallback	0	static
../Drivers/STM32F4xx_HAL_Driver/Src/stm32f4xx_hal_eth.c:2033:13:HAL_ETH_PMTCallback	0	static
../Drivers/STM32F4xx_HAL_Driver/Src/stm32f4xx_hal_eth.c:2049:13:HAL_ETH_WakeUpCallback	0	static
../Drivers/STM32F4xx_HAL_Driver/Src/stm32f4xx_hal_eth.c:1869:6:HAL_ETH_IRQHandler	8	static
../Drivers/STM32F4xx_HAL_Driver/Src/stm32f4xx_hal_eth.c:2067:19:HAL_ETH_ReadPHYRegister	24	static
../Drivers/STM32F4xx_HAL_Driver/Src/stm32f4xx_hal_eth.c:2119:19:HAL_ETH_WritePHYRegister	16	static
../Drivers/STM32F4xx_HAL_Driver/Src/stm32f4xx_hal_eth.c:2187:19:HAL_ETH_GetMACConfig	0	static
../Drivers/STM32F4xx_HAL_Driver/Src/stm32f4xx_hal_eth.c:2230:19:HAL_ETH_GetDMAConfig	0	static
../Drivers/STM32F4xx_HAL_Driver/Src/stm32f4xx_hal_eth.c:2268:19:HAL_ETH_SetMACConfig	8	static
../Drivers/STM32F4xx_HAL_Driver/Src/stm32f4xx_hal_eth.c:2295:19:HAL_ETH_SetDMAConfig	8	static
../Drivers/STM32F4xx_HAL_Driver/Src/stm32f4xx_hal_eth.c:2320:6:HAL_ETH_SetMDIOClockRange	16	static
../Drivers/STM32F4xx_HAL_Driver/Src/stm32f4xx_hal_eth.c:2372:19:HAL_ETH_SetMACFilterConfig	24	static
../Drivers/STM32F4xx_HAL_Driver/Src/stm32f4xx_hal_eth.c:2413:19:HAL_ETH_GetMACFilterConfig	0	static
../Drivers/STM32F4xx_HAL_Driver/Src/stm32f4xx_hal_eth.c:2450:19:HAL_ETH_SetSourceMACAddrMatch	8	static
../Drivers/STM32F4xx_HAL_Driver/Src/stm32f4xx_hal_eth.c:2485:19:HAL_ETH_SetHashTable	16	static
../Drivers/STM32F4xx_HAL_Driver/Src/stm32f4xx_hal_eth.c:2521:6:HAL_ETH_SetRxVLANIdentifier	16	static
../Drivers/STM32F4xx_HAL_Driver/Src/stm32f4xx_hal_eth.c:2549:6:HAL_ETH_EnterPowerDownMode	8	static
../Drivers/STM32F4xx_HAL_Driver/Src/stm32f4xx_hal_eth.c:2567:6:HAL_ETH_ExitPowerDownMode	16	static
../Drivers/STM32F4xx_HAL_Driver/Src/stm32f4xx_hal_eth.c:2604:19:HAL_ETH_SetWakeUpFilter	0	static
../Drivers/STM32F4xx_HAL_Driver/Src/stm32f4xx_hal_eth.c:2653:22:HAL_ETH_GetState	0	static
../Drivers/STM32F4xx_HAL_Driver/Src/stm32f4xx_hal_eth.c:2664:10:HAL_ETH_GetError	0	static
../Drivers/STM32F4xx_HAL_Driver/Src/stm32f4xx_hal_eth.c:2675:10:HAL_ETH_GetDMAError	0	static
../Drivers/STM32F4xx_HAL_Driver/Src/stm32f4xx_hal_eth.c:2686:10:HAL_ETH_GetMACError	0	static
../Drivers/STM32F4xx_HAL_Driver/Src/stm32f4xx_hal_eth.c:2697:10:HAL_ETH_GetMACWakeUpSource	0	static
