../Middlewares/Third_Party/wolfSSL_wolfSSL_wolfSSL/wolfssl/wolfcrypt/src/logging.c:852:12:peekErrorNode	12	static
../Middlewares/Third_Party/wolfSSL_wolfSSL_wolfSSL/wolfssl/wolfcrypt/src/logging.c:1053:12:getErrorNodeCurrentIdx	0	static
../Middlewares/Third_Party/wolfSSL_wolfSSL_wolfSSL/wolfssl/wolfcrypt/src/logging.c:1071:13:removeErrorNode	16	static
../Middlewares/Third_Party/wolfSSL_wolfSSL_wolfSSL/wolfssl/wolfcrypt/src/logging.c:1123:13:clearErrorNodes	16	static
../Middlewares/Third_Party/wolfSSL_wolfSSL_wolfSSL/wolfssl/wolfcrypt/src/logging.c:146:5:wolfSSL_SetLoggingCb	0	static
../Middlewares/Third_Party/wolfSSL_wolfSSL_wolfSSL/wolfssl/wolfcrypt/src/logging.c:158:20:wolfSSL_GetLoggingCb	0	static
../Middlewares/Third_Party/wolfSSL_wolfSSL_wolfSSL/wolfssl/wolfcrypt/src/logging.c:168:5:wolfSSL_Debugging_ON	0	static
../Middlewares/Third_Party/wolfSSL_wolfSSL_wolfSSL/wolfssl/wolfcrypt/src/logging.c:182:6:wolfSSL_Debugging_OFF	0	static
../Middlewares/Third_Party/wolfSSL_wolfSSL_wolfSSL/wolfssl/wolfcrypt/src/logging.c:825:5:wc_LoggingInit	8	static
../Middlewares/Third_Party/wolfSSL_wolfSSL_wolfSSL/wolfssl/wolfcrypt/src/logging.c:903:5:wc_PeekErrorNode	24	static
../Middlewares/Third_Party/wolfSSL_wolfSSL_wolfSSL/wolfssl/wolfcrypt/src/logging.c:953:5:wc_PullErrorNode	16	static
../Middlewares/Third_Party/wolfSSL_wolfSSL_wolfSSL/wolfssl/wolfcrypt/src/logging.c:971:5:wc_AddErrorNode	32	static
../Middlewares/Third_Party/wolfSSL_wolfSSL_wolfSSL/wolfssl/wolfcrypt/src/logging.c:1111:6:wc_RemoveErrorNode	8	static
../Middlewares/Third_Party/wolfSSL_wolfSSL_wolfSSL/wolfssl/wolfcrypt/src/logging.c:1145:6:wc_ClearErrorNodes	8	static
../Middlewares/Third_Party/wolfSSL_wolfSSL_wolfSSL/wolfssl/wolfcrypt/src/logging.c:840:5:wc_LoggingCleanup	8	static
../Middlewares/Third_Party/wolfSSL_wolfSSL_wolfSSL/wolfssl/wolfcrypt/src/logging.c:1157:5:wc_SetLoggingHeap	16	static
../Middlewares/Third_Party/wolfSSL_wolfSSL_wolfSSL/wolfssl/wolfcrypt/src/logging.c:1172:5:wc_ERR_remove_state	16	static
../Middlewares/Third_Party/wolfSSL_wolfSSL_wolfSSL/wolfssl/wolfcrypt/src/logging.c:1199:15:wc_PeekErrorNodeLineData	24	static
../Middlewares/Third_Party/wolfSSL_wolfSSL_wolfSSL/wolfssl/wolfcrypt/src/logging.c:1243:15:wc_GetErrorNodeErr	8	static
../Middlewares/Third_Party/wolfSSL_wolfSSL_wolfSSL/wolfssl/wolfcrypt/src/logging.c:1468:6:WOLFSSL_ERROR_LINE	104	static
../Middlewares/Third_Party/wolfSSL_wolfSSL_wolfSSL/wolfssl/wolfcrypt/src/logging.c:1528:6:WOLFSSL_ERROR_MSG	0	static
