../Middlewares/Third_Party/wolfSSL_wolfSSL_wolfSSL/wolfssl/wolfcrypt/src/misc.c:545:26:ctMaskNotEq	0	static
../Middlewares/Third_Party/wolfSSL_wolfSSL_wolfSSL/wolfssl/wolfcrypt/src/rsa.c:245:13:wc_RsaCleanup	8	static
../Middlewares/Third_Party/wolfSSL_wolfSSL_wolfSSL/wolfssl/wolfcrypt/src/rsa.c:4295:12:RsaGetValue	24	static
../Middlewares/Third_Party/wolfSSL_wolfSSL_wolfSSL/wolfssl/wolfcrypt/src/rsa.c:929:12:RsaMGF1.constprop	112	static
../Middlewares/Third_Party/wolfSSL_wolfSSL_wolfSSL/wolfssl/wolfcrypt/src/rsa.c:268:5:wc_InitRsaKey_ex	24	static
../Middlewares/Third_Party/wolfSSL_wolfSSL_wolfSSL/wolfssl/wolfcrypt/src/rsa.c:353:5:wc_InitRsaKey	0	static
../Middlewares/Third_Party/wolfSSL_wolfSSL_wolfSSL/wolfssl/wolfcrypt/src/rsa.c:616:5:wc_FreeRsaKey	32	static
../Middlewares/Third_Party/wolfSSL_wolfSSL_wolfSSL/wolfssl/wolfcrypt/src/rsa.c:1537:5:wc_RsaPad_ex	104	static
../Middlewares/Third_Party/wolfSSL_wolfSSL_wolfSSL/wolfssl/wolfcrypt/src/rsa.c:1941:5:wc_RsaUnPad_ex	96	static
../Middlewares/Third_Party/wolfSSL_wolfSSL_wolfSSL/wolfssl/wolfcrypt/src/rsa.c:2007:5:wc_hash2mgf	0	static
../Middlewares/Third_Party/wolfSSL_wolfSSL_wolfSSL/wolfssl/wolfcrypt/src/rsa.c:3984:5:wc_RsaPSS_CheckPadding_ex2	112	static
../Middlewares/Third_Party/wolfSSL_wolfSSL_wolfSSL/wolfssl/wolfcrypt/src/rsa.c:4073:5:wc_RsaPSS_CheckPadding_ex	24	static
../Middlewares/Third_Party/wolfSSL_wolfSSL_wolfSSL/wolfssl/wolfcrypt/src/rsa.c:3959:5:wc_RsaPSS_CheckPadding	24	static
../Middlewares/Third_Party/wolfSSL_wolfSSL_wolfSSL/wolfssl/wolfcrypt/src/rsa.c:4241:5:wc_RsaEncryptSize	0	static
../Middlewares/Third_Party/wolfSSL_wolfSSL_wolfSSL/wolfssl/wolfcrypt/src/rsa.c:3119:12:wc_RsaFunction_ex	64	static
../Middlewares/Third_Party/wolfSSL_wolfSSL_wolfSSL/wolfssl/wolfcrypt/src/rsa.c:3245:5:wc_RsaFunction	24	static
../Middlewares/Third_Party/wolfSSL_wolfSSL_wolfSSL/wolfssl/wolfcrypt/src/rsa.c:3430:12:RsaPrivateDecryptEx	88	static
../Middlewares/Third_Party/wolfSSL_wolfSSL_wolfSSL/wolfssl/wolfcrypt/src/rsa.c:3684:5:wc_RsaPrivateDecryptInline	56	static
../Middlewares/Third_Party/wolfSSL_wolfSSL_wolfSSL/wolfssl/wolfcrypt/src/rsa.c:3703:5:wc_RsaPrivateDecryptInline_ex	56	static
../Middlewares/Third_Party/wolfSSL_wolfSSL_wolfSSL/wolfssl/wolfcrypt/src/rsa.c:3724:5:wc_RsaPrivateDecrypt	64	static
../Middlewares/Third_Party/wolfSSL_wolfSSL_wolfSSL/wolfssl/wolfcrypt/src/rsa.c:3743:5:wc_RsaPrivateDecrypt_ex	64	static
../Middlewares/Third_Party/wolfSSL_wolfSSL_wolfSSL/wolfssl/wolfcrypt/src/rsa.c:3766:5:wc_RsaSSL_VerifyInline	56	static
../Middlewares/Third_Party/wolfSSL_wolfSSL_wolfSSL/wolfssl/wolfcrypt/src/rsa.c:3802:6:wc_RsaSSL_Verify_ex2	72	static
../Middlewares/Third_Party/wolfSSL_wolfSSL_wolfSSL/wolfssl/wolfcrypt/src/rsa.c:3791:6:wc_RsaSSL_Verify_ex	24	static
../Middlewares/Third_Party/wolfSSL_wolfSSL_wolfSSL/wolfssl/wolfcrypt/src/rsa.c:3785:5:wc_RsaSSL_Verify	16	static
../Middlewares/Third_Party/wolfSSL_wolfSSL_wolfSSL/wolfssl/wolfcrypt/src/rsa.c:3872:5:wc_RsaPSS_VerifyInline_ex	64	static
../Middlewares/Third_Party/wolfSSL_wolfSSL_wolfSSL/wolfssl/wolfcrypt/src/rsa.c:3846:5:wc_RsaPSS_VerifyInline	24	static
../Middlewares/Third_Party/wolfSSL_wolfSSL_wolfSSL/wolfssl/wolfcrypt/src/rsa.c:4096:5:wc_RsaPSS_VerifyCheckInline	48	static
../Middlewares/Third_Party/wolfSSL_wolfSSL_wolfSSL/wolfssl/wolfcrypt/src/rsa.c:3927:5:wc_RsaPSS_Verify_ex	64	static
../Middlewares/Third_Party/wolfSSL_wolfSSL_wolfSSL/wolfssl/wolfcrypt/src/rsa.c:3902:5:wc_RsaPSS_Verify	24	static
../Middlewares/Third_Party/wolfSSL_wolfSSL_wolfSSL/wolfssl/wolfcrypt/src/rsa.c:4141:5:wc_RsaPSS_VerifyCheck	56	static
../Middlewares/Third_Party/wolfSSL_wolfSSL_wolfSSL/wolfssl/wolfcrypt/src/rsa.c:3272:12:RsaPublicEncryptEx	80	static
../Middlewares/Third_Party/wolfSSL_wolfSSL_wolfSSL/wolfssl/wolfcrypt/src/rsa.c:3653:5:wc_RsaPublicEncrypt	56	static
../Middlewares/Third_Party/wolfSSL_wolfSSL_wolfSSL/wolfssl/wolfcrypt/src/rsa.c:3667:5:wc_RsaPublicEncrypt_ex	56	static
../Middlewares/Third_Party/wolfSSL_wolfSSL_wolfSSL/wolfssl/wolfcrypt/src/rsa.c:4176:5:wc_RsaSSL_Sign	48	static
../Middlewares/Third_Party/wolfSSL_wolfSSL_wolfSSL/wolfssl/wolfcrypt/src/rsa.c:4226:5:wc_RsaPSS_Sign_ex	56	static
../Middlewares/Third_Party/wolfSSL_wolfSSL_wolfSSL/wolfssl/wolfcrypt/src/rsa.c:4203:5:wc_RsaPSS_Sign	32	static
../Middlewares/Third_Party/wolfSSL_wolfSSL_wolfSSL/wolfssl/wolfcrypt/src/rsa.c:4262:5:wc_RsaFlattenPublicKey	32	static
../Middlewares/Third_Party/wolfSSL_wolfSSL_wolfSSL/wolfssl/wolfcrypt/src/rsa.c:4316:5:wc_RsaExportKey	48	static
../Middlewares/Third_Party/wolfSSL_wolfSSL_wolfSSL/wolfssl/wolfcrypt/src/rsa.c:5095:5:wc_RsaSetRNG	0	static
