../Middlewares/Third_Party/wolfSSL_wolfSSL_wolfSSL/wolfssl/wolfcrypt/src/misc.c:187:26:ByteReverseWords	8	static
../Middlewares/Third_Party/wolfSSL_wolfSSL_wolfSSL/wolfssl/wolfcrypt/src/sha256.c:905:16:Transform_Sha256	80	static
../Middlewares/Third_Party/wolfSSL_wolfSSL_wolfSSL/wolfssl/wolfcrypt/src/sha256.c:819:9:wc_InitSha256_ex	0	static
../Middlewares/Third_Party/wolfSSL_wolfSSL_wolfSSL/wolfssl/wolfcrypt/src/sha256.c:1205:9:wc_Sha256Update	24	static
../Middlewares/Third_Party/wolfSSL_wolfSSL_wolfSSL/wolfssl/wolfcrypt/src/sha256.c:1343:9:wc_Sha256FinalRaw	48	static
../Middlewares/Third_Party/wolfSSL_wolfSSL_wolfSSL/wolfssl/wolfcrypt/src/sha256.c:1364:9:wc_Sha256Final	24	static
../Middlewares/Third_Party/wolfSSL_wolfSSL_wolfSSL/wolfssl/wolfcrypt/src/sha256.c:1409:9:wc_Sha256Transform	0	static
../Middlewares/Third_Party/wolfSSL_wolfSSL_wolfSSL/wolfssl/wolfcrypt/src/sha256.c:1682:5:wc_InitSha256	0	static
../Middlewares/Third_Party/wolfSSL_wolfSSL_wolfSSL/wolfssl/wolfcrypt/src/sha256.c:1695:6:wc_Sha256Free	0	static
../Middlewares/Third_Party/wolfSSL_wolfSSL_wolfSSL/wolfssl/wolfcrypt/src/sha256.c:1977:5:wc_Sha256Copy	8	static
../Middlewares/Third_Party/wolfSSL_wolfSSL_wolfSSL/wolfssl/wolfcrypt/src/sha256.c:1924:5:wc_Sha256GetHash	16	static
