../Middlewares/Third_Party/wolfSSL_wolfSSL_wolfSSL/wolfssl/wolfcrypt/src/tfm.c:84:8:CheckRunTimeSettings	0	static
../Middlewares/Third_Party/wolfSSL_wolfSSL_wolfSSL/wolfssl/wolfcrypt/src/tfm.c:90:8:CheckRunTimeFastMath	0	static
../Middlewares/Third_Party/wolfSSL_wolfSSL_wolfSSL/wolfssl/wolfcrypt/src/tfm.c:132:5:s_fp_add	24	static
../Middlewares/Third_Party/wolfSSL_wolfSSL_wolfSSL/wolfssl/wolfcrypt/src/tfm.c:202:6:s_fp_sub	32	static
../Middlewares/Third_Party/wolfSSL_wolfSSL_wolfSSL/wolfssl/wolfcrypt/src/tfm.c:360:5:fp_mul_2	24	static
../Middlewares/Third_Party/wolfSSL_wolfSSL_wolfSSL/wolfssl/wolfcrypt/src/tfm.c:419:5:fp_mul_d	28	static
../Middlewares/Third_Party/wolfSSL_wolfSSL_wolfSSL/wolfssl/wolfcrypt/src/tfm.c:843:6:fp_div_2	24	static
../Middlewares/Third_Party/wolfSSL_wolfSSL_wolfSSL/wolfssl/wolfcrypt/src/tfm.c:882:5:fp_div_2_mod_ct	32	static
../Middlewares/Third_Party/wolfSSL_wolfSSL_wolfSSL/wolfssl/wolfcrypt/src/tfm.c:1609:5:fp_submod_ct	28	static
../Middlewares/Third_Party/wolfSSL_wolfSSL_wolfSSL/wolfssl/wolfcrypt/src/tfm.c:1654:5:fp_addmod_ct	48	static
../Middlewares/Third_Party/wolfSSL_wolfSSL_wolfSSL/wolfssl/wolfcrypt/src/tfm.c:3303:5:fp_cmp_d	0	static
../Middlewares/Third_Party/wolfSSL_wolfSSL_wolfSSL/wolfssl/wolfcrypt/src/tfm.c:3330:5:fp_cmp_mag	8	static
../Middlewares/Third_Party/wolfSSL_wolfSSL_wolfSSL/wolfssl/wolfcrypt/src/tfm.c:99:5:fp_add	24	static
../Middlewares/Third_Party/wolfSSL_wolfSSL_wolfSSL/wolfssl/wolfcrypt/src/tfm.c:165:5:fp_sub	24	static
../Middlewares/Third_Party/wolfSSL_wolfSSL_wolfSSL/wolfssl/wolfcrypt/src/tfm.c:3285:5:fp_cmp	0	static
../Middlewares/Third_Party/wolfSSL_wolfSSL_wolfSSL/wolfssl/wolfcrypt/src/tfm.c:3352:5:fp_montgomery_setup	0	static
../Middlewares/Third_Party/wolfSSL_wolfSSL_wolfSSL/wolfssl/wolfcrypt/src/tfm.c:3543:5:fp_montgomery_reduce_ex	56	static
../Middlewares/Third_Party/wolfSSL_wolfSSL_wolfSSL/wolfssl/wolfcrypt/src/tfm.c:3659:5:fp_montgomery_reduce	0	static
../Middlewares/Third_Party/wolfSSL_wolfSSL_wolfSSL/wolfssl/wolfcrypt/src/tfm.c:3767:5:fp_to_unsigned_bin_at_pos	20	static
../Middlewares/Third_Party/wolfSSL_wolfSSL_wolfSSL/wolfssl/wolfcrypt/src/tfm.c:3821:5:fp_to_unsigned_bin_len	16	static
../Middlewares/Third_Party/wolfSSL_wolfSSL_wolfSSL/wolfssl/wolfcrypt/src/tfm.c:3927:5:fp_is_bit_set	0	static
../Middlewares/Third_Party/wolfSSL_wolfSSL_wolfSSL/wolfssl/wolfcrypt/src/tfm.c:3943:5:fp_set_bit	8	static
../Middlewares/Third_Party/wolfSSL_wolfSSL_wolfSSL/wolfssl/wolfcrypt/src/tfm.c:3962:5:fp_count_bits	0	static
../Middlewares/Third_Party/wolfSSL_wolfSSL_wolfSSL/wolfssl/wolfcrypt/src/tfm.c:3868:5:fp_unsigned_bin_size	8	static
../Middlewares/Third_Party/wolfSSL_wolfSSL_wolfSSL/wolfssl/wolfcrypt/src/tfm.c:3985:5:fp_leading_bit	0	static
../Middlewares/Third_Party/wolfSSL_wolfSSL_wolfSSL/wolfssl/wolfcrypt/src/tfm.c:4004:5:fp_lshd	24	static
../Middlewares/Third_Party/wolfSSL_wolfSSL_wolfSSL/wolfssl/wolfcrypt/src/tfm.c:4167:6:fp_zero	0	static
../Middlewares/Third_Party/wolfSSL_wolfSSL_wolfSSL/wolfssl/wolfcrypt/src/tfm.c:3044:6:fp_2expt	16	static
../Middlewares/Third_Party/wolfSSL_wolfSSL_wolfSSL/wolfssl/wolfcrypt/src/tfm.c:3664:5:fp_read_unsigned_bin	24	static
../Middlewares/Third_Party/wolfSSL_wolfSSL_wolfSSL/wolfssl/wolfcrypt/src/tfm.c:3874:6:fp_set	16	static
../Middlewares/Third_Party/wolfSSL_wolfSSL_wolfSSL/wolfssl/wolfcrypt/src/tfm.c:3387:5:fp_montgomery_calc_normalization	24	static
../Middlewares/Third_Party/wolfSSL_wolfSSL_wolfSSL/wolfssl/wolfcrypt/src/tfm.c:4084:6:fp_rshd	16	static
../Middlewares/Third_Party/wolfSSL_wolfSSL_wolfSSL/wolfssl/wolfcrypt/src/tfm.c:4032:6:fp_rshb	24	static
../Middlewares/Third_Party/wolfSSL_wolfSSL_wolfSSL/wolfssl/wolfcrypt/src/tfm.c:4156:6:fp_init	0	static
../Middlewares/Third_Party/wolfSSL_wolfSSL_wolfSSL/wolfssl/wolfcrypt/src/tfm.c:4149:5:mp_init	8	static
../Middlewares/Third_Party/wolfSSL_wolfSSL_wolfSSL/wolfssl/wolfcrypt/src/tfm.c:4180:6:fp_clear	0	static
../Middlewares/Third_Party/wolfSSL_wolfSSL_wolfSSL/wolfssl/wolfcrypt/src/tfm.c:4194:6:fp_forcezero	0	static
../Middlewares/Third_Party/wolfSSL_wolfSSL_wolfSSL/wolfssl/wolfcrypt/src/tfm.c:4211:6:mp_forcezero	0	static
../Middlewares/Third_Party/wolfSSL_wolfSSL_wolfSSL/wolfssl/wolfcrypt/src/tfm.c:4216:6:fp_free	0	static
../Middlewares/Third_Party/wolfSSL_wolfSSL_wolfSSL/wolfssl/wolfcrypt/src/tfm.c:4227:6:mp_clear	0	static
../Middlewares/Third_Party/wolfSSL_wolfSSL_wolfSSL/wolfssl/wolfcrypt/src/tfm.c:4234:6:mp_free	0	static
../Middlewares/Third_Party/wolfSSL_wolfSSL_wolfSSL/wolfssl/wolfcrypt/src/tfm.c:4240:5:mp_init_multi	24	static
../Middlewares/Third_Party/wolfSSL_wolfSSL_wolfSSL/wolfssl/wolfcrypt/src/tfm.c:4260:5:mp_add	0	static
../Middlewares/Third_Party/wolfSSL_wolfSSL_wolfSSL/wolfssl/wolfcrypt/src/tfm.c:4266:5:mp_sub	0	static
../Middlewares/Third_Party/wolfSSL_wolfSSL_wolfSSL/wolfssl/wolfcrypt/src/tfm.c:4281:5:mp_mul_d	0	static
../Middlewares/Third_Party/wolfSSL_wolfSSL_wolfSSL/wolfssl/wolfcrypt/src/tfm.c:4318:5:mp_submod_ct	0	static
../Middlewares/Third_Party/wolfSSL_wolfSSL_wolfSSL/wolfssl/wolfcrypt/src/tfm.c:4324:5:mp_addmod_ct	0	static
../Middlewares/Third_Party/wolfSSL_wolfSSL_wolfSSL/wolfssl/wolfcrypt/src/tfm.c:4385:5:mp_cmp	0	static
../Middlewares/Third_Party/wolfSSL_wolfSSL_wolfSSL/wolfssl/wolfcrypt/src/tfm.c:4391:5:mp_cmp_d	0	static
../Middlewares/Third_Party/wolfSSL_wolfSSL_wolfSSL/wolfssl/wolfcrypt/src/tfm.c:4397:5:mp_unsigned_bin_size	0	static
../Middlewares/Third_Party/wolfSSL_wolfSSL_wolfSSL/wolfssl/wolfcrypt/src/tfm.c:4402:5:mp_to_unsigned_bin_at_pos	0	static
../Middlewares/Third_Party/wolfSSL_wolfSSL_wolfSSL/wolfssl/wolfcrypt/src/tfm.c:4413:5:mp_to_unsigned_bin_len	0	static
../Middlewares/Third_Party/wolfSSL_wolfSSL_wolfSSL/wolfssl/wolfcrypt/src/tfm.c:4418:5:mp_read_unsigned_bin	0	static
../Middlewares/Third_Party/wolfSSL_wolfSSL_wolfSSL/wolfssl/wolfcrypt/src/tfm.c:4434:5:mp_2expt	8	static
../Middlewares/Third_Party/wolfSSL_wolfSSL_wolfSSL/wolfssl/wolfcrypt/src/tfm.c:4451:6:fp_copy	16	static
../Middlewares/Third_Party/wolfSSL_wolfSSL_wolfSSL/wolfssl/wolfcrypt/src/tfm.c:451:5:fp_mul_2d	24	static
../Middlewares/Third_Party/wolfSSL_wolfSSL_wolfSSL/wolfssl/wolfcrypt/src/tfm.c:3885:5:fp_set_int	16	static
../Middlewares/Third_Party/wolfSSL_wolfSSL_wolfSSL/wolfssl/wolfcrypt/src/tfm.c:4429:5:mp_mul_2d	0	static
../Middlewares/Third_Party/wolfSSL_wolfSSL_wolfSSL/wolfssl/wolfcrypt/src/tfm.c:539:5:fp_mul_comba	64	static
../Middlewares/Third_Party/wolfSSL_wolfSSL_wolfSSL/wolfssl/wolfcrypt/src/tfm.c:230:5:fp_mul	24	static
../Middlewares/Third_Party/wolfSSL_wolfSSL_wolfSSL/wolfssl/wolfcrypt/src/tfm.c:4275:5:mp_mul	0	static
../Middlewares/Third_Party/wolfSSL_wolfSSL_wolfSSL/wolfssl/wolfcrypt/src/tfm.c:982:6:fp_mod_2d	24	static
../Middlewares/Third_Party/wolfSSL_wolfSSL_wolfSSL/wolfssl/wolfcrypt/src/tfm.c:909:6:fp_div_2d	24	static
../Middlewares/Third_Party/wolfSSL_wolfSSL_wolfSSL/wolfssl/wolfcrypt/src/tfm.c:4445:5:mp_div_2d	8	static
../Middlewares/Third_Party/wolfSSL_wolfSSL_wolfSSL/wolfssl/wolfcrypt/src/tfm.c:3184:5:fp_sqr_comba	64	static
../Middlewares/Third_Party/wolfSSL_wolfSSL_wolfSSL/wolfssl/wolfcrypt/src/tfm.c:3068:5:fp_sqr	16	static
../Middlewares/Third_Party/wolfSSL_wolfSSL_wolfSSL/wolfssl/wolfcrypt/src/tfm.c:4111:5:fp_sub_d	24	static
../Middlewares/Third_Party/wolfSSL_wolfSSL_wolfSSL/wolfssl/wolfcrypt/src/tfm.c:4424:5:mp_sub_d	0	static
../Middlewares/Third_Party/wolfSSL_wolfSSL_wolfSSL/wolfssl/wolfcrypt/src/tfm.c:1424:5:fp_invmod_mont_ct	56	static
../Middlewares/Third_Party/wolfSSL_wolfSSL_wolfSSL/wolfssl/wolfcrypt/src/tfm.c:4350:5:mp_invmod_mont_ct	0	static
../Middlewares/Third_Party/wolfSSL_wolfSSL_wolfSSL/wolfssl/wolfcrypt/src/tfm.c:4721:12:fp_div_d	40	static
../Middlewares/Third_Party/wolfSSL_wolfSSL_wolfSSL/wolfssl/wolfcrypt/src/tfm.c:4488:6:fp_init_copy	16	static
../Middlewares/Third_Party/wolfSSL_wolfSSL_wolfSSL/wolfssl/wolfcrypt/src/tfm.c:619:5:fp_div	88	static
../Middlewares/Third_Party/wolfSSL_wolfSSL_wolfSSL/wolfssl/wolfcrypt/src/tfm.c:950:5:fp_mod	24	static
../Middlewares/Third_Party/wolfSSL_wolfSSL_wolfSSL/wolfssl/wolfcrypt/src/tfm.c:1499:5:fp_mulmod	24	static
../Middlewares/Third_Party/wolfSSL_wolfSSL_wolfSSL/wolfssl/wolfcrypt/src/tfm.c:4290:5:mp_mulmod	0	static
../Middlewares/Third_Party/wolfSSL_wolfSSL_wolfSSL/wolfssl/wolfcrypt/src/tfm.c:1535:5:fp_submod	24	static
../Middlewares/Third_Party/wolfSSL_wolfSSL_wolfSSL/wolfssl/wolfcrypt/src/tfm.c:4306:5:mp_submod	0	static
../Middlewares/Third_Party/wolfSSL_wolfSSL_wolfSSL/wolfssl/wolfcrypt/src/tfm.c:1571:5:fp_addmod	24	static
../Middlewares/Third_Party/wolfSSL_wolfSSL_wolfSSL/wolfssl/wolfcrypt/src/tfm.c:4312:5:mp_addmod	0	static
../Middlewares/Third_Party/wolfSSL_wolfSSL_wolfSSL/wolfssl/wolfcrypt/src/tfm.c:1959:12:_fp_exptmod_ct	56	static
../Middlewares/Third_Party/wolfSSL_wolfSSL_wolfSSL/wolfssl/wolfcrypt/src/tfm.c:2142:12:_fp_exptmod_nct	80	static
../Middlewares/Third_Party/wolfSSL_wolfSSL_wolfSSL/wolfssl/wolfcrypt/src/tfm.c:4333:5:mp_mod	0	static
../Middlewares/Third_Party/wolfSSL_wolfSSL_wolfSSL/wolfssl/wolfcrypt/src/tfm.c:1236:5:fp_invmod	64	static
../Middlewares/Third_Party/wolfSSL_wolfSSL_wolfSSL/wolfssl/wolfcrypt/src/tfm.c:4343:5:mp_invmod	0	static
../Middlewares/Third_Party/wolfSSL_wolfSSL_wolfSSL/wolfssl/wolfcrypt/src/tfm.c:4440:5:mp_div	0	static
../Middlewares/Third_Party/wolfSSL_wolfSSL_wolfSSL/wolfssl/wolfcrypt/src/tfm.c:2805:5:fp_exptmod	72	static
../Middlewares/Third_Party/wolfSSL_wolfSSL_wolfSSL/wolfssl/wolfcrypt/src/tfm.c:4363:5:mp_exptmod	0	static
../Middlewares/Third_Party/wolfSSL_wolfSSL_wolfSSL/wolfssl/wolfcrypt/src/tfm.c:2890:5:fp_exptmod_ex	48	static
../Middlewares/Third_Party/wolfSSL_wolfSSL_wolfSSL/wolfssl/wolfcrypt/src/tfm.c:4369:5:mp_exptmod_ex	0	static
../Middlewares/Third_Party/wolfSSL_wolfSSL_wolfSSL/wolfssl/wolfcrypt/src/tfm.c:2975:5:fp_exptmod_nct	32	static
../Middlewares/Third_Party/wolfSSL_wolfSSL_wolfSSL/wolfssl/wolfcrypt/src/tfm.c:4377:5:mp_exptmod_nct	0	static
../Middlewares/Third_Party/wolfSSL_wolfSSL_wolfSSL/wolfssl/wolfcrypt/src/tfm.c:3795:5:fp_to_unsigned_bin	16	static
../Middlewares/Third_Party/wolfSSL_wolfSSL_wolfSSL/wolfssl/wolfcrypt/src/tfm.c:4408:5:mp_to_unsigned_bin	0	static
../Middlewares/Third_Party/wolfSSL_wolfSSL_wolfSSL/wolfssl/wolfcrypt/src/tfm.c:4482:5:mp_init_copy	8	static
../Middlewares/Third_Party/wolfSSL_wolfSSL_wolfSSL/wolfssl/wolfcrypt/src/tfm.c:4497:5:mp_copy	8	static
../Middlewares/Third_Party/wolfSSL_wolfSSL_wolfSSL/wolfssl/wolfcrypt/src/tfm.c:4503:5:mp_isodd	0	static
../Middlewares/Third_Party/wolfSSL_wolfSSL_wolfSSL/wolfssl/wolfcrypt/src/tfm.c:4508:5:mp_iszero	0	static
../Middlewares/Third_Party/wolfSSL_wolfSSL_wolfSSL/wolfssl/wolfcrypt/src/tfm.c:4513:5:mp_count_bits	0	static
../Middlewares/Third_Party/wolfSSL_wolfSSL_wolfSSL/wolfssl/wolfcrypt/src/tfm.c:4518:5:mp_leading_bit	0	static
../Middlewares/Third_Party/wolfSSL_wolfSSL_wolfSSL/wolfssl/wolfcrypt/src/tfm.c:4523:6:mp_rshb	0	static
../Middlewares/Third_Party/wolfSSL_wolfSSL_wolfSSL/wolfssl/wolfcrypt/src/tfm.c:4528:6:mp_rshd	0	static
../Middlewares/Third_Party/wolfSSL_wolfSSL_wolfSSL/wolfssl/wolfcrypt/src/tfm.c:4533:5:mp_set_int	0	static
../Middlewares/Third_Party/wolfSSL_wolfSSL_wolfSSL/wolfssl/wolfcrypt/src/tfm.c:4538:5:mp_is_bit_set	0	static
../Middlewares/Third_Party/wolfSSL_wolfSSL_wolfSSL/wolfssl/wolfcrypt/src/tfm.c:4543:5:mp_set_bit	0	static
../Middlewares/Third_Party/wolfSSL_wolfSSL_wolfSSL/wolfssl/wolfcrypt/src/tfm.c:4552:5:fp_sqrmod	24	static
../Middlewares/Third_Party/wolfSSL_wolfSSL_wolfSSL/wolfssl/wolfcrypt/src/tfm.c:4589:5:mp_sqrmod	0	static
../Middlewares/Third_Party/wolfSSL_wolfSSL_wolfSSL/wolfssl/wolfcrypt/src/tfm.c:4595:5:mp_montgomery_calc_normalization	0	static
../Middlewares/Third_Party/wolfSSL_wolfSSL_wolfSSL/wolfssl/wolfcrypt/src/tfm.c:4675:5:fp_cnt_lsb	8	static
../Middlewares/Third_Party/wolfSSL_wolfSSL_wolfSSL/wolfssl/wolfcrypt/src/tfm.c:4843:12:fp_prime_miller_rabin_ex	48	static
../Middlewares/Third_Party/wolfSSL_wolfSSL_wolfSSL/wolfssl/wolfcrypt/src/tfm.c:4814:5:mp_mod_d	0	static
../Middlewares/Third_Party/wolfSSL_wolfSSL_wolfSSL/wolfssl/wolfcrypt/src/tfm.c:4830:5:mp_prime_is_prime	64	static
../Middlewares/Third_Party/wolfSSL_wolfSSL_wolfSSL/wolfssl/wolfcrypt/src/tfm.c:5073:5:mp_prime_is_prime_ex	88	static
../Middlewares/Third_Party/wolfSSL_wolfSSL_wolfSSL/wolfssl/wolfcrypt/src/tfm.c:5219:5:mp_cond_swap_ct	48	static
../Middlewares/Third_Party/wolfSSL_wolfSSL_wolfSSL/wolfssl/wolfcrypt/src/tfm.c:5458:5:fp_add_d	24	static
../Middlewares/Third_Party/wolfSSL_wolfSSL_wolfSSL/wolfssl/wolfcrypt/src/tfm.c:5484:5:mp_add_d	0	static
../Middlewares/Third_Party/wolfSSL_wolfSSL_wolfSSL/wolfssl/wolfcrypt/src/tfm.c:5615:5:mp_read_radix	32	static
../Middlewares/Third_Party/wolfSSL_wolfSSL_wolfSSL/wolfssl/wolfcrypt/src/tfm.c:5625:5:mp_sqr	0	static
../Middlewares/Third_Party/wolfSSL_wolfSSL_wolfSSL/wolfssl/wolfcrypt/src/tfm.c:5631:5:mp_montgomery_reduce	0	static
../Middlewares/Third_Party/wolfSSL_wolfSSL_wolfSSL/wolfssl/wolfcrypt/src/tfm.c:5636:5:mp_montgomery_reduce_ex	0	static
../Middlewares/Third_Party/wolfSSL_wolfSSL_wolfSSL/wolfssl/wolfcrypt/src/tfm.c:5643:5:mp_montgomery_setup	0	static
../Middlewares/Third_Party/wolfSSL_wolfSSL_wolfSSL/wolfssl/wolfcrypt/src/tfm.c:5648:5:mp_div_2	8	static
../Middlewares/Third_Party/wolfSSL_wolfSSL_wolfSSL/wolfssl/wolfcrypt/src/tfm.c:5655:5:mp_div_2_mod_ct	0	static
../Middlewares/Third_Party/wolfSSL_wolfSSL_wolfSSL/wolfssl/wolfcrypt/src/tfm.c:5674:5:mp_set	8	static
../Middlewares/Third_Party/wolfSSL_wolfSSL_wolfSSL/wolfssl/wolfcrypt/src/tfm.c:5684:5:mp_radix_size	40	static
../Middlewares/Third_Party/wolfSSL_wolfSSL_wolfSSL/wolfssl/wolfcrypt/src/tfm.c:5769:5:mp_toradix	40	static
../Middlewares/Third_Party/wolfSSL_wolfSSL_wolfSSL/wolfssl/wolfcrypt/src/tfm.c:5877:5:mp_abs	8	static
../Middlewares/Third_Party/wolfSSL_wolfSSL_wolfSSL/wolfssl/wolfcrypt/src/tfm.c:5884:5:mp_lshd	0	static
