../Middlewares/Third_Party/wolfSSL_wolfSSL_wolfSSL/wolfssl/wolfcrypt/src/wc_port.c:390:5:wolfCrypt_Cleanup	0	static
../Middlewares/Third_Party/wolfSSL_wolfSSL_wolfSSL/wolfssl/wolfcrypt/src/wc_port.c:929:16:wc_InitAndAllocMutex	0	static
../Middlewares/Third_Party/wolfSSL_wolfSSL_wolfSSL/wolfssl/wolfcrypt/src/wc_port.c:950:7:wc_strtok	20	static
../Middlewares/Third_Party/wolfSSL_wolfSSL_wolfSSL/wolfssl/wolfcrypt/src/wc_port.c:1003:7:wc_strsep	20	static
../Middlewares/Third_Party/wolfSSL_wolfSSL_wolfSSL/wolfssl/wolfcrypt/src/wc_port.c:1030:8:wc_strlcpy	8	static
../Middlewares/Third_Party/wolfSSL_wolfSSL_wolfSSL/wolfssl/wolfcrypt/src/wc_port.c:1048:8:wc_strlcat	24	static
../Middlewares/Third_Party/wolfSSL_wolfSSL_wolfSSL/wolfssl/wolfcrypt/src/wc_port.c:1116:5:wolfSSL_CryptHwMutexInit	0	static
../Middlewares/Third_Party/wolfSSL_wolfSSL_wolfSSL/wolfssl/wolfcrypt/src/wc_port.c:134:5:wolfCrypt_Init	8	static
../Middlewares/Third_Party/wolfSSL_wolfSSL_wolfSSL/wolfssl/wolfcrypt/src/wc_port.c:1127:5:wolfSSL_CryptHwMutexLock	0	static
../Middlewares/Third_Party/wolfSSL_wolfSSL_wolfSSL/wolfssl/wolfcrypt/src/wc_port.c:1137:5:wolfSSL_CryptHwMutexUnLock	0	static
../Middlewares/Third_Party/wolfSSL_wolfSSL_wolfSSL/wolfssl/wolfcrypt/src/wc_port.c:1161:9:wc_LockMutex_ex	8	static
../Middlewares/Third_Party/wolfSSL_wolfSSL_wolfSSL/wolfssl/wolfcrypt/src/wc_port.c:1178:9:wc_SetMutexCb	0	static
../Middlewares/Third_Party/wolfSSL_wolfSSL_wolfSSL/wolfssl/wolfcrypt/src/wc_port.c:1186:9:wc_InitMutex	0	static
../Middlewares/Third_Party/wolfSSL_wolfSSL_wolfSSL/wolfssl/wolfcrypt/src/wc_port.c:1192:9:wc_FreeMutex	0	static
../Middlewares/Third_Party/wolfSSL_wolfSSL_wolfSSL/wolfssl/wolfcrypt/src/wc_port.c:1199:9:wc_LockMutex	0	static
../Middlewares/Third_Party/wolfSSL_wolfSSL_wolfSSL/wolfssl/wolfcrypt/src/wc_port.c:1206:9:wc_UnLockMutex	0	static
../Middlewares/Third_Party/wolfSSL_wolfSSL_wolfSSL/wolfssl/wolfcrypt/src/wc_port.c:2939:7:mystrnstr	24	static
