../Drivers/STM32F4xx_HAL_Driver/Src/stm32f4xx_hal_rng.c:262:13:HAL_RNG_MspInit	0	static
../Drivers/STM32F4xx_HAL_Driver/Src/stm32f4xx_hal_rng.c:155:19:HAL_RNG_Init	8	static
../Drivers/STM32F4xx_HAL_Driver/Src/stm32f4xx_hal_rng.c:277:13:HAL_RNG_MspDeInit	0	static
../Drivers/STM32F4xx_HAL_Driver/Src/stm32f4xx_hal_rng.c:216:19:HAL_RNG_DeInit	8	static
../Drivers/STM32F4xx_HAL_Driver/Src/stm32f4xx_hal_rng.c:544:19:HAL_RNG_GenerateRandomNumber	24	static
../Drivers/STM32F4xx_HAL_Driver/Src/stm32f4xx_hal_rng.c:602:19:HAL_RNG_GenerateRandomNumber_IT	0	static
../Drivers/STM32F4xx_HAL_Driver/Src/stm32f4xx_hal_rng.c:637:10:HAL_RNG_GetRandomNumber	8	static
../Drivers/STM32F4xx_HAL_Driver/Src/stm32f4xx_hal_rng.c:656:10:HAL_RNG_GetRandomNumber_IT	0	static
../Drivers/STM32F4xx_HAL_Driver/Src/stm32f4xx_hal_rng.c:771:10:HAL_RNG_ReadLastRandomNumber	0	static
../Drivers/STM32F4xx_HAL_Driver/Src/stm32f4xx_hal_rng.c:783:13:HAL_RNG_ReadyDataCallback	0	static
../Drivers/STM32F4xx_HAL_Driver/Src/stm32f4xx_hal_rng.c:799:13:HAL_RNG_ErrorCallback	0	static
../Drivers/STM32F4xx_HAL_Driver/Src/stm32f4xx_hal_rng.c:697:6:HAL_RNG_IRQHandler	8	static
../Drivers/STM32F4xx_HAL_Driver/Src/stm32f4xx_hal_rng.c:833:22:HAL_RNG_GetState	0	static
../Drivers/STM32F4xx_HAL_Driver/Src/stm32f4xx_hal_rng.c:843:10:HAL_RNG_GetError	0	static
