../Core/Src/main.c:133:5:Certificates_Verify	40	static
../Core/Src/main.c:173:5:signature_verify	256	static
../Core/Src/main.c:241:8:CalculateDigest	136	static
../Core/Src/main.c:284:5:DigestCompare	24	static
../Core/Src/main.c:291:5:public_key_Extraction	40	static
../Core/Src/main.c:327:5:compare_long	32	static
../Core/Src/main.c:337:5:Secure_boot_goooooo	9216	static
../Core/Src/main.c:472:5:main	8	static
../Core/Src/main.c:529:6:SystemClock_Config	88	static
../Core/Src/main.c:575:13:MX_ETH_Init	8	static
../Core/Src/main.c:624:13:MX_RNG_Init	8	static
../Core/Src/main.c:650:13:MX_USART3_UART_Init	8	static
../Core/Src/main.c:683:13:MX_USB_OTG_FS_PCD_Init	8	static
../Core/Src/main.c:718:13:MX_GPIO_Init	56	static
../Core/Src/main.c:772:6:Error_Handler	4	static,ignoring_inline_asm
