mqtt.c:184:1:mqtt_ringbuf_put	0	static
mqtt.c:457:6:mqtt_output_append_u16	16	static
mqtt.c:473:1:mqtt_output_append_string	16	static
mqtt.c:313:1:mqtt_append_request	24	static
mqtt.c:356:1:mqtt_take_request	16	static
mqtt.c:201:1:mqtt_ringbuf_advance_get_idx.isra.0	16	static
mqtt.c:494:1:mqtt_output_append_fixed_header.constprop	16	static
mqtt.c:287:1:mqtt_create_request.constprop	12	static
mqtt.c:537:1:mqtt_close	16	static
mqtt.c:1009:1:mqtt_tcp_err_cb	8	static
mqtt.c:514:1:mqtt_output_check_space	0	static
mqtt.c:576:1:mqtt_cyclic_timer	32	static
mqtt.c:234:1:mqtt_output_send	24	static
mqtt.c:1027:1:mqtt_tcp_poll_cb	8	static
mqtt.c:976:1:mqtt_tcp_sent_cb	16	static
mqtt.c:635:1:pub_ack_rec_rel_response	40	static
mqtt.c:1044:1:mqtt_tcp_connect_cb	24	static
mqtt.c:672:1:mqtt_message_received	48	static
mqtt.c:932:1:mqtt_tcp_recv_cb	56	static
mqtt.c:1097:1:mqtt_publish	56	static
mqtt.c:1173:1:mqtt_sub_unsub	56	static
mqtt.c:1238:1:mqtt_set_inpub_callback	24	static
mqtt.c:1254:1:mqtt_client_new	0	static
mqtt.c:1266:1:mqtt_client_free	0	static
mqtt.c:1283:1:mqtt_client_connect	72	static
mqtt.c:1437:1:mqtt_disconnect	8	static
mqtt.c:1456:1:mqtt_client_is_connected	8	static
