stm32f4xx_hal_hash_ex.c:151:19:HAL_HASHEx_SHA224_Start	32	static
stm32f4xx_hal_hash_ex.c:177:19:HAL_HASHEx_SHA224_Accmlt	24	static
stm32f4xx_hal_hash_ex.c:192:19:HAL_HASHEx_SHA224_Accmlt_End	32	static
stm32f4xx_hal_hash_ex.c:209:19:HAL_HASHEx_SHA256_Start	32	static
stm32f4xx_hal_hash_ex.c:235:19:HAL_HASHEx_SHA256_Accmlt	24	static
stm32f4xx_hal_hash_ex.c:250:19:HAL_HASHEx_SHA256_Accmlt_End	32	static
stm32f4xx_hal_hash_ex.c:293:19:HAL_HASHEx_SHA224_Start_IT	32	static
stm32f4xx_hal_hash_ex.c:317:19:HAL_HASHEx_SHA224_Accmlt_IT	24	static
stm32f4xx_hal_hash_ex.c:331:19:HAL_HASHEx_SHA224_Accmlt_End_IT	32	static
stm32f4xx_hal_hash_ex.c:347:19:HAL_HASHEx_SHA256_Start_IT	32	static
stm32f4xx_hal_hash_ex.c:371:19:HAL_HASHEx_SHA256_Accmlt_IT	24	static
stm32f4xx_hal_hash_ex.c:385:19:HAL_HASHEx_SHA256_Accmlt_End_IT	32	static
stm32f4xx_hal_hash_ex.c:437:19:HAL_HASHEx_SHA224_Start_DMA	24	static
stm32f4xx_hal_hash_ex.c:452:19:HAL_HASHEx_SHA224_Finish	24	static
stm32f4xx_hal_hash_ex.c:467:19:HAL_HASHEx_SHA256_Start_DMA	24	static
stm32f4xx_hal_hash_ex.c:482:19:HAL_HASHEx_SHA256_Finish	24	static
stm32f4xx_hal_hash_ex.c:524:19:HAL_HMACEx_SHA224_Start	32	static
stm32f4xx_hal_hash_ex.c:543:19:HAL_HMACEx_SHA256_Start	32	static
stm32f4xx_hal_hash_ex.c:586:19:HAL_HMACEx_SHA224_Start_IT	32	static
stm32f4xx_hal_hash_ex.c:604:19:HAL_HMACEx_SHA256_Start_IT	32	static
stm32f4xx_hal_hash_ex.c:662:19:HAL_HMACEx_SHA224_Start_DMA	24	static
stm32f4xx_hal_hash_ex.c:686:19:HAL_HMACEx_SHA256_Start_DMA	24	static
stm32f4xx_hal_hash_ex.c:762:19:HAL_HMACEx_MD5_Step1_2_DMA	24	static
stm32f4xx_hal_hash_ex.c:783:19:HAL_HMACEx_MD5_Step2_DMA	24	static
stm32f4xx_hal_hash_ex.c:809:19:HAL_HMACEx_MD5_Step2_3_DMA	24	static
stm32f4xx_hal_hash_ex.c:832:19:HAL_HMACEx_SHA1_Step1_2_DMA	24	static
stm32f4xx_hal_hash_ex.c:853:19:HAL_HMACEx_SHA1_Step2_DMA	24	static
stm32f4xx_hal_hash_ex.c:879:19:HAL_HMACEx_SHA1_Step2_3_DMA	24	static
stm32f4xx_hal_hash_ex.c:901:19:HAL_HMACEx_SHA224_Step1_2_DMA	24	static
stm32f4xx_hal_hash_ex.c:922:19:HAL_HMACEx_SHA224_Step2_DMA	24	static
stm32f4xx_hal_hash_ex.c:948:19:HAL_HMACEx_SHA224_Step2_3_DMA	24	static
stm32f4xx_hal_hash_ex.c:970:19:HAL_HMACEx_SHA256_Step1_2_DMA	24	static
stm32f4xx_hal_hash_ex.c:991:19:HAL_HMACEx_SHA256_Step2_DMA	24	static
stm32f4xx_hal_hash_ex.c:1017:19:HAL_HMACEx_SHA256_Step2_3_DMA	24	static
