../Middlewares/Third_Party/wolfSSL_wolfSSL_wolfSSL/wolfssl/wolfcrypt/src/misc.c:370:32:min	16	static
../Middlewares/Third_Party/wolfSSL_wolfSSL_wolfSSL/wolfssl/wolfcrypt/src/misc.c:397:26:c16toa	16	static
../Middlewares/Third_Party/wolfSSL_wolfSSL_wolfSSL/wolfssl/wolfcrypt/src/misc.c:415:26:c24to32	16	static
../Middlewares/Third_Party/wolfSSL_wolfSSL_wolfSSL/wolfssl/wolfcrypt/src/misc.c:428:26:ato16	16	static
../Middlewares/Third_Party/wolfSSL_wolfSSL_wolfSSL/wolfssl/src/tls.c:289:17:MakeTLSv1_3	16	static
../Middlewares/Third_Party/wolfSSL_wolfSSL_wolfSSL/wolfssl/src/tls.c:1252:25:TLSX_ToSemaphore	16	static
../Middlewares/Third_Party/wolfSSL_wolfSSL_wolfSSL/wolfssl/src/tls.c:1291:14:TLSX_New	32	static
../Middlewares/Third_Party/wolfSSL_wolfSSL_wolfSSL/wolfssl/src/tls.c:1311:5:TLSX_Push	32	static
../Middlewares/Third_Party/wolfSSL_wolfSSL_wolfSSL/wolfssl/src/tls.c:1348:12:TLSX_Prepend	40	static
../Middlewares/Third_Party/wolfSSL_wolfSSL_wolfSSL/wolfssl/src/tls.c:1383:5:TLSX_CheckUnsupportedExtension	24	static
../Middlewares/Third_Party/wolfSSL_wolfSSL_wolfSSL/wolfssl/src/tls.c:1395:5:TLSX_HandleUnsupportedExtension	16	static
../Middlewares/Third_Party/wolfSSL_wolfSSL_wolfSSL/wolfssl/src/tls.c:1411:13:TLSX_SetResponse	24	static
../Middlewares/Third_Party/wolfSSL_wolfSSL_wolfSSL/wolfssl/src/tls.c:1861:13:TLSX_SNI_New	40	static
../Middlewares/Third_Party/wolfSSL_wolfSSL_wolfSSL/wolfssl/src/tls.c:1899:13:TLSX_SNI_Free	24	static
../Middlewares/Third_Party/wolfSSL_wolfSSL_wolfSSL/wolfssl/src/tls.c:1914:13:TLSX_SNI_FreeAll	24	static
../Middlewares/Third_Party/wolfSSL_wolfSSL_wolfSSL/wolfssl/src/tls.c:1925:15:TLSX_SNI_GetSize	24	static
../Middlewares/Third_Party/wolfSSL_wolfSSL_wolfSSL/wolfssl/src/tls.c:1946:15:TLSX_SNI_Write	24	static
../Middlewares/Third_Party/wolfSSL_wolfSSL_wolfSSL/wolfssl/src/tls.c:1977:13:TLSX_SNI_Find	24	static
../Middlewares/Third_Party/wolfSSL_wolfSSL_wolfSSL/wolfssl/src/tls.c:1989:13:TLSX_SNI_SetStatus	24	static
../Middlewares/Third_Party/wolfSSL_wolfSSL_wolfSSL/wolfssl/src/tls.c:2000:6:TLSX_SNI_Status	24	static
../Middlewares/Third_Party/wolfSSL_wolfSSL_wolfSSL/wolfssl/src/tls.c:2012:12:TLSX_SNI_Parse	72	static
../Middlewares/Third_Party/wolfSSL_wolfSSL_wolfSSL/wolfssl/src/tls.c:2152:12:TLSX_SNI_VerifyParse	40	static
../Middlewares/Third_Party/wolfSSL_wolfSSL_wolfSSL/wolfssl/src/tls.c:2199:5:TLSX_UseSNI	40	static
../Middlewares/Third_Party/wolfSSL_wolfSSL_wolfSSL/wolfssl/src/tls.c:2247:8:TLSX_SNI_GetRequest	32	static
../Middlewares/Third_Party/wolfSSL_wolfSSL_wolfSSL/wolfssl/src/tls.c:2266:6:TLSX_SNI_SetOptions	24	static
../Middlewares/Third_Party/wolfSSL_wolfSSL_wolfSSL/wolfssl/src/tls.c:2276:5:TLSX_SNI_GetFromBuffer	48	static
../Middlewares/Third_Party/wolfSSL_wolfSSL_wolfSSL/wolfssl/src/tls.c:3827:12:TLSX_SupportedCurve_New	24	static
../Middlewares/Third_Party/wolfSSL_wolfSSL_wolfSSL/wolfssl/src/tls.c:3846:12:TLSX_PointFormat_New	24	static
../Middlewares/Third_Party/wolfSSL_wolfSSL_wolfSSL/wolfssl/src/tls.c:3864:13:TLSX_SupportedCurve_FreeAll	24	static
../Middlewares/Third_Party/wolfSSL_wolfSSL_wolfSSL/wolfssl/src/tls.c:3875:13:TLSX_PointFormat_FreeAll	24	static
../Middlewares/Third_Party/wolfSSL_wolfSSL_wolfSSL/wolfssl/src/tls.c:3886:12:TLSX_SupportedCurve_Append	32	static
../Middlewares/Third_Party/wolfSSL_wolfSSL_wolfSSL/wolfssl/src/tls.c:3908:12:TLSX_PointFormat_Append	32	static
../Middlewares/Third_Party/wolfSSL_wolfSSL_wolfSSL/wolfssl/src/tls.c:3943:13:TLSX_SupportedCurve_ValidateRequest	32	static
../Middlewares/Third_Party/wolfSSL_wolfSSL_wolfSSL/wolfssl/src/tls.c:3972:13:TLSX_PointFormat_ValidateRequest	24	static
../Middlewares/Third_Party/wolfSSL_wolfSSL_wolfSSL/wolfssl/src/tls.c:4001:13:TLSX_PointFormat_ValidateResponse	24	static
../Middlewares/Third_Party/wolfSSL_wolfSSL_wolfSSL/wolfssl/src/tls.c:4026:15:TLSX_SupportedCurve_GetSize	24	static
../Middlewares/Third_Party/wolfSSL_wolfSSL_wolfSSL/wolfssl/src/tls.c:4041:15:TLSX_PointFormat_GetSize	24	static
../Middlewares/Third_Party/wolfSSL_wolfSSL_wolfSSL/wolfssl/src/tls.c:4056:15:TLSX_SupportedCurve_Write	24	static
../Middlewares/Third_Party/wolfSSL_wolfSSL_wolfSSL/wolfssl/src/tls.c:4073:15:TLSX_PointFormat_Write	24	static
../Middlewares/Third_Party/wolfSSL_wolfSSL_wolfSSL/wolfssl/src/tls.c:4090:12:TLSX_SupportedCurve_Parse	40	static
../Middlewares/Third_Party/wolfSSL_wolfSSL_wolfSSL/wolfssl/src/tls.c:4167:5:TLSX_SupportedCurve_CheckPriority	40	static
../Middlewares/Third_Party/wolfSSL_wolfSSL_wolfSSL/wolfssl/src/tls.c:4457:5:TLSX_SupportedCurve_Preferred	24	static
../Middlewares/Third_Party/wolfSSL_wolfSSL_wolfSSL/wolfssl/src/tls.c:4480:12:TLSX_PointFormat_Parse	32	static
../Middlewares/Third_Party/wolfSSL_wolfSSL_wolfSSL/wolfssl/src/tls.c:4846:5:TLSX_UseSupportedCurve	40	static
../Middlewares/Third_Party/wolfSSL_wolfSSL_wolfSSL/wolfssl/src/tls.c:4885:5:TLSX_UsePointFormat	40	static
../Middlewares/Third_Party/wolfSSL_wolfSSL_wolfSSL/wolfssl/src/tls.c:5725:22:versionIsGreater	16	static
../Middlewares/Third_Party/wolfSSL_wolfSSL_wolfSSL/wolfssl/src/tls.c:5738:22:versionIsLesser	16	static
../Middlewares/Third_Party/wolfSSL_wolfSSL_wolfSSL/wolfssl/src/tls.c:5751:22:versionIsAtLeast	16	static
../Middlewares/Third_Party/wolfSSL_wolfSSL_wolfSSL/wolfssl/src/tls.c:5764:22:versionIsLessEqual	16	static
../Middlewares/Third_Party/wolfSSL_wolfSSL_wolfSSL/wolfssl/src/tls.c:5783:12:TLSX_SupportedVersions_GetSize	40	static
../Middlewares/Third_Party/wolfSSL_wolfSSL_wolfSSL/wolfssl/src/tls.c:5866:12:TLSX_SupportedVersions_Write	40	static
../Middlewares/Third_Party/wolfSSL_wolfSSL_wolfSSL/wolfssl/src/tls.c:5979:12:TLSX_SupportedVersions_Parse	56	static
../Middlewares/Third_Party/wolfSSL_wolfSSL_wolfSSL/wolfssl/src/tls.c:6147:12:TLSX_SetSupportedVersions	24	static
../Middlewares/Third_Party/wolfSSL_wolfSSL_wolfSSL/wolfssl/src/tls.c:6369:15:TLSX_SignatureAlgorithms_GetSize	24	static
../Middlewares/Third_Party/wolfSSL_wolfSSL_wolfSSL/wolfssl/src/tls.c:6386:12:TLSX_SignatureAlgorithms_MapPss	32	static
../Middlewares/Third_Party/wolfSSL_wolfSSL_wolfSSL/wolfssl/src/tls.c:6415:15:TLSX_SignatureAlgorithms_Write	24	static
../Middlewares/Third_Party/wolfSSL_wolfSSL_wolfSSL/wolfssl/src/tls.c:6436:12:TLSX_SignatureAlgorithms_Parse	32	static
../Middlewares/Third_Party/wolfSSL_wolfSSL_wolfSSL/wolfssl/src/tls.c:6477:12:TLSX_SetSignatureAlgorithms	24	static
../Middlewares/Third_Party/wolfSSL_wolfSSL_wolfSSL/wolfssl/src/tls.c:6500:15:TLSX_SignatureAlgorithmsCert_GetSize	24	static
../Middlewares/Third_Party/wolfSSL_wolfSSL_wolfSSL/wolfssl/src/tls.c:6513:15:TLSX_SignatureAlgorithmsCert_Write	24	static
../Middlewares/Third_Party/wolfSSL_wolfSSL_wolfSSL/wolfssl/src/tls.c:6531:12:TLSX_SignatureAlgorithmsCert_Parse	32	static
../Middlewares/Third_Party/wolfSSL_wolfSSL_wolfSSL/wolfssl/src/tls.c:6568:12:TLSX_SetSignatureAlgorithmsCert	24	static
../Middlewares/Third_Party/wolfSSL_wolfSSL_wolfSSL/wolfssl/src/tls.c:6595:12:TLSX_KeyShare_GenDhKey	56	static
../Middlewares/Third_Party/wolfSSL_wolfSSL_wolfSSL/wolfssl/src/tls.c:6782:12:TLSX_KeyShare_GenX25519Key	24	static
../Middlewares/Third_Party/wolfSSL_wolfSSL_wolfSSL/wolfssl/src/tls.c:6873:12:TLSX_KeyShare_GenX448Key	24	static
../Middlewares/Third_Party/wolfSSL_wolfSSL_wolfSSL/wolfssl/src/tls.c:6961:12:TLSX_KeyShare_GenEccKey	24	static
../Middlewares/Third_Party/wolfSSL_wolfSSL_wolfSSL/wolfssl/src/tls.c:7299:12:TLSX_KeyShare_GenKey	24	static
../Middlewares/Third_Party/wolfSSL_wolfSSL_wolfSSL/wolfssl/src/tls.c:7326:13:TLSX_KeyShare_FreeAll	40	static
../Middlewares/Third_Party/wolfSSL_wolfSSL_wolfSSL/wolfssl/src/tls.c:7376:15:TLSX_KeyShare_GetSize	24	static
../Middlewares/Third_Party/wolfSSL_wolfSSL_wolfSSL/wolfssl/src/tls.c:7409:15:TLSX_KeyShare_Write	32	static
../Middlewares/Third_Party/wolfSSL_wolfSSL_wolfSSL/wolfssl/src/tls.c:7452:12:TLSX_KeyShare_ProcessDh	96	static
../Middlewares/Third_Party/wolfSSL_wolfSSL_wolfSSL/wolfssl/src/tls.c:7593:12:TLSX_KeyShare_ProcessX25519	24	static
../Middlewares/Third_Party/wolfSSL_wolfSSL_wolfSSL/wolfssl/src/tls.c:7674:12:TLSX_KeyShare_ProcessX448	24	static
../Middlewares/Third_Party/wolfSSL_wolfSSL_wolfSSL/wolfssl/src/tls.c:7754:12:TLSX_KeyShare_ProcessEcc	24	static
../Middlewares/Third_Party/wolfSSL_wolfSSL_wolfSSL/wolfssl/src/tls.c:8062:12:TLSX_KeyShare_Process	24	static
../Middlewares/Third_Party/wolfSSL_wolfSSL_wolfSSL/wolfssl/src/tls.c:8109:12:TLSX_KeyShareEntry_Parse	56	static
../Middlewares/Third_Party/wolfSSL_wolfSSL_wolfSSL/wolfssl/src/tls.c:8166:12:TLSX_KeyShare_Find	24	static
../Middlewares/Third_Party/wolfSSL_wolfSSL_wolfSSL/wolfssl/src/tls.c:8195:12:TLSX_SupportedGroups_Find	24	static
../Middlewares/Third_Party/wolfSSL_wolfSSL_wolfSSL/wolfssl/src/tls.c:8231:12:TLSX_KeyShare_Parse	56	static
../Middlewares/Third_Party/wolfSSL_wolfSSL_wolfSSL/wolfssl/src/tls.c:8367:12:TLSX_KeyShare_New	32	static
../Middlewares/Third_Party/wolfSSL_wolfSSL_wolfSSL/wolfssl/src/tls.c:8566:5:TLSX_KeyShare_Use	40	static
../Middlewares/Third_Party/wolfSSL_wolfSSL_wolfSSL/wolfssl/src/tls.c:8639:5:TLSX_KeyShare_Empty	24	static
../Middlewares/Third_Party/wolfSSL_wolfSSL_wolfSSL/wolfssl/src/tls.c:8663:12:TLSX_KeyShare_IsSupported	16	static
../Middlewares/Third_Party/wolfSSL_wolfSSL_wolfSSL/wolfssl/src/tls.c:8817:12:TLSX_KeyShare_GroupRank	24	static
../Middlewares/Third_Party/wolfSSL_wolfSSL_wolfSSL/wolfssl/src/tls.c:8917:12:TLSX_KeyShare_SetSupported	56	static
../Middlewares/Third_Party/wolfSSL_wolfSSL_wolfSSL/wolfssl/src/tls.c:8991:5:TLSX_KeyShare_Establish	48	static
../Middlewares/Third_Party/wolfSSL_wolfSSL_wolfSSL/wolfssl/src/tls.c:9125:5:TLSX_KeyShare_DeriveSecret	32	static
../Middlewares/Third_Party/wolfSSL_wolfSSL_wolfSSL/wolfssl/src/tls.c:10190:7:TLSX_Find	24	static
../Middlewares/Third_Party/wolfSSL_wolfSSL_wolfSSL/wolfssl/src/tls.c:10201:6:TLSX_Remove	32	static
../Middlewares/Third_Party/wolfSSL_wolfSSL_wolfSSL/wolfssl/src/tls.c:10219:6:TLSX_FreeAll	24	static
../Middlewares/Third_Party/wolfSSL_wolfSSL_wolfSSL/wolfssl/src/tls.c:10352:5:TLSX_SupportExtensions	16	static
../Middlewares/Third_Party/wolfSSL_wolfSSL_wolfSSL/wolfssl/src/tls.c:10357:12:TLSX_GetSize	48	static
../Middlewares/Third_Party/wolfSSL_wolfSSL_wolfSSL/wolfssl/src/tls.c:10524:12:TLSX_Write	48	static
../Middlewares/Third_Party/wolfSSL_wolfSSL_wolfSSL/wolfssl/src/tls.c:10732:12:TLSX_PopulateSupportedGroups	24	static
../Middlewares/Third_Party/wolfSSL_wolfSSL_wolfSSL/wolfssl/src/tls.c:11004:5:TLSX_PopulateExtensions	64	static
../Middlewares/Third_Party/wolfSSL_wolfSSL_wolfSSL/wolfssl/src/tls.c:11373:5:TLSX_GetRequestSize	48	static
../Middlewares/Third_Party/wolfSSL_wolfSSL_wolfSSL/wolfssl/src/tls.c:11463:5:TLSX_WriteRequest	56	static
../Middlewares/Third_Party/wolfSSL_wolfSSL_wolfSSL/wolfssl/src/tls.c:11584:5:TLSX_GetResponseSize	48	static
../Middlewares/Third_Party/wolfSSL_wolfSSL_wolfSSL/wolfssl/src/tls.c:11716:5:TLSX_WriteResponse	56	static
../Middlewares/Third_Party/wolfSSL_wolfSSL_wolfSSL/wolfssl/src/tls.c:11870:5:TLSX_ParseVersion	40	static
../Middlewares/Third_Party/wolfSSL_wolfSSL_wolfSSL/wolfssl/src/tls.c:11914:5:TLSX_Parse	64	static
../Middlewares/Third_Party/wolfSSL_wolfSSL_wolfSSL/wolfssl/src/tls.c:12507:21:wolfTLS_client_method	8	static
../Middlewares/Third_Party/wolfSSL_wolfSSL_wolfSSL/wolfssl/src/tls.c:12511:21:wolfTLS_client_method_ex	24	static
../Middlewares/Third_Party/wolfSSL_wolfSSL_wolfSSL/wolfssl/src/tls.c:12598:21:wolfTLSv1_3_client_method	8	static
../Middlewares/Third_Party/wolfSSL_wolfSSL_wolfSSL/wolfssl/src/tls.c:12608:21:wolfTLSv1_3_client_method_ex	24	static
../Middlewares/Third_Party/wolfSSL_wolfSSL_wolfSSL/wolfssl/src/tls.c:12775:21:wolfTLSv1_3_method	8	static
../Middlewares/Third_Party/wolfSSL_wolfSSL_wolfSSL/wolfssl/src/tls.c:12779:21:wolfTLSv1_3_method_ex	24	static
../Middlewares/Third_Party/wolfSSL_wolfSSL_wolfSSL/wolfssl/src/tls.c:12861:21:wolfTLS_server_method	8	static
../Middlewares/Third_Party/wolfSSL_wolfSSL_wolfSSL/wolfssl/src/tls.c:12866:21:wolfTLS_server_method_ex	24	static
../Middlewares/Third_Party/wolfSSL_wolfSSL_wolfSSL/wolfssl/src/tls.c:12960:21:wolfTLSv1_3_server_method	8	static
../Middlewares/Third_Party/wolfSSL_wolfSSL_wolfSSL/wolfssl/src/tls.c:12970:21:wolfTLSv1_3_server_method_ex	24	static
