../Drivers/CMSIS/Include/core_cm4.h:1939:34:__NVIC_SystemReset	4	static,ignoring_inline_asm
../Core/Src/main.c:26:6:bootloader_set_boot_bank	16	static
../Core/Src/main.c:59:6:bootloader_switch_to_inactive_bank	16	static
../Core/Src/main.c:75:6:bootloader_reboot	8	static
../Core/Src/main.c:99:17:GetSector	24	static
../Core/Src/main.c:228:9:Flash_Memory_Write	56	static
../Core/Src/main.c:294:6:HAL_UART_RxCpltCallback	16	static
../Core/Src/main.c:299:6:HAL_UART_TxCpltCallback	16	static
../Core/Src/main.c:310:5:main	16	static
../Core/Src/main.c:361:6:SystemClock_Config	88	static
../Core/Src/main.c:406:6:Error_Handler	4	static,ignoring_inline_asm
