stm32f4xx_hal_hash.c:328:19:HAL_HASH_Init	16	static
stm32f4xx_hal_hash.c:408:19:HAL_HASH_DeInit	16	static
stm32f4xx_hal_hash.c:464:13:HAL_HASH_MspInit	16	static
stm32f4xx_hal_hash.c:479:13:HAL_HASH_MspDeInit	16	static
stm32f4xx_hal_hash.c:500:13:HAL_HASH_InCpltCallback	16	static
stm32f4xx_hal_hash.c:517:13:HAL_HASH_DgstCpltCallback	16	static
stm32f4xx_hal_hash.c:534:13:HAL_HASH_ErrorCallback	16	static
stm32f4xx_hal_hash.c:769:19:HAL_HASH_MD5_Start	32	static
stm32f4xx_hal_hash.c:795:19:HAL_HASH_MD5_Accmlt	24	static
stm32f4xx_hal_hash.c:810:19:HAL_HASH_MD5_Accmlt_End	32	static
stm32f4xx_hal_hash.c:827:19:HAL_HASH_SHA1_Start	32	static
stm32f4xx_hal_hash.c:853:19:HAL_HASH_SHA1_Accmlt	24	static
stm32f4xx_hal_hash.c:868:19:HAL_HASH_SHA1_Accmlt_End	32	static
stm32f4xx_hal_hash.c:916:19:HAL_HASH_MD5_Start_IT	32	static
stm32f4xx_hal_hash.c:940:19:HAL_HASH_MD5_Accmlt_IT	24	static
stm32f4xx_hal_hash.c:954:19:HAL_HASH_MD5_Accmlt_End_IT	32	static
stm32f4xx_hal_hash.c:970:19:HAL_HASH_SHA1_Start_IT	32	static
stm32f4xx_hal_hash.c:995:19:HAL_HASH_SHA1_Accmlt_IT	24	static
stm32f4xx_hal_hash.c:1009:19:HAL_HASH_SHA1_Accmlt_End_IT	32	static
stm32f4xx_hal_hash.c:1024:6:HAL_HASH_IRQHandler	16	static
stm32f4xx_hal_hash.c:1082:19:HAL_HASH_MD5_Start_DMA	24	static
stm32f4xx_hal_hash.c:1097:19:HAL_HASH_MD5_Finish	24	static
stm32f4xx_hal_hash.c:1112:19:HAL_HASH_SHA1_Start_DMA	24	static
stm32f4xx_hal_hash.c:1128:19:HAL_HASH_SHA1_Finish	24	static
stm32f4xx_hal_hash.c:1169:19:HAL_HMAC_MD5_Start	32	static
stm32f4xx_hal_hash.c:1188:19:HAL_HMAC_SHA1_Start	32	static
stm32f4xx_hal_hash.c:1230:19:HAL_HMAC_MD5_Start_IT	32	static
stm32f4xx_hal_hash.c:1248:19:HAL_HMAC_SHA1_Start_IT	32	static
stm32f4xx_hal_hash.c:1302:19:HAL_HMAC_MD5_Start_DMA	24	static
stm32f4xx_hal_hash.c:1327:19:HAL_HMAC_SHA1_Start_DMA	24	static
stm32f4xx_hal_hash.c:1374:23:HAL_HASH_GetState	16	static
stm32f4xx_hal_hash.c:1387:19:HAL_HASH_GetStatus	16	static
stm32f4xx_hal_hash.c:1405:6:HAL_HASH_ContextSaving	32	static
stm32f4xx_hal_hash.c:1451:6:HAL_HASH_ContextRestoring	32	static
stm32f4xx_hal_hash.c:1494:6:HAL_HASH_SwFeed_ProcessSuspend	16	static
stm32f4xx_hal_hash.c:1509:19:HAL_HASH_DMAFeed_ProcessSuspend	32	static
stm32f4xx_hal_hash.c:1630:10:HAL_HASH_GetError	16	static
stm32f4xx_hal_hash.c:1655:13:HASH_DMAXferCplt	32	static
stm32f4xx_hal_hash.c:1801:13:HASH_DMAError	24	static
stm32f4xx_hal_hash.c:1835:26:HASH_WriteData	32	static
stm32f4xx_hal_hash.c:1899:13:HASH_GetDigest	120	static
stm32f4xx_hal_hash.c:1977:26:HASH_WaitOnFlagUntilTimeout	32	static
stm32f4xx_hal_hash.c:2040:26:HASH_IT	16	static
stm32f4xx_hal_hash.c:2181:17:HASH_Write_Block_Data	32	static
stm32f4xx_hal_hash.c:2286:26:HMAC_Processing	16	static
stm32f4xx_hal_hash.c:2454:19:HASH_Start	40	static
stm32f4xx_hal_hash.c:2591:19:HASH_Accumulate	40	static
stm32f4xx_hal_hash.c:2694:19:HASH_Accumulate_IT	40	static
stm32f4xx_hal_hash.c:2816:19:HASH_Start_IT	48	static
stm32f4xx_hal_hash.c:2974:19:HASH_Start_DMA	40	static
stm32f4xx_hal_hash.c:3090:19:HASH_Finish	24	static
stm32f4xx_hal_hash.c:3151:19:HMAC_Start	32	static
stm32f4xx_hal_hash.c:3229:19:HMAC_Start_IT	32	static
stm32f4xx_hal_hash.c:3340:19:HMAC_Start_DMA	40	static
